Component: ARM Compiler 6.16 Tool: armlink [5dfeaa00]

==============================================================================

Section Cross References

    main.o(.text.HAL_GetTick) refers to rtx_kernel.o(.text.osKernelGetState) for osKernelGetState
    main.o(.text.HAL_GetTick) refers to rtx_kernel.o(.text.osKernelGetTickCount) for osKernelGetTickCount
    main.o(.text.HAL_GetTick) refers to system_stm32f4xx.o(.data.SystemCoreClock) for SystemCoreClock
    main.o(.text.HAL_GetTick) refers to main.o(.bss.HAL_GetTick.ticks) for HAL_GetTick.ticks
    main.o(.ARM.exidx.text.HAL_GetTick) refers to main.o(.text.HAL_GetTick) for [Anonymous Symbol]
    main.o(.text.main) refers to stm32f4xx_hal.o(.text.HAL_Init) for HAL_Init
    main.o(.text.main) refers to main.o(.text.SystemClock_Config) for SystemClock_Config
    main.o(.text.main) refers to system_stm32f4xx.o(.text.SystemCoreClockUpdate) for SystemCoreClockUpdate
    main.o(.text.main) refers to lcd.o(.text.Init_LCD) for Init_LCD
    main.o(.text.main) refers to principal.o(.text.Init_principal) for Init_principal
    main.o(.text.main) refers to pwm.o(.text.Init_pwm) for Init_pwm
    main.o(.text.main) refers to joystick.o(.text.Init_Thjoy) for Init_Thjoy
    main.o(.text.main) refers to clock.o(.text.Init_Clock) for Init_Clock
    main.o(.text.main) refers to temperatura.o(.text.Init_Thtemperatura) for Init_Thtemperatura
    main.o(.text.main) refers to rgb.o(.text.Init_ThRGB) for Init_ThRGB
    main.o(.text.main) refers to pot.o(.text.Init_Thpot) for Init_Thpot
    main.o(.text.main) refers to com.o(.text.Init_Thcom) for Init_Thcom
    main.o(.text.main) refers to rtx_kernel.o(.text.osKernelInitialize) for osKernelInitialize
    main.o(.text.main) refers to rtx_kernel.o(.text.osKernelStart) for osKernelStart
    main.o(.ARM.exidx.text.main) refers to main.o(.text.main) for [Anonymous Symbol]
    main.o(.text.SystemClock_Config) refers to stm32f4xx_hal_rcc.o(.text.HAL_RCC_OscConfig) for HAL_RCC_OscConfig
    main.o(.text.SystemClock_Config) refers to stm32f4xx_hal_rcc.o(.text.HAL_RCC_ClockConfig) for HAL_RCC_ClockConfig
    main.o(.text.SystemClock_Config) refers to stm32f4xx_hal.o(.text.HAL_GetREVID) for HAL_GetREVID
    main.o(.ARM.exidx.text.SystemClock_Config) refers to main.o(.text.SystemClock_Config) for [Anonymous Symbol]
    stm32f4xx_it.o(.ARM.exidx.text.NMI_Handler) refers to stm32f4xx_it.o(.text.NMI_Handler) for [Anonymous Symbol]
    stm32f4xx_it.o(.ARM.exidx.text.HardFault_Handler) refers to stm32f4xx_it.o(.text.HardFault_Handler) for [Anonymous Symbol]
    stm32f4xx_it.o(.ARM.exidx.text.MemManage_Handler) refers to stm32f4xx_it.o(.text.MemManage_Handler) for [Anonymous Symbol]
    stm32f4xx_it.o(.ARM.exidx.text.BusFault_Handler) refers to stm32f4xx_it.o(.text.BusFault_Handler) for [Anonymous Symbol]
    stm32f4xx_it.o(.ARM.exidx.text.UsageFault_Handler) refers to stm32f4xx_it.o(.text.UsageFault_Handler) for [Anonymous Symbol]
    stm32f4xx_it.o(.ARM.exidx.text.DebugMon_Handler) refers to stm32f4xx_it.o(.text.DebugMon_Handler) for [Anonymous Symbol]
    principal.o(.text) refers (Special) to _printf_d.o(.ARM.Collect$$_printf_percent$$00000009) for _printf_d
    principal.o(.text) refers (Special) to _printf_f.o(.ARM.Collect$$_printf_percent$$00000003) for _printf_f
    principal.o(.text) refers (Special) to printf1.o(x$fpl$printf1) for _printf_fp_dec
    principal.o(.text) refers (Special) to _printf_dec.o(.text) for _printf_int_dec
    principal.o(.text) refers (Special) to _printf_percent.o(.ARM.Collect$$_printf_percent$$00000000) for _printf_percent
    principal.o(.text) refers (Special) to _scanf_int.o(.text) for _scanf_int
    principal.o(.text) refers (Special) to scanf1.o(x$fpl$scanf1) for _scanf_real
    principal.o(.text.Init_principal) refers (Special) to _printf_d.o(.ARM.Collect$$_printf_percent$$00000009) for _printf_d
    principal.o(.text.Init_principal) refers (Special) to _printf_f.o(.ARM.Collect$$_printf_percent$$00000003) for _printf_f
    principal.o(.text.Init_principal) refers (Special) to printf1.o(x$fpl$printf1) for _printf_fp_dec
    principal.o(.text.Init_principal) refers (Special) to _printf_dec.o(.text) for _printf_int_dec
    principal.o(.text.Init_principal) refers (Special) to _printf_percent.o(.ARM.Collect$$_printf_percent$$00000000) for _printf_percent
    principal.o(.text.Init_principal) refers (Special) to _scanf_int.o(.text) for _scanf_int
    principal.o(.text.Init_principal) refers (Special) to scanf1.o(x$fpl$scanf1) for _scanf_real
    principal.o(.text.Init_principal) refers to principal.o(.text.Init_MsgQueue) for Init_MsgQueue
    principal.o(.text.Init_principal) refers to principal.o(.text.principal) for principal
    principal.o(.text.Init_principal) refers to rtx_thread.o(.text.osThreadNew) for osThreadNew
    principal.o(.text.Init_principal) refers to principal.o(.bss.tid_principal) for tid_principal
[...]
    _dgr                                     0x0800afc5   Thumb Code    14  dcmp.o(x$fpl$fcmp)
    __aeabi_dcmpge                           0x0800afd3   Thumb Code     0  dcmp.o(x$fpl$fcmp)
    _dgeq                                    0x0800afd3   Thumb Code    14  dcmp.o(x$fpl$fcmp)
    __aeabi_dcmple                           0x0800afe1   Thumb Code     0  dcmp.o(x$fpl$fcmp)
    _dleq                                    0x0800afe1   Thumb Code    14  dcmp.o(x$fpl$fcmp)
    __aeabi_dcmplt                           0x0800afef   Thumb Code     0  dcmp.o(x$fpl$fcmp)
    _dls                                     0x0800afef   Thumb Code    14  dcmp.o(x$fpl$fcmp)
    __aeabi_f2iz                             0x0800affd   Thumb Code     0  ffix.o(x$fpl$ffix)
    _ffix                                    0x0800affd   Thumb Code    54  ffix.o(x$fpl$ffix)
    __aeabi_i2f                              0x0800b035   Thumb Code     0  fflt_clz.o(x$fpl$fflt)
    _fflt                                    0x0800b035   Thumb Code    48  fflt_clz.o(x$fpl$fflt)
    __aeabi_ui2f                             0x0800b065   Thumb Code     0  fflt_clz.o(x$fpl$ffltu)
    _ffltu                                   0x0800b065   Thumb Code    38  fflt_clz.o(x$fpl$ffltu)
    __aeabi_fmul                             0x0800b08d   Thumb Code     0  fmul.o(x$fpl$fmul)
    _fmul                                    0x0800b08d   Thumb Code   258  fmul.o(x$fpl$fmul)
    __fpl_fnaninf                            0x0800b18f   Thumb Code   140  fnaninf.o(x$fpl$fnaninf)
    __fpl_fretinf                            0x0800b21b   Thumb Code    10  fretinf.o(x$fpl$fretinf)
    __aeabi_fsub                             0x0800b225   Thumb Code     0  faddsub_clz.o(x$fpl$fsub)
    _fsub                                    0x0800b225   Thumb Code   234  faddsub_clz.o(x$fpl$fsub)
    __ieee_status                            0x0800b30f   Thumb Code     6  istatus.o(x$fpl$ieeestatus)
    _printf_fp_dec                           0x0800b315   Thumb Code     4  printf1.o(x$fpl$printf1)
    __fpl_return_NaN                         0x0800b319   Thumb Code   100  retnan.o(x$fpl$retnan)
    __ARM_scalbn                             0x0800b37d   Thumb Code    92  scalbn.o(x$fpl$scalbn)
    _scanf_real                              0x0800b3d9   Thumb Code     4  scanf1.o(x$fpl$scanf1)
    _scanf_hex_real                          0x0800b3dd   Thumb Code     4  scanf2.o(x$fpl$scanf2)
    _scanf_infnan                            0x0800b3e1   Thumb Code     4  scanf2.o(x$fpl$scanf2)
    __fpl_cmpreturn                          0x0800b3e5   Thumb Code    48  trapv.o(x$fpl$trapveneer)
    __I$use$fp                               0x0800b414   Number         0  usenofp.o(x$fpl$usenofp)
    osRtxConfig                              0x0800b4bc   Data         112  rtx_lib.o(.rodata)
    os_cb_sections                           0x0800b52c   Data          56  rtx_lib.o(.rodata)
    AHBPrescTable                            0x0800b564   Data          16  system_stm32f4xx.o(.rodata.AHBPrescTable)
    APBPrescTable                            0x0800b574   Data           8  system_stm32f4xx.o(.rodata.APBPrescTable)
    Arial12x12                               0x0800b57c   Data        2400  lcd.o(.rodata.Arial12x12)
    Driver_I2C1                              0x0800bedc   Data          48  i2c_stm32f4xx.o(.rodata.Driver_I2C1)
    Driver_SPI1                              0x0800bf0c   Data          44  spi_stm32f4xx.o(.rodata.Driver_SPI1)
    Driver_USART3                            0x0800bf38   Data          56  usart_stm32f4xx.o(.rodata.Driver_USART3)
    osRtxUserSVC                             0x0800bfbc   Data           4  rtx_lib.o(.rodata.osRtxUserSVC)
    Region$$Table$$Base                      0x0800c04c   Number         0  anon$$obj.o(Region$$Table)
    Region$$Table$$Limit                     0x0800c06c   Number         0  anon$$obj.o(Region$$Table)
    __aeabi_HUGE_VAL                         0x0800c06c   Data           0  fpconst.o(c$$dinf)
    __aeabi_HUGE_VALL                        0x0800c06c   Data           0  fpconst.o(c$$dinf)
    __aeabi_INFINITY                         0x0800c06c   Data           0  fpconst.o(c$$dinf)
    __dInf                                   0x0800c06c   Data           0  fpconst.o(c$$dinf)
    __huge_val                               0x0800c06c   Data           0  fpconst.o(c$$dinf)
    __dbl_max                                0x0800c074   Data           0  fpconst.o(c$$dmax)
    __ctype                                  0x0800c0a5   Data           0  lc_ctype_c.o(locale$$data)
    SystemCoreClock                          0x20000000   Data           4  system_stm32f4xx.o(.data.SystemCoreClock)
    osRtxInfo                                0x20000004   Data         164  rtx_kernel.o(.data.os)
    uwTickFreq                               0x200000b8   Data           1  stm32f4xx_hal.o(.data.uwTickFreq)
    uwTickPrio                               0x200000bc   Data           4  stm32f4xx_hal.o(.data.uwTickPrio)
    __libspace_start                         0x200000c8   Data          96  libspace.o(.bss)
    __temporary_stack_top$libspace           0x20000128   Data           0  libspace.o(.bss)
    horas                                    0x2000048c   Data           1  clock.o(.bss.horas)
    id_clock                                 0x20000510   Data           4  clock.o(.bss.id_clock)
    iteHora                                  0x20000517   Data           1  com.o(.bss.iteHora)
    iteTemp                                  0x20000518   Data           1  com.o(.bss.iteTemp)
    mid_MsgQueueJOY                          0x20000720   Data           4  principal.o(.bss.mid_MsgQueueJOY)
    mid_MsgQueueLCD                          0x20000724   Data           4  principal.o(.bss.mid_MsgQueueLCD)
    mid_MsgQueueLeds                         0x20000728   Data           4  principal.o(.bss.mid_MsgQueueLeds)
    mid_MsgQueuePCRX                         0x2000072c   Data           4  principal.o(.bss.mid_MsgQueuePCRX)
    mid_MsgQueuePCTX                         0x20000730   Data           4  principal.o(.bss.mid_MsgQueuePCTX)
    mid_MsgQueuePOT                          0x20000734   Data           4  principal.o(.bss.mid_MsgQueuePOT)
    mid_MsgQueuePWM                          0x20000738   Data           4  principal.o(.bss.mid_MsgQueuePWM)
    mid_MsgQueueTEM                          0x2000073c   Data           4  principal.o(.bss.mid_MsgQueueTEM)
    minutos                                  0x20000744   Data           1  clock.o(.bss.minutos)
    modos                                    0x20000746   Data           1  principal.o(.bss.modos)
    .bss.os.msgqueue.cb$$Base                0x2000b08c   Number         0  rtx_lib.o(.bss.os.msgqueue.cb)
    .bss.os.msgqueue.cb$$Limit               0x2000b0c0   Number         0  rtx_lib.o(.bss.os.msgqueue.cb)
    .bss.os.thread.cb$$Base                  0x2000b110   Number         0  rtx_lib.o(.bss.os.thread.cb)
    .bss.os.thread.cb$$Limit                 0x2000b198   Number         0  rtx_lib.o(.bss.os.thread.cb)
    segundos                                 0x2000b5f0   Data           1  clock.o(.bss.segundos)
    tid_Th_RGB                               0x2000b614   Data           4  rgb.o(.bss.tid_Th_RGB)
    tid_ThcomTX                              0x2000b61c   Data           4  com.o(.bss.tid_ThcomTX)
    tid_Thjoy                                0x2000b620   Data           4  joystick.o(.bss.tid_Thjoy)
    tid_Thtemperatura                        0x2000b628   Data           4  temperatura.o(.bss.tid_Thtemperatura)
    tid_lcd                                  0x2000b630   Data           4  lcd.o(.bss.tid_lcd)
    tid_principal                            0x2000b634   Data           4  principal.o(.bss.tid_principal)
    tid_pwm                                  0x2000b638   Data           4  pwm.o(.bss.tid_pwm)
    tim_medida                               0x2000b644   Data           4  temperatura.o(.bss.tim_medida)
    tim_pot                                  0x2000b648   Data           4  pot.o(.bss.tim_pot)



==============================================================================

Memory Map of the image

  Image Entry point : 0x080001ad

  Load Region LR_IROM1 (Base: 0x08000000, Size: 0x0000c270, Max: 0x00200000, ABSOLUTE)

    Execution Region ER_IROM1 (Exec base: 0x08000000, Load base: 0x08000000, Size: 0x0000c1a8, Max: 0x00200000, ABSOLUTE)

    Exec Addr    Load Addr    Size         Type   Attr      Idx    E Section Name        Object

    0x08000000   0x08000000   0x000001ac   Data   RO         1767    RESET               startup_stm32f429xx.o
    0x080001ac   0x080001ac   0x00000008   Code   RO         2306  * !!!main             c_w.l(__main.o)
    0x080001b4   0x080001b4   0x00000034   Code   RO         2703    !!!scatter          c_w.l(__scatter.o)
    0x080001e8   0x080001e8   0x0000001a   Code   RO         2705    !!handler_copy      c_w.l(__scatter_copy.o)
    0x08000202   0x08000202   0x00000002   PAD
    0x08000204   0x08000204   0x0000001c   Code   RO         2707    !!handler_zi        c_w.l(__scatter_zi.o)
    0x08000220   0x08000220   0x00000000   Code   RO         2293    .ARM.Collect$$_printf_percent$$00000000  c_w.l(_printf_percent.o)
    0x08000220   0x08000220   0x00000006   Code   RO         2292    .ARM.Collect$$_printf_percent$$00000003  c_w.l(_printf_f.o)
    0x08000226   0x08000226   0x00000006   Code   RO         2291    .ARM.Collect$$_printf_percent$$00000009  c_w.l(_printf_d.o)
    0x0800022c   0x0800022c   0x00000004   Code   RO         2369    .ARM.Collect$$_printf_percent$$00000017  c_w.l(_printf_percent_end.o)
    0x08000230   0x08000230   0x00000002   Code   RO         2527    .ARM.Collect$$libinit$$00000000  c_w.l(libinit.o)
    0x08000232   0x08000232   0x00000000   Code   RO         2529    .ARM.Collect$$libinit$$00000002  c_w.l(libinit2.o)
    0x08000232   0x08000232   0x00000000   Code   RO         2531    .ARM.Collect$$libinit$$00000004  c_w.l(libinit2.o)
    0x08000232   0x08000232   0x00000000   Code   RO         2534    .ARM.Collect$$libinit$$0000000A  c_w.l(libinit2.o)
    0x08000232   0x08000232   0x00000000   Code   RO         2536    .ARM.Collect$$libinit$$0000000C  c_w.l(libinit2.o)
    0x08000232   0x08000232   0x00000000   Code   RO         2538    .ARM.Collect$$libinit$$0000000E  c_w.l(libinit2.o)
    0x08000232   0x08000232   0x00000006   Code   RO         2539    .ARM.Collect$$libinit$$0000000F  c_w.l(libinit2.o)
    0x08000238   0x08000238   0x00000000   Code   RO         2541    .ARM.Collect$$libinit$$00000011  c_w.l(libinit2.o)
    0x08000238   0x08000238   0x0000000c   Code   RO         2542    .ARM.Collect$$libinit$$00000012  c_w.l(libinit2.o)
    0x08000244   0x08000244   0x00000000   Code   RO         2543    .ARM.Collect$$libinit$$00000013  c_w.l(libinit2.o)
    0x08000244   0x08000244   0x00000000   Code   RO         2545    .ARM.Collect$$libinit$$00000015  c_w.l(libinit2.o)
    0x08000244   0x08000244   0x0000000a   Code   RO         2546    .ARM.Collect$$libinit$$00000016  c_w.l(libinit2.o)
    0x0800024e   0x0800024e   0x00000000   Code   RO         2547    .ARM.Collect$$libinit$$00000017  c_w.l(libinit2.o)
    0x0800024e   0x0800024e   0x00000000   Code   RO         2549    .ARM.Collect$$libinit$$00000019  c_w.l(libinit2.o)
    0x0800024e   0x0800024e   0x00000000   Code   RO         2551    .ARM.Collect$$libinit$$0000001B  c_w.l(libinit2.o)
    0x0800024e   0x0800024e   0x00000000   Code   RO         2553    .ARM.Collect$$libinit$$0000001D  c_w.l(libinit2.o)
    0x0800024e   0x0800024e   0x00000000   Code   RO         2555    .ARM.Collect$$libinit$$0000001F  c_w.l(libinit2.o)
    0x0800024e   0x0800024e   0x00000000   Code   RO         2557    .ARM.Collect$$libinit$$00000021  c_w.l(libinit2.o)
    0x0800024e   0x0800024e   0x00000000   Code   RO         2559    .ARM.Collect$$libinit$$00000023  c_w.l(libinit2.o)
    0x0800024e   0x0800024e   0x00000000   Code   RO         2561    .ARM.Collect$$libinit$$00000025  c_w.l(libinit2.o)
    0x0800024e   0x0800024e   0x00000000   Code   RO         2565    .ARM.Collect$$libinit$$0000002C  c_w.l(libinit2.o)
    0x0800024e   0x0800024e   0x00000000   Code   RO         2567    .ARM.Collect$$libinit$$0000002E  c_w.l(libinit2.o)
    0x0800024e   0x0800024e   0x00000000   Code   RO         2569    .ARM.Collect$$libinit$$00000030  c_w.l(libinit2.o)
    0x0800024e   0x0800024e   0x00000000   Code   RO         2571    .ARM.Collect$$libinit$$00000032  c_w.l(libinit2.o)
    0x0800024e   0x0800024e   0x00000002   Code   RO         2572    .ARM.Collect$$libinit$$00000033  c_w.l(libinit2.o)
    0x08000250   0x08000250   0x00000002   Code   RO         2660    .ARM.Collect$$libshutdown$$00000000  c_w.l(libshutdown.o)
    0x08000252   0x08000252   0x00000000   Code   RO         2684    .ARM.Collect$$libshutdown$$00000002  c_w.l(libshutdown2.o)
    0x08000252   0x08000252   0x00000000   Code   RO         2686    .ARM.Collect$$libshutdown$$00000004  c_w.l(libshutdown2.o)
    0x08000252   0x08000252   0x00000000   Code   RO         2689    .ARM.Collect$$libshutdown$$00000007  c_w.l(libshutdown2.o)
    0x08000252   0x08000252   0x00000000   Code   RO         2692    .ARM.Collect$$libshutdown$$0000000A  c_w.l(libshutdown2.o)
    0x08000252   0x08000252   0x00000000   Code   RO         2694    .ARM.Collect$$libshutdown$$0000000C  c_w.l(libshutdown2.o)
    0x08000252   0x08000252   0x00000000   Code   RO         2697    .ARM.Collect$$libshutdown$$0000000F  c_w.l(libshutdown2.o)
    0x08000252   0x08000252   0x00000002   Code   RO         2698    .ARM.Collect$$libshutdown$$00000010  c_w.l(libshutdown2.o)
    0x08000254   0x08000254   0x00000000   Code   RO         2354    .ARM.Collect$$rtentry$$00000000  c_w.l(__rtentry.o)
    0x08000254   0x08000254   0x00000000   Code   RO         2402    .ARM.Collect$$rtentry$$00000002  c_w.l(__rtentry2.o)
    0x08000254   0x08000254   0x00000006   Code   RO         2414    .ARM.Collect$$rtentry$$00000004  c_w.l(__rtentry4.o)
    0x0800025a   0x0800025a   0x00000008   Code   RO         2403    .ARM.Collect$$rtentry$$00000008  c_w.l(__rtentry2.o)
    0x08000262   0x08000262   0x00000004   Code   RO         2405    .ARM.Collect$$rtentry$$0000000A  c_w.l(__rtentry2.o)
    0x08000266   0x08000266   0x00000000   Code   RO         2407    .ARM.Collect$$rtentry$$0000000C  c_w.l(__rtentry2.o)
    0x08000266   0x08000266   0x00000008   Code   RO         2408    .ARM.Collect$$rtentry$$0000000D  c_w.l(__rtentry2.o)
    0x0800026e   0x0800026e   0x00000002   Code   RO         2579    .ARM.Collect$$rtexit$$00000000  c_w.l(rtexit.o)
    0x08000270   0x08000270   0x00000000   Code   RO         2609    .ARM.Collect$$rtexit$$00000002  c_w.l(rtexit2.o)
    0x08000270   0x08000270   0x00000004   Code   RO         2610    .ARM.Collect$$rtexit$$00000003  c_w.l(rtexit2.o)
    0x08000274   0x08000274   0x00000006   Code   RO         2611    .ARM.Collect$$rtexit$$00000004  c_w.l(rtexit2.o)
    0x0800027a   0x0800027a   0x00000002   PAD
    0x0800027c   0x0800027c   0x00000040   Code   RO         1768    .text               startup_stm32f429xx.o
    0x080002bc   0x080002bc   0x00000094   Code   RO         2145    .text               RTX_CM3.lib(irq_armv7m.o)
    0x08000350   0x08000350   0x000000f0   Code   RO         2261    .text               c_w.l(lludivv7m.o)
    0x08000440   0x08000440   0x00000028   Code   RO         2265    .text               c_w.l(noretval__2sprintf.o)
    0x08000468   0x08000468   0x00000078   Code   RO         2269    .text               c_w.l(_printf_dec.o)
    0x080004e0   0x080004e0   0x00000138   Code   RO         2283    .text               c_w.l(__printf_flags_wp.o)
    0x08000618   0x08000618   0x0000003c   Code   RO         2294    .text               c_w.l(__0sscanf.o)
    0x08000654   0x08000654   0x0000014c   Code   RO         2296    .text               c_w.l(_scanf_int.o)
    0x080007a0   0x080007a0   0x0000008a   Code   RO         2298    .text               c_w.l(rt_memcpy_v6.o)
    0x0800082a   0x0800082a   0x00000044   Code   RO         2300    .text               c_w.l(rt_memclr.o)
    0x0800086e   0x0800086e   0x0000004e   Code   RO         2302    .text               c_w.l(rt_memclr_w.o)
    0x080008bc   0x080008bc   0x00000006   Code   RO         2304    .text               c_w.l(heapauxi.o)
    0x080008c2   0x080008c2   0x000000b2   Code   RO         2359    .text               c_w.l(_printf_intcommon.o)
    0x08000974   0x08000974   0x0000041c   Code   RO         2361    .text               c_w.l(_printf_fp_dec.o)
    0x08000d90   0x08000d90   0x00000030   Code   RO         2365    .text               c_w.l(_printf_char_common.o)
    0x08000dc0   0x08000dc0   0x0000000a   Code   RO         2367    .text               c_w.l(_sputc.o)
    0x08000dca   0x08000dca   0x0000001c   Code   RO         2370    .text               c_w.l(_chval.o)
    0x08000de6   0x08000de6   0x00000002   PAD
    0x08000de8   0x08000de8   0x000004f8   Code   RO         2372    .text               c_w.l(scanf_fp.o)
    0x080012e0   0x080012e0   0x0000002c   Code   RO         2376    .text               c_w.l(scanf_char.o)
    0x0800130c   0x0800130c   0x00000040   Code   RO         2378    .text               c_w.l(_sgetc.o)
    0x0800134c   0x0800134c   0x00000064   Code   RO         2380    .text               c_w.l(rt_memcpy_w.o)
    0x080013b0   0x080013b0   0x0000000a   Code   RO         2423    .text               c_w.l(rt_locale_twolibspace.o)
    0x080013ba   0x080013ba   0x00000004   Code   RO         2430    .text               c_w.l(rt_errno_addr_twolibspace.o)
    0x080013be   0x080013be   0x00000026   Code   RO         2432    .text               c_w.l(llshl.o)
    0x080013e4   0x080013e4   0x0000008a   Code   RO         2434    .text               c_w.l(lludiv10.o)
    0x0800146e   0x0800146e   0x00000012   Code   RO         2436    .text               c_w.l(isspace.o)
    0x08001480   0x08001480   0x00000080   Code   RO         2438    .text               c_w.l(_printf_fp_infnan.o)
    0x08001500   0x08001500   0x00000374   Code   RO         2442    .text               c_w.l(_scanf.o)
    0x08001874   0x08001874   0x000000e4   Code   RO         2444    .text               c_w.l(bigflt0.o)
    0x08001958   0x08001958   0x00000008   Code   RO         2501    .text               c_w.l(libspace.o)
    0x08001960   0x08001960   0x0000004a   Code   RO         2504    .text               c_w.l(sys_stackheap_outer.o)
    0x080019aa   0x080019aa   0x00000002   PAD
    0x080019ac   0x080019ac   0x00000010   Code   RO         2506    .text               c_w.l(rt_ctype_table.o)
    0x080019bc   0x080019bc   0x00000016   Code   RO         2508    .text               c_w.l(_rserrno.o)
    0x080019d2   0x080019d2   0x00000002   PAD
    0x080019d4   0x080019d4   0x00000320   Code   RO         2510    .text               c_w.l(scanf_hexfp.o)
    0x08001cf4   0x08001cf4   0x00000134   Code   RO         2512    .text               c_w.l(scanf_infnan.o)
    0x08001e28   0x08001e28   0x00000012   Code   RO         2516    .text               c_w.l(exit.o)
    0x08001e3a   0x08001e3a   0x00000006   PAD
    0x08001e40   0x08001e40   0x0000007c   Code   RO         2522    .text               c_w.l(strcmpv7em.o)
    0x08001ebc   0x08001ebc   0x0000000c   Code   RO         2604    .text               c_w.l(sys_exit.o)
    0x08001ec8   0x08001ec8   0x00000002   Code   RO         2647    .text               c_w.l(use_no_semi.o)
    0x08001eca   0x08001eca   0x00000000   Code   RO         2649    .text               c_w.l(indicate_semi.o)
    0x08001eca   0x08001eca   0x00000002   PAD
    0x08001ecc   0x08001ecc   0x00000020   Code   RO          275    .text.ADC_Channel_Config  pot.o
    0x08001eec   0x08001eec   0x00000108   Code   RO          668    .text.ADC_Init      stm32f4xx_hal_adc.o
    0x08001ff4   0x08001ff4   0x00000046   Code   RO          269    .text.ADC_Init_Single_Conversion  pot.o
    0x0800203a   0x0800203a   0x00000002   PAD
    0x0800203c   0x0800203c   0x00000056   Code   RO          279    .text.ADC_getVoltage  pot.o
    0x08002092   0x08002092   0x00000002   PAD
    0x08002094   0x08002094   0x0000008a   Code   RO          267    .text.ADC_pins_config  pot.o
    0x0800211e   0x0800211e   0x00000002   PAD
    0x08002120   0x08002120   0x00000002   Code   RO           24    .text.BusFault_Handler  stm32f4xx_it.o
    0x08002122   0x08002122   0x00000002   PAD
    0x08002124   0x08002124   0x00000002   Code   RO           28    .text.DebugMon_Handler  stm32f4xx_it.o
    0x08002126   0x08002126   0x00000002   PAD
    0x08002128   0x08002128   0x00000012   Code   RO          483    .text.Disable_SPI_Clock  spi_stm32f4xx.o
    0x0800213a   0x0800213a   0x00000002   PAD
    0x0800213c   0x0800213c   0x0000002c   Code   RO          178    .text.EXTI15_10_IRQHandler  joystick.o
    0x08002168   0x08002168   0x00000024   Code   RO          411    .text.Enable_GPIO_Clock  i2c_stm32f4xx.o
    0x0800218c   0x0800218c   0x00000024   Code   RO          473    .text.Enable_GPIO_Clock  spi_stm32f4xx.o
    0x080021b0   0x080021b0   0x000001f4   Code   RO          551    .text.Enable_GPIO_Clock  usart_stm32f4xx.o
    0x080023a4   0x080023a4   0x00000024   Code   RO          485    .text.Enable_SPI_Clock  spi_stm32f4xx.o
    0x080023c8   0x080023c8   0x00000128   Code   RO          708    .text.HAL_ADC_ConfigChannel  stm32f4xx_hal_adc.o
    0x080024f0   0x080024f0   0x00000006   Code   RO          704    .text.HAL_ADC_GetValue  stm32f4xx_hal_adc.o
    0x080024f6   0x080024f6   0x00000002   PAD
    0x080024f8   0x080024f8   0x0000004e   Code   RO          664    .text.HAL_ADC_Init  stm32f4xx_hal_adc.o
    0x08002546   0x08002546   0x00000002   PAD
    0x08002548   0x08002548   0x00000002   Code   RO          666    .text.HAL_ADC_MspInit  stm32f4xx_hal_adc.o
    0x0800254a   0x0800254a   0x00000002   PAD
    0x0800254c   0x0800254c   0x000000b4   Code   RO          678    .text.HAL_ADC_PollForConversion  stm32f4xx_hal_adc.o
    0x08002600   0x08002600   0x00000114   Code   RO          674    .text.HAL_ADC_Start  stm32f4xx_hal_adc.o
    0x08002714   0x08002714   0x00000038   Code   RO          676    .text.HAL_ADC_Stop  stm32f4xx_hal_adc.o
    0x0800274c   0x0800274c   0x00000028   Code   RO          615    .text.HAL_Delay     stm32f4xx_hal.o
    0x08002774   0x08002774   0x00000106   Code   RO          890    .text.HAL_GPIO_DeInit  stm32f4xx_hal_gpio.o
    0x0800287a   0x0800287a   0x00000002   PAD
    0x0800287c   0x0800287c   0x0000003e   Code   RO          180    .text.HAL_GPIO_EXTI_Callback  joystick.o
    0x080028ba   0x080028ba   0x00000002   PAD
    0x080028bc   0x080028bc   0x0000001a   Code   RO          900    .text.HAL_GPIO_EXTI_IRQHandler  stm32f4xx_hal_gpio.o
    0x080028d6   0x080028d6   0x00000002   PAD
    0x080028d8   0x080028d8   0x0000019a   Code   RO          888    .text.HAL_GPIO_Init  stm32f4xx_hal_gpio.o
    0x08002a72   0x08002a72   0x00000002   PAD
    0x08002a74   0x08002a74   0x0000000a   Code   RO          892    .text.HAL_GPIO_ReadPin  stm32f4xx_hal_gpio.o
    0x08002a7e   0x08002a7e   0x00000002   PAD
    0x08002a80   0x08002a80   0x0000000e   Code   RO          896    .text.HAL_GPIO_TogglePin  stm32f4xx_hal_gpio.o
    0x08002a8e   0x08002a8e   0x00000002   PAD
    0x08002a90   0x08002a90   0x0000000a   Code   RO          894    .text.HAL_GPIO_WritePin  stm32f4xx_hal_gpio.o
    0x08002a9a   0x08002a9a   0x00000002   PAD
    0x08002a9c   0x08002a9c   0x0000000e   Code   RO          623    .text.HAL_GetREVID  stm32f4xx_hal.o
    0x08002aaa   0x08002aaa   0x00000002   PAD
    0x08002aac   0x08002aac   0x00000050   Code   RO            2    .text.HAL_GetTick   main.o
    0x08002afc   0x08002afc   0x0000002e   Code   RO          595    .text.HAL_Init      stm32f4xx_hal.o
    0x08002b2a   0x08002b2a   0x00000002   PAD
    0x08002b2c   0x08002b2c   0x00000050   Code   RO          597    .text.HAL_InitTick  stm32f4xx_hal.o
    0x08002b7c   0x08002b7c   0x00000002   Code   RO          599    .text.HAL_MspInit   stm32f4xx_hal.o
    0x08002b7e   0x08002b7e   0x00000002   PAD
    0x08002b80   0x08002b80   0x00000008   Code   RO          812    .text.HAL_NVIC_ClearPendingIRQ  stm32f4xx_hal_cortex.o
    0x08002b88   0x08002b88   0x00000008   Code   RO          778    .text.HAL_NVIC_DisableIRQ  stm32f4xx_hal_cortex.o
    0x08002b90   0x08002b90   0x00000008   Code   RO          774    .text.HAL_NVIC_EnableIRQ  stm32f4xx_hal_cortex.o
    0x08002b98   0x08002b98   0x0000001e   Code   RO          766    .text.HAL_NVIC_SetPriority  stm32f4xx_hal_cortex.o
    0x08002bb6   0x08002bb6   0x00000002   PAD
    0x08002bb8   0x08002bb8   0x00000008   Code   RO          762    .text.HAL_NVIC_SetPriorityGrouping  stm32f4xx_hal_cortex.o
    0x08002bc0   0x08002bc0   0x00000160   Code   RO         1166    .text.HAL_RCC_ClockConfig  stm32f4xx_hal_rcc.o
    0x08002d20   0x08002d20   0x0000000c   Code   RO         1176    .text.HAL_RCC_GetHCLKFreq  stm32f4xx_hal_rcc.o
    0x08002d2c   0x08002d2c   0x00000022   Code   RO         1178    .text.HAL_RCC_GetPCLK1Freq  stm32f4xx_hal_rcc.o
    0x08002d4e   0x08002d4e   0x00000002   PAD
    0x08002d50   0x08002d50   0x00000022   Code   RO         1180    .text.HAL_RCC_GetPCLK2Freq  stm32f4xx_hal_rcc.o
    0x08002d72   0x08002d72   0x00000002   PAD
    0x08002d74   0x08002d74   0x0000006a   Code   RO         1168    .text.HAL_RCC_GetSysClockFreq  stm32f4xx_hal_rcc.o
    0x08002dde   0x08002dde   0x00000002   PAD
    0x08002de0   0x08002de0   0x00000334   Code   RO         1164    .text.HAL_RCC_OscConfig  stm32f4xx_hal_rcc.o
    0x08003114   0x08003114   0x00000008   Code   RO          786    .text.HAL_SYSTICK_Config  stm32f4xx_hal_cortex.o
    0x0800311c   0x0800311c   0x00000036   Code   RO         1348    .text.HAL_TIM_Base_Init  stm32f4xx_hal_tim.o
    0x08003152   0x08003152   0x00000002   PAD
    0x08003154   0x08003154   0x00000002   Code   RO         1350    .text.HAL_TIM_Base_MspInit  stm32f4xx_hal_tim.o
    0x08003156   0x08003156   0x00000002   PAD
    0x08003158   0x08003158   0x00000026   Code   RO         1358    .text.HAL_TIM_Base_Start  stm32f4xx_hal_tim.o
    0x0800317e   0x0800317e   0x00000002   PAD
    0x08003180   0x08003180   0x00000030   Code   RO         1360    .text.HAL_TIM_Base_Stop  stm32f4xx_hal_tim.o
    0x080031b0   0x080031b0   0x0000003c   Code   RO         1384    .text.HAL_TIM_OC_Start  stm32f4xx_hal_tim.o
    0x080031ec   0x080031ec   0x000000a0   Code   RO         1514    .text.HAL_TIM_PWM_ConfigChannel  stm32f4xx_hal_tim.o
    0x0800328c   0x0800328c   0x00000036   Code   RO         1402    .text.HAL_TIM_PWM_Init  stm32f4xx_hal_tim.o
    0x080032c2   0x080032c2   0x00000002   PAD
    0x080032c4   0x080032c4   0x00000002   Code   RO         1404    .text.HAL_TIM_PWM_MspInit  stm32f4xx_hal_tim.o
    0x080032c6   0x080032c6   0x00000002   PAD
    0x080032c8   0x080032c8   0x00000002   Code   RO           20    .text.HardFault_Handler  stm32f4xx_it.o
    0x080032ca   0x080032ca   0x00000002   PAD
    0x080032cc   0x080032cc   0x00000008   Code   RO          405    .text.I2C1_Control  i2c_stm32f4xx.o
    0x080032d4   0x080032d4   0x00000008   Code   RO          381    .text.I2C1_ER_IRQHandler  i2c_stm32f4xx.o
    0x080032dc   0x080032dc   0x00000008   Code   RO          377    .text.I2C1_EV_IRQHandler  i2c_stm32f4xx.o
    0x080032e4   0x080032e4   0x00000008   Code   RO          403    .text.I2C1_GetDataCount  i2c_stm32f4xx.o
    0x080032ec   0x080032ec   0x00000008   Code   RO          407    .text.I2C1_GetStatus  i2c_stm32f4xx.o
    0x080032f4   0x080032f4   0x0000000a   Code   RO          389    .text.I2C1_Initialize  i2c_stm32f4xx.o
    0x080032fe   0x080032fe   0x00000002   PAD
    0x08003300   0x08003300   0x00000008   Code   RO          397    .text.I2C1_MasterReceive  i2c_stm32f4xx.o
    0x08003308   0x08003308   0x00000008   Code   RO          395    .text.I2C1_MasterTransmit  i2c_stm32f4xx.o
    0x08003310   0x08003310   0x00000008   Code   RO          393    .text.I2C1_PowerControl  i2c_stm32f4xx.o
    0x08003318   0x08003318   0x00000008   Code   RO          401    .text.I2C1_SlaveReceive  i2c_stm32f4xx.o
    0x08003320   0x08003320   0x00000008   Code   RO          399    .text.I2C1_SlaveTransmit  i2c_stm32f4xx.o
    0x08003328   0x08003328   0x0000000a   Code   RO          391    .text.I2C1_Uninitialize  i2c_stm32f4xx.o
    0x08003332   0x08003332   0x00000002   PAD
    0x08003334   0x08003334   0x00000004   Code   RO          387    .text.I2CX_GetCapabilities  i2c_stm32f4xx.o
    0x08003338   0x08003338   0x0000000a   Code   RO          385    .text.I2CX_GetVersion  i2c_stm32f4xx.o
    0x08003342   0x08003342   0x00000002   PAD
    0x08003344   0x08003344   0x000002a4   Code   RO          427    .text.I2C_Control   i2c_stm32f4xx.o
    0x080035e8   0x080035e8   0x00000162   Code   RO          383    .text.I2C_ER_IRQHandler  i2c_stm32f4xx.o
    0x0800374a   0x0800374a   0x00000002   PAD
    0x0800374c   0x0800374c   0x0000051e   Code   RO          379    .text.I2C_EV_IRQHandler  i2c_stm32f4xx.o
    0x08003c6a   0x08003c6a   0x00000002   PAD
    0x08003c6c   0x08003c6c   0x00000026   Code   RO          425    .text.I2C_GetDataCount  i2c_stm32f4xx.o
    0x08003c92   0x08003c92   0x00000002   PAD
    0x08003c94   0x08003c94   0x0000000c   Code   RO          429    .text.I2C_GetStatus  i2c_stm32f4xx.o
    0x08003ca0   0x08003ca0   0x00000044   Code   RO          225    .text.I2C_Init      temperatura.o
    0x08003ce4   0x08003ce4   0x0000007e   Code   RO          409    .text.I2C_Initialize  i2c_stm32f4xx.o
    0x08003d62   0x08003d62   0x00000002   PAD
    0x08003d64   0x08003d64   0x000000c0   Code   RO          419    .text.I2C_MasterReceive  i2c_stm32f4xx.o
    0x08003e24   0x08003e24   0x000000bc   Code   RO          417    .text.I2C_MasterTransmit  i2c_stm32f4xx.o
    0x08003ee0   0x08003ee0   0x0000014a   Code   RO          415    .text.I2C_PowerControl  i2c_stm32f4xx.o
    0x0800402a   0x0800402a   0x00000002   PAD
    0x0800402c   0x0800402c   0x00000038   Code   RO          235    .text.I2C_Read      temperatura.o
    0x08004064   0x08004064   0x00000054   Code   RO          423    .text.I2C_SlaveReceive  i2c_stm32f4xx.o
    0x080040b8   0x080040b8   0x00000058   Code   RO          421    .text.I2C_SlaveTransmit  i2c_stm32f4xx.o
    0x08004110   0x08004110   0x0000002e   Code   RO          413    .text.I2C_Uninitialize  i2c_stm32f4xx.o
    0x0800413e   0x0800413e   0x00000002   PAD
    0x08004140   0x08004140   0x000000a6   Code   RO          172    .text.InitJoy       joystick.o
    0x080041e6   0x080041e6   0x00000002   PAD
    0x080041e8   0x080041e8   0x00000036   Code   RO          202    .text.Init_Clock    clock.o
    0x0800421e   0x0800421e   0x00000002   PAD
    0x08004220   0x08004220   0x0000002c   Code   RO           95    .text.Init_LCD      lcd.o
    0x0800424c   0x0800424c   0x000000cc   Code   RO           39    .text.Init_MsgQueue  principal.o
    0x08004318   0x08004318   0x0000002c   Code   RO          251    .text.Init_ThRGB    rgb.o
    0x08004344   0x08004344   0x00000056   Code   RO          294    .text.Init_Thcom    com.o
    0x0800439a   0x0800439a   0x00000002   PAD
    0x0800439c   0x0800439c   0x00000042   Code   RO          170    .text.Init_Thjoy    joystick.o
    0x080043de   0x080043de   0x00000002   PAD
    0x080043e0   0x080043e0   0x00000044   Code   RO          263    .text.Init_Thpot    pot.o
    0x08004424   0x08004424   0x00000042   Code   RO          223    .text.Init_Thtemperatura  temperatura.o
    0x08004466   0x08004466   0x00000002   PAD
    0x08004468   0x08004468   0x00000028   Code   RO          204    .text.Init_Timer    clock.o
    0x08004490   0x08004490   0x0000002e   Code   RO          265    .text.Init_Timer    pot.o
    0x080044be   0x080044be   0x00000002   PAD
    0x080044c0   0x080044c0   0x00000056   Code   RO          174    .text.Init_Timers   joystick.o
    0x08004516   0x08004516   0x00000002   PAD
    0x08004518   0x08004518   0x0000002e   Code   RO          227    .text.Init_Timers   temperatura.o
    0x08004546   0x08004546   0x00000002   PAD
    0x08004548   0x08004548   0x0000003a   Code   RO           37    .text.Init_principal  principal.o
    0x08004582   0x08004582   0x00000002   PAD
    0x08004584   0x08004584   0x0000002c   Code   RO          149    .text.Init_pwm      pwm.o
    0x080045b0   0x080045b0   0x0000004a   Code   RO           97    .text.LCD           lcd.o
    0x080045fa   0x080045fa   0x00000002   PAD
    0x080045fc   0x080045fc   0x0000004c   Code   RO          101    .text.LCD_Init      lcd.o
    0x08004648   0x08004648   0x0000001a   Code   RO          131    .text.LCD_modificarByteBuffer  lcd.o
    0x08004662   0x08004662   0x00000002   PAD
    0x08004664   0x08004664   0x00000084   Code   RO           99    .text.LCD_reset     lcd.o
    0x080046e8   0x080046e8   0x0000009a   Code   RO          103    .text.LCD_update    lcd.o
    0x08004782   0x08004782   0x00000002   PAD
    0x08004784   0x08004784   0x00000056   Code   RO          121    .text.LCD_wr_cmd    lcd.o
    0x080047da   0x080047da   0x00000002   PAD
    0x080047dc   0x080047dc   0x00000056   Code   RO          119    .text.LCD_wr_data   lcd.o
    0x08004832   0x08004832   0x00000002   PAD
    0x08004834   0x08004834   0x00000002   Code   RO           22    .text.MemManage_Handler  stm32f4xx_it.o
    0x08004836   0x08004836   0x00000040   Code   RO         2128    .text.MessageQueueGet  RTX_CM3.lib(rtx_msgqueue.o)
    0x08004876   0x08004876   0x00000058   Code   RO         2122    .text.MessageQueuePut  RTX_CM3.lib(rtx_msgqueue.o)
    0x080048ce   0x080048ce   0x0000001c   Code   RO         2120    .text.MessageQueueRemove  RTX_CM3.lib(rtx_msgqueue.o)
    0x080048ea   0x080048ea   0x00000002   PAD
    0x080048ec   0x080048ec   0x00000002   Code   RO           18    .text.NMI_Handler   stm32f4xx_it.o
    0x080048ee   0x080048ee   0x00000002   PAD
    0x080048f0   0x080048f0   0x0000002c   Code   RO          772    .text.NVIC_EncodePriority  stm32f4xx_hal_cortex.o
    0x0800491c   0x0800491c   0x00000008   Code   RO         2239    .text.OS_Tick_AcknowledgeIRQ  RTX_CM3.lib(os_systick.o)
    0x08004924   0x08004924   0x00000024   Code   RO         2235    .text.OS_Tick_Enable  RTX_CM3.lib(os_systick.o)
    0x08004948   0x08004948   0x00000006   Code   RO         2241    .text.OS_Tick_GetIRQn  RTX_CM3.lib(os_systick.o)
    0x0800494e   0x0800494e   0x00000002   PAD
    0x08004950   0x08004950   0x00000040   Code   RO         2233    .text.OS_Tick_Setup  RTX_CM3.lib(os_systick.o)
    0x08004990   0x08004990   0x0000000c   Code   RO         1848    .text.OUTLINED_FUNCTION_0  RTX_CM3.lib(rtx_kernel.o)
    0x0800499c   0x0800499c   0x00000006   Code   RO         1990    .text.OUTLINED_FUNCTION_0  RTX_CM3.lib(rtx_thread.o)
    0x080049a2   0x080049a2   0x0000000c   Code   RO         2136    .text.OUTLINED_FUNCTION_0  RTX_CM3.lib(rtx_msgqueue.o)
    0x080049ae   0x080049ae   0x00000006   Code   RO         1850    .text.OUTLINED_FUNCTION_1  RTX_CM3.lib(rtx_kernel.o)
    0x080049b4   0x080049b4   0x00000006   Code   RO         1992    .text.OUTLINED_FUNCTION_1  RTX_CM3.lib(rtx_thread.o)
    0x080049ba   0x080049ba   0x00000014   Code   RO         1994    .text.OUTLINED_FUNCTION_2  RTX_CM3.lib(rtx_thread.o)
    0x080049ce   0x080049ce   0x00000008   Code   RO         1998    .text.OUTLINED_FUNCTION_4  RTX_CM3.lib(rtx_thread.o)
    0x080049d6   0x080049d6   0x00000002   PAD
    0x080049d8   0x080049d8   0x00000008   Code   RO          463    .text.SPI1_Control  spi_stm32f4xx.o
    0x080049e0   0x080049e0   0x00000008   Code   RO          461    .text.SPI1_GetDataCount  spi_stm32f4xx.o
    0x080049e8   0x080049e8   0x00000008   Code   RO          465    .text.SPI1_GetStatus  spi_stm32f4xx.o
    0x080049f0   0x080049f0   0x00000008   Code   RO          441    .text.SPI1_IRQHandler  spi_stm32f4xx.o
    0x080049f8   0x080049f8   0x0000000a   Code   RO          449    .text.SPI1_Initialize  spi_stm32f4xx.o
    0x08004a02   0x08004a02   0x00000002   PAD
    0x08004a04   0x08004a04   0x00000008   Code   RO          453    .text.SPI1_PowerControl  spi_stm32f4xx.o
    0x08004a0c   0x08004a0c   0x00000008   Code   RO          457    .text.SPI1_Receive  spi_stm32f4xx.o
    0x08004a14   0x08004a14   0x00000008   Code   RO          455    .text.SPI1_Send     spi_stm32f4xx.o
    0x08004a1c   0x08004a1c   0x00000008   Code   RO          459    .text.SPI1_Transfer  spi_stm32f4xx.o
    0x08004a24   0x08004a24   0x0000000a   Code   RO          451    .text.SPI1_Uninitialize  spi_stm32f4xx.o
    0x08004a2e   0x08004a2e   0x00000002   PAD
    0x08004a30   0x08004a30   0x00000004   Code   RO          447    .text.SPIX_GetCapabilities  spi_stm32f4xx.o
    0x08004a34   0x08004a34   0x0000000a   Code   RO          445    .text.SPIX_GetVersion  spi_stm32f4xx.o
    0x08004a3e   0x08004a3e   0x00000002   PAD
    0x08004a40   0x08004a40   0x000002d8   Code   RO          479    .text.SPI_Control   spi_stm32f4xx.o
    0x08004d18   0x08004d18   0x0000000c   Code   RO          497    .text.SPI_GetDataCount  spi_stm32f4xx.o
    0x08004d24   0x08004d24   0x00000028   Code   RO          499    .text.SPI_GetStatus  spi_stm32f4xx.o
    0x08004d4c   0x08004d4c   0x000000f0   Code   RO          443    .text.SPI_IRQHandler  spi_stm32f4xx.o
    0x08004e3c   0x08004e3c   0x000000a0   Code   RO          471    .text.SPI_Initialize  spi_stm32f4xx.o
    0x08004edc   0x08004edc   0x00000022   Code   RO          481    .text.SPI_PeripheralReset  spi_stm32f4xx.o
    0x08004efe   0x08004efe   0x00000002   PAD
    0x08004f00   0x08004f00   0x000000c2   Code   RO          477    .text.SPI_PowerControl  spi_stm32f4xx.o
    0x08004fc2   0x08004fc2   0x00000002   PAD
    0x08004fc4   0x08004fc4   0x00000082   Code   RO          493    .text.SPI_Receive   spi_stm32f4xx.o
    0x08005046   0x08005046   0x00000002   PAD
    0x08005048   0x08005048   0x0000005a   Code   RO          467    .text.SPI_RxData    spi_stm32f4xx.o
    0x080050a2   0x080050a2   0x00000002   PAD
    0x080050a4   0x080050a4   0x00000082   Code   RO          491    .text.SPI_Send      spi_stm32f4xx.o
    0x08005126   0x08005126   0x00000002   PAD
    0x08005128   0x08005128   0x0000003a   Code   RO          495    .text.SPI_Transfer  spi_stm32f4xx.o
    0x08005162   0x08005162   0x00000002   PAD
    0x08005164   0x08005164   0x0000005c   Code   RO          469    .text.SPI_TxData    spi_stm32f4xx.o
    0x080051c0   0x080051c0   0x00000032   Code   RO          475    .text.SPI_Uninitialize  spi_stm32f4xx.o
    0x080051f2   0x080051f2   0x00000002   PAD
    0x080051f4   0x080051f4   0x0000002e   Code   RO          788    .text.SysTick_Config  stm32f4xx_hal_cortex.o
    0x08005222   0x08005222   0x00000002   PAD
    0x08005224   0x08005224   0x000000a0   Code   RO            6    .text.SystemClock_Config  main.o
    0x080052c4   0x080052c4   0x0000007e   Code   RO         1777    .text.SystemCoreClockUpdate  system_stm32f4xx.o
    0x08005342   0x08005342   0x00000002   PAD
    0x08005344   0x08005344   0x00000010   Code   RO         1775    .text.SystemInit    system_stm32f4xx.o
    0x08005354   0x08005354   0x00000124   Code   RO         1352    .text.TIM_Base_SetConfig  stm32f4xx_hal_tim.o
    0x08005478   0x08005478   0x00000024   Code   RO         1386    .text.TIM_CCxChannelCmd  stm32f4xx_hal_tim.o
    0x0800549c   0x0800549c   0x00000064   Code   RO         1496    .text.TIM_OC1_SetConfig  stm32f4xx_hal_tim.o
    0x08005500   0x08005500   0x0000006a   Code   RO         1498    .text.TIM_OC2_SetConfig  stm32f4xx_hal_tim.o
    0x0800556a   0x0800556a   0x00000002   PAD
    0x0800556c   0x0800556c   0x00000068   Code   RO         1500    .text.TIM_OC3_SetConfig  stm32f4xx_hal_tim.o
    0x080055d4   0x080055d4   0x0000004e   Code   RO         1502    .text.TIM_OC4_SetConfig  stm32f4xx_hal_tim.o
    0x08005622   0x08005622   0x00000002   PAD
    0x08005624   0x08005624   0x00000024   Code   RO          206    .text.Thclock       clock.o
    0x08005648   0x08005648   0x00000134   Code   RO          298    .text.ThcomRX       com.o
    0x0800577c   0x0800577c   0x0000001a   Code   RO          300    .text.ThcomTX       com.o
    0x08005796   0x08005796   0x00000002   PAD
    0x08005798   0x08005798   0x00000056   Code   RO          176    .text.Thjoy         joystick.o
    0x080057ee   0x080057ee   0x00000002   PAD
    0x080057f0   0x080057f0   0x00000086   Code   RO          271    .text.Thpot         pot.o
    0x08005876   0x08005876   0x00000064   Code   RO         1942    .text.ThreadFlagsCheck  RTX_CM3.lib(rtx_thread.o)
    0x080058da   0x080058da   0x00000002   PAD
    0x080058dc   0x080058dc   0x00000064   Code   RO          253    .text.Thread_Leds   rgb.o
    0x08005940   0x08005940   0x00000016   Code   RO          229    .text.Thtemperatura  temperatura.o
    0x08005956   0x08005956   0x00000002   PAD
    0x08005958   0x08005958   0x00000014   Code   RO          182    .text.Timer1_Callback  joystick.o
    0x0800596c   0x0800596c   0x0000006e   Code   RO          184    .text.Timer2_Callback  joystick.o
    0x080059da   0x080059da   0x00000002   PAD
    0x080059dc   0x080059dc   0x00000044   Code   RO         2026    .text.TimerInsert   RTX_CM3.lib(rtx_timer.o)
    0x08005a20   0x08005a20   0x00000014   Code   RO          231    .text.TimerMEDIDA_Callback  temperatura.o
    0x08005a34   0x08005a34   0x00000014   Code   RO          273    .text.TimerPOTENCIA_Callback  pot.o
    0x08005a48   0x08005a48   0x00000028   Code   RO         2034    .text.TimerRemove   RTX_CM3.lib(rtx_timer.o)
    0x08005a70   0x08005a70   0x00000080   Code   RO          208    .text.Timer_Callback  clock.o
    0x08005af0   0x08005af0   0x00000008   Code   RO          541    .text.USART3_Control  usart_stm32f4xx.o
    0x08005af8   0x08005af8   0x00000006   Code   RO          523    .text.USART3_GetCapabilities  usart_stm32f4xx.o
    0x08005afe   0x08005afe   0x00000002   PAD
    0x08005b00   0x08005b00   0x00000008   Code   RO          547    .text.USART3_GetModemStatus  usart_stm32f4xx.o
    0x08005b08   0x08005b08   0x00000008   Code   RO          539    .text.USART3_GetRxCount  usart_stm32f4xx.o
    0x08005b10   0x08005b10   0x00000008   Code   RO          543    .text.USART3_GetStatus  usart_stm32f4xx.o
    0x08005b18   0x08005b18   0x00000008   Code   RO          537    .text.USART3_GetTxCount  usart_stm32f4xx.o
    0x08005b20   0x08005b20   0x00000010   Code   RO          519    .text.USART3_IRQHandler  usart_stm32f4xx.o
    0x08005b30   0x08005b30   0x0000000a   Code   RO          525    .text.USART3_Initialize  usart_stm32f4xx.o
    0x08005b3a   0x08005b3a   0x00000002   PAD
    0x08005b3c   0x08005b3c   0x00000008   Code   RO          529    .text.USART3_PowerControl  usart_stm32f4xx.o
    0x08005b44   0x08005b44   0x00000008   Code   RO          533    .text.USART3_Receive  usart_stm32f4xx.o
    0x08005b4c   0x08005b4c   0x00000008   Code   RO          531    .text.USART3_Send   usart_stm32f4xx.o
    0x08005b54   0x08005b54   0x00000008   Code   RO          545    .text.USART3_SetModemControl  usart_stm32f4xx.o
    0x08005b5c   0x08005b5c   0x00000008   Code   RO          535    .text.USART3_Transfer  usart_stm32f4xx.o
    0x08005b64   0x08005b64   0x0000000a   Code   RO          527    .text.USART3_Uninitialize  usart_stm32f4xx.o
    0x08005b6e   0x08005b6e   0x00000002   PAD
    0x08005b70   0x08005b70   0x00000596   Code   RO          573    .text.USART_Control  usart_stm32f4xx.o
    0x08006106   0x08006106   0x00000002   PAD
    0x08006108   0x08006108   0x00000004   Code   RO          579    .text.USART_GetModemStatus  usart_stm32f4xx.o
    0x0800610c   0x0800610c   0x0000000c   Code   RO          571    .text.USART_GetRxCount  usart_stm32f4xx.o
    0x08006118   0x08006118   0x0000006a   Code   RO          575    .text.USART_GetStatus  usart_stm32f4xx.o
    0x08006182   0x08006182   0x00000002   PAD
    0x08006184   0x08006184   0x0000000c   Code   RO          569    .text.USART_GetTxCount  usart_stm32f4xx.o
    0x08006190   0x08006190   0x00000202   Code   RO          517    .text.USART_IRQHandler  usart_stm32f4xx.o
    0x08006392   0x08006392   0x00000002   PAD
    0x08006394   0x08006394   0x00000044   Code   RO          296    .text.USART_Init    com.o
    0x080063d8   0x080063d8   0x00000046   Code   RO          549    .text.USART_Initialize  usart_stm32f4xx.o
    0x0800641e   0x0800641e   0x00000002   PAD
    0x08006420   0x08006420   0x0000018a   Code   RO          561    .text.USART_PeripheralReset  usart_stm32f4xx.o
    0x080065aa   0x080065aa   0x00000002   PAD
    0x080065ac   0x080065ac   0x000000c6   Code   RO          555    .text.USART_PowerControl  usart_stm32f4xx.o
    0x08006672   0x08006672   0x00000002   PAD
    0x08006674   0x08006674   0x00000094   Code   RO          565    .text.USART_Receive  usart_stm32f4xx.o
    0x08006708   0x08006708   0x00000080   Code   RO          563    .text.USART_Send    usart_stm32f4xx.o
    0x08006788   0x08006788   0x00000054   Code   RO          577    .text.USART_SetModemControl  usart_stm32f4xx.o
    0x080067dc   0x080067dc   0x00000054   Code   RO          567    .text.USART_Transfer  usart_stm32f4xx.o
    0x08006830   0x08006830   0x0000002c   Code   RO          553    .text.USART_Uninitialize  usart_stm32f4xx.o
    0x0800685c   0x0800685c   0x0000002e   Code   RO          302    .text.USART_callback  com.o
    0x0800688a   0x0800688a   0x00000002   PAD
    0x0800688c   0x0800688c   0x0000000a   Code   RO          521    .text.USARTx_GetVersion  usart_stm32f4xx.o
    0x08006896   0x08006896   0x00000002   PAD
    0x08006898   0x08006898   0x00000002   Code   RO           26    .text.UsageFault_Handler  stm32f4xx_it.o
    0x0800689a   0x0800689a   0x00000002   PAD
    0x0800689c   0x0800689c   0x0000000e   Code   RO          487    .text.__NVIC_ClearPendingIRQ  spi_stm32f4xx.o
    0x080068aa   0x080068aa   0x00000002   PAD
    0x080068ac   0x080068ac   0x0000000e   Code   RO          557    .text.__NVIC_ClearPendingIRQ  usart_stm32f4xx.o
    0x080068ba   0x080068ba   0x00000002   PAD
    0x080068bc   0x080068bc   0x00000020   Code   RO          814    .text.__NVIC_ClearPendingIRQ  stm32f4xx_hal_cortex.o
    0x080068dc   0x080068dc   0x00000028   Code   RO          780    .text.__NVIC_DisableIRQ  stm32f4xx_hal_cortex.o
    0x08006904   0x08006904   0x0000000e   Code   RO          489    .text.__NVIC_EnableIRQ  spi_stm32f4xx.o
    0x08006912   0x08006912   0x00000002   PAD
    0x08006914   0x08006914   0x0000000e   Code   RO          559    .text.__NVIC_EnableIRQ  usart_stm32f4xx.o
    0x08006922   0x08006922   0x00000002   PAD
    0x08006924   0x08006924   0x00000020   Code   RO          776    .text.__NVIC_EnableIRQ  stm32f4xx_hal_cortex.o
    0x08006944   0x08006944   0x00000010   Code   RO          768    .text.__NVIC_GetPriorityGrouping  stm32f4xx_hal_cortex.o
    0x08006954   0x08006954   0x00000022   Code   RO          770    .text.__NVIC_SetPriority  stm32f4xx_hal_cortex.o
    0x08006976   0x08006976   0x00000002   PAD
    0x08006978   0x08006978   0x00000020   Code   RO          764    .text.__NVIC_SetPriorityGrouping  stm32f4xx_hal_cortex.o
    0x08006998   0x08006998   0x00000056   Code   RO          332    .text.__user_perthread_libspace  rtx_lib.o
    0x080069ee   0x080069ee   0x00000002   PAD
    0x080069f0   0x080069f0   0x0000001a   Code   RO          338    .text._mutex_acquire  rtx_lib.o
    0x08006a0a   0x08006a0a   0x00000002   PAD
    0x08006a0c   0x08006a0c   0x0000000a   Code   RO          342    .text._mutex_free   rtx_lib.o
    0x08006a16   0x08006a16   0x00000002   PAD
    0x08006a18   0x08006a18   0x00000020   Code   RO          336    .text._mutex_initialize  rtx_lib.o
    0x08006a38   0x08006a38   0x00000016   Code   RO          340    .text._mutex_release  rtx_lib.o
    0x08006a4e   0x08006a4e   0x00000002   PAD
    0x08006a50   0x08006a50   0x00000008   Code   RO          330    .text._platform_post_stackheap_init  rtx_lib.o
    0x08006a58   0x08006a58   0x00000324   Code   RO           47    .text.activo        principal.o
    0x08006d7c   0x08006d7c   0x0000001c   Code   RO          277    .text.conversionTemperatura  pot.o
    0x08006d98   0x08006d98   0x00000070   Code   RO          117    .text.delay         lcd.o
    0x08006e08   0x08006e08   0x00000042   Code   RO          107    .text.escribirLCD   lcd.o
    0x08006e4a   0x08006e4a   0x00000002   PAD
    0x08006e4c   0x08006e4c   0x00000024   Code   RO          304    .text.getInformacionCola  com.o
    0x08006e70   0x08006e70   0x0000005a   Code   RO          249    .text.initModLeds   rgb.o
    0x08006eca   0x08006eca   0x00000002   PAD
    0x08006ecc   0x08006ecc   0x00000044   Code   RO          113    .text.initPIN_A0    lcd.o
    0x08006f10   0x08006f10   0x00000044   Code   RO          111    .text.initPIN_CS    lcd.o
    0x08006f54   0x08006f54   0x00000040   Code   RO          115    .text.initPIN_RESET  lcd.o
    0x08006f94   0x08006f94   0x00000042   Code   RO          153    .text.initPin       pwm.o
    0x08006fd6   0x08006fd6   0x00000002   PAD
    0x08006fd8   0x08006fd8   0x0000006c   Code   RO          155    .text.initTim       pwm.o
    0x08007044   0x08007044   0x0000002c   Code   RO          105    .text.limpiarBuffer  lcd.o
    0x08007070   0x08007070   0x00000018   Code   RO          109    .text.lineReset     lcd.o
    0x08007088   0x08007088   0x0000003a   Code   RO            4    .text.main          main.o
    0x080070c2   0x080070c2   0x00000002   PAD
    0x080070c4   0x080070c4   0x0000007a   Code   RO          233    .text.medida        temperatura.o
    0x0800713e   0x0800713e   0x00000002   PAD
    0x08007140   0x08007140   0x000001b6   Code   RO           43    .text.modoFuncionamiento  principal.o
    0x080072f6   0x080072f6   0x00000002   PAD
    0x080072f8   0x080072f8   0x0000002c   Code   RO         1800    .text.osKernelGetState  RTX_CM3.lib(rtx_kernel.o)
    0x08007324   0x08007324   0x00000028   Code   RO         1816    .text.osKernelGetTickCount  RTX_CM3.lib(rtx_kernel.o)
    0x0800734c   0x0800734c   0x0000002c   Code   RO         1794    .text.osKernelInitialize  RTX_CM3.lib(rtx_kernel.o)
    0x08007378   0x08007378   0x00000024   Code   RO         1804    .text.osKernelStart  RTX_CM3.lib(rtx_kernel.o)
    0x0800739c   0x0800739c   0x00000070   Code   RO         2096    .text.osMessageQueueGet  RTX_CM3.lib(rtx_msgqueue.o)
    0x0800740c   0x0800740c   0x00000024   Code   RO         2090    .text.osMessageQueueNew  RTX_CM3.lib(rtx_msgqueue.o)
    0x08007430   0x08007430   0x00000080   Code   RO         2094    .text.osMessageQueuePut  RTX_CM3.lib(rtx_msgqueue.o)
    0x080074b0   0x080074b0   0x00000024   Code   RO         2058    .text.osMutexAcquire  RTX_CM3.lib(rtx_mutex.o)
    0x080074d4   0x080074d4   0x00000024   Code   RO         2064    .text.osMutexDelete  RTX_CM3.lib(rtx_mutex.o)
    0x080074f8   0x080074f8   0x00000024   Code   RO         2054    .text.osMutexNew    RTX_CM3.lib(rtx_mutex.o)
    0x0800751c   0x0800751c   0x00000024   Code   RO         2060    .text.osMutexRelease  RTX_CM3.lib(rtx_mutex.o)
    0x08007540   0x08007540   0x00000002   Code   RO          368    .text.osRtxErrorNotify  rtx_config.o
    0x08007542   0x08007542   0x00000002   PAD
    0x08007544   0x08007544   0x00000002   Code   RO          366    .text.osRtxIdleThread  rtx_config.o
    0x08007546   0x08007546   0x00000004   Code   RO         1792    .text.osRtxKernelErrorNotify  RTX_CM3.lib(rtx_kernel.o)
    0x0800754a   0x0800754a   0x00000002   Code   RO         1790    .text.osRtxKernelPreInit  RTX_CM3.lib(rtx_kernel.o)
    0x0800754c   0x0800754c   0x0000006c   Code   RO         2155    .text.osRtxMemoryAlloc  RTX_CM3.lib(rtx_memory.o)
    0x080075b8   0x080075b8   0x00000042   Code   RO         2157    .text.osRtxMemoryFree  RTX_CM3.lib(rtx_memory.o)
    0x080075fa   0x080075fa   0x00000036   Code   RO         2153    .text.osRtxMemoryInit  RTX_CM3.lib(rtx_memory.o)
    0x08007630   0x08007630   0x0000003a   Code   RO         2169    .text.osRtxMemoryPoolAlloc  RTX_CM3.lib(rtx_mempool.o)
    0x0800766a   0x0800766a   0x0000004a   Code   RO         2171    .text.osRtxMemoryPoolFree  RTX_CM3.lib(rtx_mempool.o)
    0x080076b4   0x080076b4   0x00000038   Code   RO         2167    .text.osRtxMemoryPoolInit  RTX_CM3.lib(rtx_mempool.o)
    0x080076ec   0x080076ec   0x000000aa   Code   RO         2118    .text.osRtxMessageQueuePostProcess  RTX_CM3.lib(rtx_msgqueue.o)
    0x08007796   0x08007796   0x00000002   PAD
    0x08007798   0x08007798   0x00000024   Code   RO         2086    .text.osRtxMessageQueueTimerSetup  RTX_CM3.lib(rtx_msgqueue.o)
    0x080077bc   0x080077bc   0x00000048   Code   RO         2050    .text.osRtxMutexOwnerRelease  RTX_CM3.lib(rtx_mutex.o)
    0x08007804   0x08007804   0x00000042   Code   RO         2052    .text.osRtxMutexOwnerRestore  RTX_CM3.lib(rtx_mutex.o)
    0x08007846   0x08007846   0x00000002   PAD
    0x08007848   0x08007848   0x00000088   Code   RO         2221    .text.osRtxPendSV_Handler  RTX_CM3.lib(rtx_system.o)
    0x080078d0   0x080078d0   0x00000070   Code   RO         2223    .text.osRtxPostProcess  RTX_CM3.lib(rtx_system.o)
    0x08007940   0x08007940   0x00000034   Code   RO         1882    .text.osRtxThreadBlock  RTX_CM3.lib(rtx_thread.o)
    0x08007974   0x08007974   0x0000007c   Code   RO         1890    .text.osRtxThreadDelayInsert  RTX_CM3.lib(rtx_thread.o)
    0x080079f0   0x080079f0   0x0000003c   Code   RO         1886    .text.osRtxThreadDelayRemove  RTX_CM3.lib(rtx_thread.o)
    0x08007a2c   0x08007a2c   0x00000048   Code   RO         1872    .text.osRtxThreadDelayTick  RTX_CM3.lib(rtx_thread.o)
    0x08007a74   0x08007a74   0x00000020   Code   RO         1974    .text.osRtxThreadDestroy  RTX_CM3.lib(rtx_thread.o)
    0x08007a94   0x08007a94   0x00000050   Code   RO         1880    .text.osRtxThreadDispatch  RTX_CM3.lib(rtx_thread.o)
    0x08007ae4   0x08007ae4   0x00000058   Code   RO         1966    .text.osRtxThreadFree  RTX_CM3.lib(rtx_thread.o)
    0x08007b3c   0x08007b3c   0x0000001e   Code   RO         1972    .text.osRtxThreadJoinWakeup  RTX_CM3.lib(rtx_thread.o)
    0x08007b5a   0x08007b5a   0x00000012   Code   RO         1864    .text.osRtxThreadListGet  RTX_CM3.lib(rtx_thread.o)
    0x08007b6c   0x08007b6c   0x0000002c   Code   RO         1862    .text.osRtxThreadListPut  RTX_CM3.lib(rtx_thread.o)
    0x08007b98   0x08007b98   0x00000014   Code   RO         1868    .text.osRtxThreadListRemove  RTX_CM3.lib(rtx_thread.o)
    0x08007bac   0x08007bac   0x0000000c   Code   RO         1874    .text.osRtxThreadListRoot  RTX_CM3.lib(rtx_thread.o)
    0x08007bb8   0x08007bb8   0x00000026   Code   RO         1866    .text.osRtxThreadListSort  RTX_CM3.lib(rtx_thread.o)
    0x08007bde   0x08007bde   0x00000028   Code   RO         1940    .text.osRtxThreadPostProcess  RTX_CM3.lib(rtx_thread.o)
    0x08007c06   0x08007c06   0x00000002   PAD
    0x08007c08   0x08007c08   0x00000014   Code   RO         1870    .text.osRtxThreadReadyPut  RTX_CM3.lib(rtx_thread.o)
    0x08007c1c   0x08007c1c   0x00000006   Code   RO         1876    .text.osRtxThreadRegPtr  RTX_CM3.lib(rtx_thread.o)
    0x08007c22   0x08007c22   0x00000002   PAD
    0x08007c24   0x08007c24   0x00000038   Code   RO         1892    .text.osRtxThreadStartup  RTX_CM3.lib(rtx_thread.o)
    0x08007c5c   0x08007c5c   0x0000000c   Code   RO         1878    .text.osRtxThreadSwitch  RTX_CM3.lib(rtx_thread.o)
    0x08007c68   0x08007c68   0x0000003c   Code   RO         1888    .text.osRtxThreadWaitEnter  RTX_CM3.lib(rtx_thread.o)
    0x08007ca4   0x08007ca4   0x00000022   Code   RO         1884    .text.osRtxThreadWaitExit  RTX_CM3.lib(rtx_thread.o)
    0x08007cc6   0x08007cc6   0x00000002   PAD
    0x08007cc8   0x08007cc8   0x00000074   Code   RO         2219    .text.osRtxTick_Handler  RTX_CM3.lib(rtx_system.o)
    0x08007d3c   0x08007d3c   0x00000020   Code   RO         2008    .text.osRtxTimerSetup  RTX_CM3.lib(rtx_timer.o)
    0x08007d5c   0x08007d5c   0x00000020   Code   RO         2012    .text.osRtxTimerThread  RTX_CM3.lib(rtx_timer.o)
    0x08007d7c   0x08007d7c   0x00000070   Code   RO         2010    .text.osRtxTimerTick  RTX_CM3.lib(rtx_timer.o)
    0x08007dec   0x08007dec   0x0000000c   Code   RO         1924    .text.osThreadExit  RTX_CM3.lib(rtx_thread.o)
    0x08007df8   0x08007df8   0x00000058   Code   RO         1932    .text.osThreadFlagsSet  RTX_CM3.lib(rtx_thread.o)
    0x08007e50   0x08007e50   0x00000024   Code   RO         1938    .text.osThreadFlagsWait  RTX_CM3.lib(rtx_thread.o)
    0x08007e74   0x08007e74   0x00000028   Code   RO         1900    .text.osThreadGetId  RTX_CM3.lib(rtx_thread.o)
    0x08007e9c   0x08007e9c   0x00000024   Code   RO         1896    .text.osThreadNew   RTX_CM3.lib(rtx_thread.o)
    0x08007ec0   0x08007ec0   0x00000024   Code   RO         1926    .text.osThreadTerminate  RTX_CM3.lib(rtx_thread.o)
    0x08007ee4   0x08007ee4   0x00000024   Code   RO         1914    .text.osThreadYield  RTX_CM3.lib(rtx_thread.o)
    0x08007f08   0x08007f08   0x00000024   Code   RO         2014    .text.osTimerNew    RTX_CM3.lib(rtx_timer.o)
    0x08007f2c   0x08007f2c   0x00000024   Code   RO         2018    .text.osTimerStart  RTX_CM3.lib(rtx_timer.o)
    0x08007f50   0x08007f50   0x00000024   Code   RO         2020    .text.osTimerStop   RTX_CM3.lib(rtx_timer.o)
    0x08007f74   0x08007f74   0x0000001e   Code   RO          334    .text.os_kernel_is_active  rtx_lib.o
    0x08007f92   0x08007f92   0x00000002   PAD
    0x08007f94   0x08007f94   0x00000016   Code   RO           41    .text.principal     principal.o
    0x08007faa   0x08007faa   0x00000002   PAD
    0x08007fac   0x08007fac   0x00000328   Code   RO          306    .text.procesarDatosTransmitidos  com.o
    0x080082d4   0x080082d4   0x0000075c   Code   RO           53    .text.programacion  principal.o
    0x08008a30   0x08008a30   0x00000080   Code   RO          308    .text.putInforamcionCola  com.o
    0x08008ab0   0x08008ab0   0x0000003a   Code   RO          151    .text.pwm           pwm.o
    0x08008aea   0x08008aea   0x00000002   PAD
    0x08008aec   0x08008aec   0x000000e0   Code   RO           45    .text.reposo        principal.o
    0x08008bcc   0x08008bcc   0x0000002c   Code   RO          157    .text.setCicloTrabajo  pwm.o
    0x08008bf8   0x08008bf8   0x0000002a   Code   RO           51    .text.setLeds       principal.o
    0x08008c22   0x08008c22   0x00000002   PAD
    0x08008c24   0x08008c24   0x00000008   Code   RO         1802    .text.svcRtxKernelGetState  RTX_CM3.lib(rtx_kernel.o)
    0x08008c2c   0x08008c2c   0x00000008   Code   RO         1818    .text.svcRtxKernelGetTickCount  RTX_CM3.lib(rtx_kernel.o)
    0x08008c34   0x08008c34   0x000000f8   Code   RO         1832    .text.svcRtxKernelInitialize  RTX_CM3.lib(rtx_kernel.o)
    0x08008d2c   0x08008d2c   0x00000084   Code   RO         1834    .text.svcRtxKernelStart  RTX_CM3.lib(rtx_kernel.o)
    0x08008db0   0x08008db0   0x000000d4   Code   RO         2130    .text.svcRtxMessageQueueGet  RTX_CM3.lib(rtx_msgqueue.o)
    0x08008e84   0x08008e84   0x00000118   Code   RO         2088    .text.svcRtxMessageQueueNew  RTX_CM3.lib(rtx_msgqueue.o)
    0x08008f9c   0x08008f9c   0x000000b0   Code   RO         2126    .text.svcRtxMessageQueuePut  RTX_CM3.lib(rtx_msgqueue.o)
    0x0800904c   0x0800904c   0x00000090   Code   RO         2070    .text.svcRtxMutexAcquire  RTX_CM3.lib(rtx_mutex.o)
    0x080090dc   0x080090dc   0x000000ac   Code   RO         2076    .text.svcRtxMutexDelete  RTX_CM3.lib(rtx_mutex.o)
    0x08009188   0x08009188   0x00000068   Code   RO         2066    .text.svcRtxMutexNew  RTX_CM3.lib(rtx_mutex.o)
    0x080091f0   0x080091f0   0x000000b4   Code   RO         2072    .text.svcRtxMutexRelease  RTX_CM3.lib(rtx_mutex.o)
    0x080092a4   0x080092a4   0x0000004c   Code   RO         1970    .text.svcRtxThreadExit  RTX_CM3.lib(rtx_thread.o)
    0x080092f0   0x080092f0   0x00000066   Code   RO         1982    .text.svcRtxThreadFlagsSet  RTX_CM3.lib(rtx_thread.o)
    0x08009356   0x08009356   0x00000002   PAD
    0x08009358   0x08009358   0x00000048   Code   RO         1988    .text.svcRtxThreadFlagsWait  RTX_CM3.lib(rtx_thread.o)
    0x080093a0   0x080093a0   0x0000000c   Code   RO         1902    .text.svcRtxThreadGetId  RTX_CM3.lib(rtx_thread.o)
    0x080093ac   0x080093ac   0x000001ec   Code   RO         1894    .text.svcRtxThreadNew  RTX_CM3.lib(rtx_thread.o)
    0x08009598   0x08009598   0x00000084   Code   RO         1976    .text.svcRtxThreadTerminate  RTX_CM3.lib(rtx_thread.o)
    0x0800961c   0x0800961c   0x00000038   Code   RO         1956    .text.svcRtxThreadYield  RTX_CM3.lib(rtx_thread.o)
    0x08009654   0x08009654   0x00000074   Code   RO         2028    .text.svcRtxTimerNew  RTX_CM3.lib(rtx_timer.o)
    0x080096c8   0x080096c8   0x00000048   Code   RO         2032    .text.svcRtxTimerStart  RTX_CM3.lib(rtx_timer.o)
    0x08009710   0x08009710   0x00000028   Code   RO         2036    .text.svcRtxTimerStop  RTX_CM3.lib(rtx_timer.o)
    0x08009738   0x08009738   0x0000001c   Code   RO          127    .text.symbolToLocalBuffer  lcd.o
    0x08009754   0x08009754   0x00000060   Code   RO          123    .text.symbolToLocalBuffer_L1  lcd.o
    0x080097b4   0x080097b4   0x0000006a   Code   RO          125    .text.symbolToLocalBuffer_L2  lcd.o
    0x0800981e   0x0800981e   0x00000002   PAD
    0x08009820   0x08009820   0x0000020c   Code   RO           49    .text.test          principal.o
    0x08009a2c   0x08009a2c   0x0000003e   Code   RO         2447    CL$$btod_d2e        c_w.l(btod.o)
    0x08009a6a   0x08009a6a   0x00000046   Code   RO         2449    CL$$btod_d2e_denorm_low  c_w.l(btod.o)
    0x08009ab0   0x08009ab0   0x00000060   Code   RO         2448    CL$$btod_d2e_norm_op1  c_w.l(btod.o)
    0x08009b10   0x08009b10   0x00000338   Code   RO         2457    CL$$btod_div_common  c_w.l(btod.o)
    0x08009e48   0x08009e48   0x00000084   Code   RO         2455    CL$$btod_e2d        c_w.l(btod.o)
    0x08009ecc   0x08009ecc   0x000000dc   Code   RO         2454    CL$$btod_e2e        c_w.l(btod.o)
    0x08009fa8   0x08009fa8   0x0000002a   Code   RO         2451    CL$$btod_ediv       c_w.l(btod.o)
    0x08009fd2   0x08009fd2   0x0000002a   Code   RO         2453    CL$$btod_edivd      c_w.l(btod.o)
    0x08009ffc   0x08009ffc   0x0000002a   Code   RO         2450    CL$$btod_emul       c_w.l(btod.o)
    0x0800a026   0x0800a026   0x0000002a   Code   RO         2452    CL$$btod_emuld      c_w.l(btod.o)
    0x0800a050   0x0800a050   0x00000244   Code   RO         2456    CL$$btod_mult_common  c_w.l(btod.o)
    0x0800a294   0x0800a294   0x00000028   Code   RO         2493    i.__ARM_fpclassify  m_ws.l(fpclassify.o)
    0x0800a2bc   0x0800a2bc   0x0000000e   Code   RO         2629    i.__mathlib_dbl_overflow  m_ws.l(dunder.o)
    0x0800a2ca   0x0800a2ca   0x00000002   PAD
    0x0800a2cc   0x0800a2cc   0x00000010   Code   RO         2631    i.__mathlib_dbl_underflow  m_ws.l(dunder.o)
    0x0800a2dc   0x0800a2dc   0x00000010   Code   RO         2495    i.__mathlib_narrow  m_ws.l(narrow.o)
    0x0800a2ec   0x0800a2ec   0x000000bc   Code   RO         2496    i.__mathlib_tofloat  m_ws.l(narrow.o)
    0x0800a3a8   0x0800a3a8   0x00000016   Code   RO         2599    i.__support_ldexp   m_ws.l(ldexp.o)
    0x0800a3be   0x0800a3be   0x0000000e   Code   RO         2281    i._is_digit         c_w.l(__printf_wp.o)
    0x0800a3cc   0x0800a3cc   0x00000058   Code   RO         2576    i.frexp             m_ws.l(frexp.o)
    0x0800a424   0x0800a424   0x00000074   Code   RO         2600    i.ldexp             m_ws.l(ldexp.o)
    0x0800a498   0x0800a498   0x00000094   Code   RO         2352    i.round             m_ws.l(round.o)
    0x0800a52c   0x0800a52c   0x0000002c   Code   RO         2475    locale$$code        c_w.l(lc_numeric_c.o)
    0x0800a558   0x0800a558   0x0000002c   Code   RO         2586    locale$$code        c_w.l(lc_ctype_c.o)
    0x0800a584   0x0800a584   0x00000062   Code   RO         2573    x$fpl$d2f           fz_ws.l(d2f.o)
    0x0800a5e6   0x0800a5e6   0x00000002   PAD
    0x0800a5e8   0x0800a5e8   0x00000150   Code   RO         2308    x$fpl$dadd          fz_ws.l(daddsub_clz.o)
    0x0800a738   0x0800a738   0x00000010   Code   RO         2623    x$fpl$dcheck1       fz_ws.l(dcheck1.o)
    0x0800a748   0x0800a748   0x00000018   Code   RO         2479    x$fpl$dcmpinf       fz_ws.l(dcmpi.o)
    0x0800a760   0x0800a760   0x00000078   Code   RO         2382    x$fpl$deqf          fz_ws.l(deqf.o)
    0x0800a7d8   0x0800a7d8   0x0000005e   Code   RO         2316    x$fpl$dfix          fz_ws.l(dfix.o)
    0x0800a836   0x0800a836   0x0000002e   Code   RO         2321    x$fpl$dflt          fz_ws.l(dflt_clz.o)
    0x0800a864   0x0800a864   0x00000026   Code   RO         2320    x$fpl$dfltu         fz_ws.l(dflt_clz.o)
    0x0800a88a   0x0800a88a   0x00000002   PAD
    0x0800a88c   0x0800a88c   0x00000078   Code   RO         2384    x$fpl$dgeqf         fz_ws.l(dgeqf.o)
    0x0800a904   0x0800a904   0x00000078   Code   RO         2386    x$fpl$dleqf         fz_ws.l(dleqf.o)
    0x0800a97c   0x0800a97c   0x00000154   Code   RO         2326    x$fpl$dmul          fz_ws.l(dmul.o)
    0x0800aad0   0x0800aad0   0x0000009c   Code   RO         2388    x$fpl$dnaninf       fz_ws.l(dnaninf.o)
    0x0800ab6c   0x0800ab6c   0x0000000c   Code   RO         2390    x$fpl$dretinf       fz_ws.l(dretinf.o)
    0x0800ab78   0x0800ab78   0x0000006c   Code   RO         2392    x$fpl$drleqf        fz_ws.l(drleqf.o)
    0x0800abe4   0x0800abe4   0x000000b4   Code   RO         2394    x$fpl$drnd          fz_ws.l(drnd.o)
    0x0800ac98   0x0800ac98   0x00000016   Code   RO         2309    x$fpl$drsb          fz_ws.l(daddsub_clz.o)
    0x0800acae   0x0800acae   0x00000002   PAD
    0x0800acb0   0x0800acb0   0x000001dc   Code   RO         2310    x$fpl$dsub          fz_ws.l(daddsub_clz.o)
    0x0800ae8c   0x0800ae8c   0x00000056   Code   RO         2328    x$fpl$f2d           fz_ws.l(f2d.o)
    0x0800aee2   0x0800aee2   0x00000002   PAD
    0x0800aee4   0x0800aee4   0x000000c4   Code   RO         2330    x$fpl$fadd          fz_ws.l(faddsub_clz.o)
    0x0800afa8   0x0800afa8   0x00000054   Code   RO         2314    x$fpl$fcmp          fz_ws.l(dcmp.o)
    0x0800affc   0x0800affc   0x00000036   Code   RO         2336    x$fpl$ffix          fz_ws.l(ffix.o)
    0x0800b032   0x0800b032   0x00000002   PAD
    0x0800b034   0x0800b034   0x00000030   Code   RO         2341    x$fpl$fflt          fz_ws.l(fflt_clz.o)
    0x0800b064   0x0800b064   0x00000026   Code   RO         2340    x$fpl$ffltu         fz_ws.l(fflt_clz.o)
    0x0800b08a   0x0800b08a   0x00000002   PAD
    0x0800b08c   0x0800b08c   0x00000102   Code   RO         2346    x$fpl$fmul          fz_ws.l(fmul.o)
    0x0800b18e   0x0800b18e   0x0000008c   Code   RO         2396    x$fpl$fnaninf       fz_ws.l(fnaninf.o)
    0x0800b21a   0x0800b21a   0x0000000a   Code   RO         2398    x$fpl$fretinf       fz_ws.l(fretinf.o)
    0x0800b224   0x0800b224   0x000000ea   Code   RO         2332    x$fpl$fsub          fz_ws.l(faddsub_clz.o)
    0x0800b30e   0x0800b30e   0x00000006   Code   RO         2485    x$fpl$ieeestatus    fz_ws.l(istatus.o)
    0x0800b314   0x0800b314   0x00000004   Code   RO         2348    x$fpl$printf1       fz_ws.l(printf1.o)
    0x0800b318   0x0800b318   0x00000064   Code   RO         2665    x$fpl$retnan        fz_ws.l(retnan.o)
    0x0800b37c   0x0800b37c   0x0000005c   Code   RO         2596    x$fpl$scalbn        fz_ws.l(scalbn.o)
    0x0800b3d8   0x0800b3d8   0x00000004   Code   RO         2350    x$fpl$scanf1        fz_ws.l(scanf1.o)
    0x0800b3dc   0x0800b3dc   0x00000008   Code   RO         2487    x$fpl$scanf2        fz_ws.l(scanf2.o)
    0x0800b3e4   0x0800b3e4   0x00000030   Code   RO         2699    x$fpl$trapveneer    fz_ws.l(trapv.o)
    0x0800b414   0x0800b414   0x00000000   Code   RO         2400    x$fpl$usenofp       fz_ws.l(usenofp.o)
    0x0800b414   0x0800b414   0x00000011   Data   RO         2284    .constdata          c_w.l(__printf_flags_wp.o)
    0x0800b425   0x0800b425   0x00000003   PAD
    0x0800b428   0x0800b428   0x00000094   Data   RO         2445    .constdata          c_w.l(bigflt0.o)
    0x0800b4bc   0x0800b4bc   0x000000a8   Data   RO          348    .rodata             rtx_lib.o
    0x0800b564   0x0800b564   0x00000010   Data   RO         1780    .rodata.AHBPrescTable  system_stm32f4xx.o
    0x0800b574   0x0800b574   0x00000008   Data   RO         1781    .rodata.APBPrescTable  system_stm32f4xx.o
    0x0800b57c   0x0800b57c   0x00000960   Data   RO          133    .rodata.Arial12x12  lcd.o
    0x0800bedc   0x0800bedc   0x00000030   Data   RO          431    .rodata.Driver_I2C1  i2c_stm32f4xx.o
    0x0800bf0c   0x0800bf0c   0x0000002c   Data   RO          501    .rodata.Driver_SPI1  spi_stm32f4xx.o
    0x0800bf38   0x0800bf38   0x00000038   Data   RO          581    .rodata.Driver_USART3  usart_stm32f4xx.o
    0x0800bf70   0x0800bf70   0x00000034   Data   RO          586    .rodata.USART3_Resources  usart_stm32f4xx.o
    0x0800bfa4   0x0800bfa4   0x0000000c   Data   RO          583    .rodata.USART3_rx   usart_stm32f4xx.o
    0x0800bfb0   0x0800bfb0   0x0000000c   Data   RO          582    .rodata.USART3_tx   usart_stm32f4xx.o
    0x0800bfbc   0x0800bfbc   0x00000004   Data   RO          350    .rodata.osRtxUserSVC  rtx_lib.o
    0x0800bfc0   0x0800bfc0   0x00000024   Data   RO          345    .rodata.os_idle_thread_attr  rtx_lib.o
    0x0800bfe4   0x0800bfe4   0x00000018   Data   RO          347    .rodata.os_timer_mq_attr  rtx_lib.o
    0x0800bffc   0x0800bffc   0x00000024   Data   RO          346    .rodata.os_timer_thread_attr  rtx_lib.o
    0x0800c020   0x0800c020   0x0000001d   Data   RO           78    .rodata.str1.1      principal.o
    0x0800c03d   0x0800c03d   0x00000003   PAD
    0x0800c040   0x0800c040   0x0000000b   Data   RO         1852    .rodata.str1.4      RTX_CM3.lib(rtx_kernel.o)
    0x0800c04b   0x0800c04b   0x00000001   PAD
    0x0800c04c   0x0800c04c   0x00000020   Data   RO         2702    Region$$Table       anon$$obj.o
    0x0800c06c   0x0800c06c   0x00000008   Data   RO         2481    c$$dinf             fz_ws.l(fpconst.o)
    0x0800c074   0x0800c074   0x00000008   Data   RO         2484    c$$dmax             fz_ws.l(fpconst.o)
    0x0800c07c   0x0800c07c   0x0000001c   Data   RO         2474    locale$$data        c_w.l(lc_numeric_c.o)
    0x0800c098   0x0800c098   0x00000110   Data   RO         2585    locale$$data        c_w.l(lc_ctype_c.o)


    Execution Region RW_IRAM1 (Exec base: 0x20000000, Load base: 0x0800c1a8, Size: 0x0000bc88, Max: 0x00030000, ABSOLUTE)

    Exec Addr    Load Addr    Size         Type   Attr      Idx    E Section Name        Object

    0x20000000   0x0800c1a8   0x00000004   Data   RW         1779    .data.SystemCoreClock  system_stm32f4xx.o
    0x20000004   0x0800c1ac   0x000000a4   Data   RW         1853    .data.os            RTX_CM3.lib(rtx_kernel.o)
    0x200000a8   0x0800c250   0x00000001   Data   RW           71    .data.pos           principal.o
    0x200000a9   0x0800c251   0x00000007   PAD
    0x200000b0   0x0800c258   0x00000008   Data   RW           69    .data.temREF        principal.o
    0x200000b8   0x0800c260   0x00000001   Data   RW          654    .data.uwTickFreq    stm32f4xx_hal.o
    0x200000b9   0x0800c261   0x00000003   PAD
    0x200000bc   0x0800c264   0x00000004   Data   RW          653    .data.uwTickPrio    stm32f4xx_hal.o
    0x200000c0   0x0800c268   0x00000001   Data   RW           72    .data.varMod        principal.o
    0x200000c1   0x0800c269   0x00000007   PAD
    0x200000c8        -       0x00000060   Zero   RW         2502    .bss                c_w.l(libspace.o)
    0x20000128        -       0x00000010   Zero   RW          285    .bss.ADC_Channel_Config.sConfig  pot.o
    0x20000138        -       0x00000014   Zero   RW          135    .bss.GPIO_InitStruct  lcd.o
    0x2000014c        -       0x00000004   Zero   RW            8    .bss.HAL_GetTick.ticks  main.o
    0x20000150        -       0x00000028   Zero   RW          432    .bss.I2C1_Info      i2c_stm32f4xx.o
    0x20000178        -       0x00000004   Zero   RW           86    .bss.PWM            principal.o
    0x2000017c        -       0x00000004   Zero   RW          503    .bss.SPI1_Info.0    spi_stm32f4xx.o
    0x20000180        -       0x00000001   Zero   RW          506    .bss.SPI1_Info.1.0  spi_stm32f4xx.o
    0x20000181   0x0800c269   0x00000003   PAD
    0x20000184        -       0x00000001   Zero   RW          507    .bss.SPI1_Info.1.1  spi_stm32f4xx.o
    0x20000185   0x0800c269   0x00000001   PAD
    0x20000186        -       0x00000001   Zero   RW          508    .bss.SPI1_Info.1.2  spi_stm32f4xx.o
    0x20000187   0x0800c269   0x00000001   PAD
    0x20000188        -       0x00000004   Zero   RW          504    .bss.SPI1_Info.2    spi_stm32f4xx.o
    0x2000018c        -       0x00000004   Zero   RW          505    .bss.SPI1_Info.3    spi_stm32f4xx.o
    0x20000190        -       0x0000001c   Zero   RW          502    .bss.SPI1_TransferInfo  spi_stm32f4xx.o
    0x200001ac        -       0x00000014   Zero   RW          584    .bss.USART3_Info    usart_stm32f4xx.o
    0x200001c0        -       0x00000024   Zero   RW          585    .bss.USART3_TransferInfo  usart_stm32f4xx.o
    0x200001e4        -       0x00000048   Zero   RW          281    .bss.adchandle      pot.o
    0x2000022c        -       0x00000200   Zero   RW          137    .bss.buffer         lcd.o
    0x2000042c        -       0x00000002   Zero   RW          239    .bss.buffer         temperatura.o
    0x2000042e        -       0x00000002   Zero   RW           75    .bss.cicloPWM       principal.o
    0x20000430        -       0x00000001   Zero   RW          318    .bss.comandoRX      com.o
    0x20000431   0x0800c269   0x00000007   PAD
    0x20000438        -       0x00000008   Zero   RW           81    .bss.doubTemMod     principal.o
    0x20000440        -       0x00000028   Zero   RW          316    .bss.envio          com.o
    0x20000468        -       0x00000018   Zero   RW          188    .bss.gesto          joystick.o
    0x20000480        -       0x00000004   Zero   RW           83    .bss.hora           principal.o
    0x20000484        -       0x00000008   Zero   RW          319    .bss.horaRX         com.o
    0x2000048c        -       0x00000001   Zero   RW          214    .bss.horas          clock.o
    0x2000048d        -       0x00000001   Zero   RW           66    .bss.horasMod       principal.o
    0x2000048e   0x0800c269   0x00000002   PAD
    0x20000490        -       0x00000040   Zero   RW          160    .bss.htim1          pwm.o
    0x200004d0        -       0x00000040   Zero   RW          136    .bss.htim7          lcd.o
    0x20000510        -       0x00000004   Zero   RW          211    .bss.id_clock       clock.o
    0x20000514        -       0x00000002   Zero   RW          193    .bss.informacion    joystick.o
    0x20000516        -       0x00000001   Zero   RW           80    .bss.intTemMod      principal.o
    0x20000517        -       0x00000001   Zero   RW          311    .bss.iteHora        com.o
    0x20000518        -       0x00000001   Zero   RW          310    .bss.iteTemp        com.o
    0x20000519   0x0800c269   0x00000003   PAD
    0x2000051c        -       0x00000030   Zero   RW          186    .bss.joystick       joystick.o
    0x2000054c        -       0x00000018   Zero   RW          191    .bss.joystickAD     joystick.o
    0x20000564        -       0x00000018   Zero   RW          192    .bss.joystickIBC    joystick.o
    0x2000057c   0x0800c269   0x00000004   PAD
    0x20000580        -       0x00000010   Zero   RW          284    .bss.medidas        pot.o
    0x20000590        -       0x00000190   Zero   RW           76    .bss.medidasBuffer  principal.o
    0x20000720        -       0x00000004   Zero   RW           58    .bss.mid_MsgQueueJOY  principal.o
    0x20000724        -       0x00000004   Zero   RW           59    .bss.mid_MsgQueueLCD  principal.o
    0x20000728        -       0x00000004   Zero   RW           63    .bss.mid_MsgQueueLeds  principal.o
    0x2000072c        -       0x00000004   Zero   RW           65    .bss.mid_MsgQueuePCRX  principal.o
    0x20000730        -       0x00000004   Zero   RW           64    .bss.mid_MsgQueuePCTX  principal.o
    0x20000734        -       0x00000004   Zero   RW           62    .bss.mid_MsgQueuePOT  principal.o
    0x20000738        -       0x00000004   Zero   RW           60    .bss.mid_MsgQueuePWM  principal.o
    0x2000073c        -       0x00000004   Zero   RW           61    .bss.mid_MsgQueueTEM  principal.o
    0x20000740        -       0x00000004   Zero   RW           84    .bss.min            principal.o
    0x20000744        -       0x00000001   Zero   RW          213    .bss.minutos        clock.o
    0x20000745        -       0x00000001   Zero   RW           67    .bss.minutosMod     principal.o
    0x20000746        -       0x00000001   Zero   RW           55    .bss.modos          principal.o
    0x20000747        -       0x00000001   Zero   RW           77    .bss.numMedida      principal.o
    0x20000748        -       0x0000a750   Zero   RW          344    .bss.os             rtx_lib.o
    0x2000ae98        -       0x00000001   Zero   RW         2251    .bss.os             RTX_CM3.lib(os_systick.o)
    0x2000ae99   0x0800c269   0x00000003   PAD
    0x2000ae9c        -       0x000001f0   Zero   RW          351    .bss.os.libspace    rtx_lib.o
    0x2000b08c        -       0x00000034   Zero   RW          355    .bss.os.msgqueue.cb  rtx_lib.o
    0x2000b0c0        -       0x00000050   Zero   RW          356    .bss.os.msgqueue.mem  rtx_lib.o
    0x2000b110        -       0x00000088   Zero   RW          352    .bss.os.thread.cb   rtx_lib.o
    0x2000b198        -       0x00000200   Zero   RW          353    .bss.os.thread.idle.stack  rtx_lib.o
    0x2000b398        -       0x00000200   Zero   RW          354    .bss.os.thread.timer.stack  rtx_lib.o
    0x2000b598        -       0x00000001   Zero   RW          357    .bss.os_kernel_is_active.os_kernel_active  rtx_lib.o
    0x2000b599   0x0800c269   0x00000001   PAD
    0x2000b59a        -       0x00000002   Zero   RW          138    .bss.positionL1     lcd.o
    0x2000b59c        -       0x00000002   Zero   RW          139    .bss.positionL2     lcd.o
    0x2000b59e   0x0800c269   0x00000002   PAD
    0x2000b5a0        -       0x00000010   Zero   RW           79    .bss.potMedidas     principal.o
    0x2000b5b0        -       0x00000002   Zero   RW           57    .bss.pulsacion      principal.o
    0x2000b5b2        -       0x00000001   Zero   RW          317    .bss.receive        com.o
    0x2000b5b3   0x0800c269   0x00000001   PAD
    0x2000b5b4        -       0x0000001c   Zero   RW           82    .bss.recived        principal.o
    0x2000b5d0        -       0x0000001c   Zero   RW          161    .bss.sConfigOC      pwm.o
    0x2000b5ec        -       0x00000004   Zero   RW           85    .bss.seg            principal.o
    0x2000b5f0        -       0x00000001   Zero   RW          212    .bss.segundos       clock.o
    0x2000b5f1        -       0x00000001   Zero   RW           68    .bss.segundosMod    principal.o
    0x2000b5f2   0x0800c269   0x00000006   PAD
    0x2000b5f8        -       0x00000008   Zero   RW           74    .bss.temMED         principal.o
    0x2000b600        -       0x00000008   Zero   RW           70    .bss.temRefMod      principal.o
    0x2000b608        -       0x00000008   Zero   RW          240    .bss.temperatura    temperatura.o
    0x2000b610        -       0x00000004   Zero   RW          320    .bss.temperaturaRX  com.o
    0x2000b614        -       0x00000004   Zero   RW          255    .bss.tid_Th_RGB     rgb.o
    0x2000b618        -       0x00000004   Zero   RW          312    .bss.tid_ThcomRX    com.o
    0x2000b61c        -       0x00000004   Zero   RW          313    .bss.tid_ThcomTX    com.o
    0x2000b620        -       0x00000004   Zero   RW          187    .bss.tid_Thjoy      joystick.o
    0x2000b624        -       0x00000004   Zero   RW          282    .bss.tid_Thpot      pot.o
    0x2000b628        -       0x00000004   Zero   RW          237    .bss.tid_Thtemperatura  temperatura.o
    0x2000b62c        -       0x00000004   Zero   RW          210    .bss.tid_clock      clock.o
    0x2000b630        -       0x00000004   Zero   RW          134    .bss.tid_lcd        lcd.o
    0x2000b634        -       0x00000004   Zero   RW           56    .bss.tid_principal  principal.o
    0x2000b638        -       0x00000004   Zero   RW          159    .bss.tid_pwm        pwm.o
    0x2000b63c        -       0x00000004   Zero   RW          189    .bss.tim_id1        joystick.o
    0x2000b640        -       0x00000004   Zero   RW          190    .bss.tim_id2        joystick.o
    0x2000b644        -       0x00000004   Zero   RW          238    .bss.tim_medida     temperatura.o
    0x2000b648        -       0x00000004   Zero   RW          283    .bss.tim_pot        pot.o
    0x2000b64c        -       0x0000001c   Zero   RW          321    .bss.tramaRX        com.o
    0x2000b668        -       0x0000001c   Zero   RW          315    .bss.tramaTX        com.o
    0x2000b684   0x0800c269   0x00000004   PAD
    0x2000b688        -       0x00000200   Zero   RW         1766    HEAP                startup_stm32f429xx.o
    0x2000b888        -       0x00000400   Zero   RW         1765    STACK               startup_stm32f429xx.o


==============================================================================

Image component sizes


      Code (inc. data)   RO Data    RW Data    ZI Data      Debug   Object Name

       258          0          0          0         11       1697   clock.o
      1506         20          0          0        120       6189   com.o
      3594          4         48          0         40      16723   i2c_stm32f4xx.o
       640          0          0          0        134       6585   joystick.o
      1354          0       2400          0        604      10791   lcd.o
       298          0          0          0          4       3389   main.o
       622          0          0          0        112       6856   pot.o
      4200        550         29         10        530       5476   principal.o
       320          0          0          0         96       5664   pwm.o
       234          0          0          0          4       2785   rgb.o
         4          0          0          0          0        696   rtx_config.o
       214          0        268          0      44621       7340   rtx_lib.o
      2174         26         44          0         43      16422   spi_stm32f4xx.o
        64         26        428          0       1536        800   startup_stm32f429xx.o
       182          0          0          5          0       8018   stm32f4xx_hal.o
      1158          0          0          0          0      10929   stm32f4xx_hal_adc.o
       346          0          0          0          0      11158   stm32f4xx_hal_cortex.o
       732          0          0          0          0       5436   stm32f4xx_hal_gpio.o
      1358          0          0          0          0       7600   stm32f4xx_hal_rcc.o
      1134          4          0          0          0      38570   stm32f4xx_hal_tim.o
        12          0          0          0          0        767   stm32f4xx_it.o
       142          0         24          4          0       2798   system_stm32f4xx.o
       400          0          0          0         18       3637   temperatura.o
      3888        100        132          0         56      19762   usart_stm32f4xx.o

    ----------------------------------------------------------------------
     25042        730       3408         32      47968     200088   Object Totals
         0          0         32          0          0          0   (incl. Generated)
       208          0          3         13         39          0   (incl. Padding)

    ----------------------------------------------------------------------

      Code (inc. data)   RO Data    RW Data    ZI Data      Debug   Library Member Name

       148          8          0          0          0        591   irq_armv7m.o
       114         20          0          0          1       3197   os_systick.o
       584         36         11        164          0      16501   rtx_kernel.o
       228          0          0          0          0       2537   rtx_memory.o
       188          0          0          0          0      16008   rtx_mempool.o
      1342         24          0          0          0      18657   rtx_msgqueue.o
       882         28          0          0          0       9962   rtx_mutex.o
       364         14          0          0          0       5296   rtx_system.o
      2264         84          0          0          0      31735   rtx_thread.o
       620         32          0          0          0      10397   rtx_timer.o
        60          8          0          0          0         84   __0sscanf.o
         8          0          0          0          0         68   __main.o
       312          4         17          0          0         92   __printf_flags_wp.o
        14          0          0          0          0         68   __printf_wp.o
         0          0          0          0          0          0   __rtentry.o
        20          0          0          0          0          0   __rtentry2.o
         6          0          0          0          0          0   __rtentry4.o
        52          8          0          0          0          0   __scatter.o
        26          0          0          0          0          0   __scatter_copy.o
        28          0          0          0          0          0   __scatter_zi.o
        28          0          0          0          0         68   _chval.o
        48          6          0          0          0         96   _printf_char_common.o
         6          0          0          0          0          0   _printf_d.o
       120         16          0          0          0         92   _printf_dec.o
         6          0          0          0          0          0   _printf_f.o
      1052          0          0          0          0        148   _printf_fp_dec.o
       128         16          0          0          0         84   _printf_fp_infnan.o
       178          0          0          0          0         88   _printf_intcommon.o
         0          0          0          0          0          0   _printf_percent.o
         4          0          0          0          0          0   _printf_percent_end.o
        22          0          0          0          0        100   _rserrno.o
       884          6          0          0          0        100   _scanf.o
       332          0          0          0          0         96   _scanf_int.o
        64          0          0          0          0         84   _sgetc.o
        10          0          0          0          0         68   _sputc.o
       228          4        148          0          0         96   bigflt0.o
      2152        136          0          0          0        956   btod.o
        18          0          0          0          0         80   exit.o
         6          0          0          0          0        152   heapauxi.o
         0          0          0          0          0          0   indicate_semi.o
        18          0          0          0          0         76   isspace.o
        44         10        272          0          0         76   lc_ctype_c.o
        44         10         28          0          0         76   lc_numeric_c.o
         2          0          0          0          0          0   libinit.o
        30          0          0          0          0          0   libinit2.o
         2          0          0          0          0          0   libshutdown.o
         2          0          0          0          0          0   libshutdown2.o
         8          4          0          0         96         68   libspace.o
        38          0          0          0          0         68   llshl.o
       138          0          0          0          0         80   lludiv10.o
       240          0          0          0          0        100   lludivv7m.o
        40          6          0          0          0         84   noretval__2sprintf.o
        16          4          0          0          0         76   rt_ctype_table.o
         4          0          0          0          0         68   rt_errno_addr_twolibspace.o
        10          0          0          0          0         76   rt_locale_twolibspace.o
        68          0          0          0          0         68   rt_memclr.o
        78          0          0          0          0         80   rt_memclr_w.o
       138          0          0          0          0         68   rt_memcpy_v6.o
       100          0          0          0          0         80   rt_memcpy_w.o
         2          0          0          0          0          0   rtexit.o
        10          0          0          0          0          0   rtexit2.o
        44          8          0          0          0         84   scanf_char.o
      1272         16          0          0          0        168   scanf_fp.o
       800         14          0          0          0        100   scanf_hexfp.o
       308         16          0          0          0        100   scanf_infnan.o
       124          0          0          0          0         88   strcmpv7em.o
        12          4          0          0          0         68   sys_exit.o
        74          0          0          0          0         80   sys_stackheap_outer.o
         2          0          0          0          0         68   use_no_semi.o
        98          4          0          0          0         92   d2f.o
       834         16          0          0          0        372   daddsub_clz.o
        16          4          0          0          0         68   dcheck1.o
        84          0          0          0          0        196   dcmp.o
        24          0          0          0          0         68   dcmpi.o
       120          4          0          0          0         92   deqf.o
        94          4          0          0          0         92   dfix.o
        84          0          0          0          0        136   dflt_clz.o
       120          4          0          0          0         92   dgeqf.o
       120          4          0          0          0         92   dleqf.o
       340         12          0          0          0        104   dmul.o
       156          4          0          0          0         92   dnaninf.o
        12          0          0          0          0         68   dretinf.o
       108          0          0          0          0         80   drleqf.o
       180          4          0          0          0         80   drnd.o
        86          4          0          0          0         84   f2d.o
       430          8          0          0          0        168   faddsub_clz.o
        54          4          0          0          0         84   ffix.o
        86          0          0          0          0        136   fflt_clz.o
       258          4          0          0          0         84   fmul.o
       140          4          0          0          0         84   fnaninf.o
         0          0         16          0          0          0   fpconst.o
        10          0          0          0          0         68   fretinf.o
         6          0          0          0          0         68   istatus.o
         4          0          0          0          0         68   printf1.o
       100          0          0          0          0         68   retnan.o
        92          0          0          0          0         68   scalbn.o
         4          0          0          0          0         68   scanf1.o
         8          0          0          0          0         84   scanf2.o
        48          0          0          0          0         68   trapv.o
         0          0          0          0          0          0   usenofp.o
        30          6          0          0          0        136   dunder.o
        40          0          0          0          0         68   fpclassify.o
        88          8          0          0          0         76   frexp.o
       138          0          0          0          0        160   ldexp.o
       204          4          0          0          0        168   narrow.o
       148         12          0          0          0         88   round.o

    ----------------------------------------------------------------------
     20630        656        496        164        100     123021   Library Totals
        52          0          4          0          3          0   (incl. Padding)

    ----------------------------------------------------------------------

      Code (inc. data)   RO Data    RW Data    ZI Data      Debug   Library Name

      6734        246         11        164          1     114881   RTX_CM3.lib
      9480        296        465          0         96       4520   c_w.l
      3716         84         16          0          0       2924   fz_ws.l
       648         30          0          0          0        696   m_ws.l

    ----------------------------------------------------------------------
     20630        656        496        164        100     123021   Library Totals

    ----------------------------------------------------------------------

==============================================================================


      Code (inc. data)   RO Data    RW Data    ZI Data      Debug   

     45672       1386       3904        196      48068     317929   Grand Totals
     45672       1386       3904        196      48068     317929   ELF Image Totals
     45672       1386       3904        196          0          0   ROM Totals

==============================================================================

    Total RO  Size (Code + RO Data)                49576 (  48.41kB)
    Total RW  Size (RW Data + ZI Data)             48264 (  47.13kB)
    Total ROM Size (Code + RO Data + RW Data)      49772 (  48.61kB)

==============================================================================

