Component: ARM Compiler 6.16 Tool: armlink [5dfeaa00]

==============================================================================

Section Cross References

    main.o(.text.HAL_GetTick) refers to rtx_kernel.o(.text.osKernelGetState) for osKernelGetState
    main.o(.text.HAL_GetTick) refers to rtx_kernel.o(.text.osKernelGetTickCount) for osKernelGetTickCount
    main.o(.text.HAL_GetTick) refers to system_stm32f4xx.o(.data.SystemCoreClock) for SystemCoreClock
    main.o(.text.HAL_GetTick) refers to main.o(.bss.HAL_GetTick.ticks) for HAL_GetTick.ticks
    main.o(.ARM.exidx.text.HAL_GetTick) refers to main.o(.text.HAL_GetTick) for [Anonymous Symbol]
    main.o(.text.main) refers to stm32f4xx_hal.o(.text.HAL_Init) for HAL_Init
    main.o(.text.main) refers to main.o(.text.SystemClock_Config) for SystemClock_Config
    main.o(.text.main) refers to system_stm32f4xx.o(.text.SystemCoreClockUpdate) for SystemCoreClockUpdate
    main.o(.text.main) refers to lcd.o(.text.Init_LCD) for Init_LCD
    main.o(.text.main) refers to principal.o(.text.Init_principal) for Init_principal
    main.o(.text.main) refers to pwm.o(.text.Init_pwm) for Init_pwm
    main.o(.text.main) refers to joystick.o(.text.Init_Thjoy) for Init_Thjoy
    main.o(.text.main) refers to clock.o(.text.Init_Clock) for Init_Clock
    main.o(.text.main) refers to temperatura.o(.text.Init_Thtemperatura) for Init_Thtemperatura
    main.o(.text.main) refers to rgb.o(.text.Init_ThRGB) for Init_ThRGB
    main.o(.text.main) refers to pot.o(.text.Init_Thpot) for Init_Thpot
    main.o(.text.main) refers to com.o(.text.Init_Thcom) for Init_Thcom
    main.o(.text.main) refers to rtx_kernel.o(.text.osKernelInitialize) for osKernelInitialize
    main.o(.text.main) refers to rtx_kernel.o(.text.osKernelStart) for osKernelStart
    main.o(.ARM.exidx.text.main) refers to main.o(.text.main) for [Anonymous Symbol]
    main.o(.text.SystemClock_Config) refers to stm32f4xx_hal_rcc.o(.text.HAL_RCC_OscConfig) for HAL_RCC_OscConfig
    main.o(.text.SystemClock_Config) refers to stm32f4xx_hal_rcc.o(.text.HAL_RCC_ClockConfig) for HAL_RCC_ClockConfig
    main.o(.text.SystemClock_Config) refers to stm32f4xx_hal.o(.text.HAL_GetREVID) for HAL_GetREVID
    main.o(.ARM.exidx.text.SystemClock_Config) refers to main.o(.text.SystemClock_Config) for [Anonymous Symbol]
    stm32f4xx_it.o(.ARM.exidx.text.NMI_Handler) refers to stm32f4xx_it.o(.text.NMI_Handler) for [Anonymous Symbol]
    stm32f4xx_it.o(.ARM.exidx.text.HardFault_Handler) refers to stm32f4xx_it.o(.text.HardFault_Handler) for [Anonymous Symbol]
    stm32f4xx_it.o(.ARM.exidx.text.MemManage_Handler) refers to stm32f4xx_it.o(.text.MemManage_Handler) for [Anonymous Symbol]
    stm32f4xx_it.o(.ARM.exidx.text.BusFault_Handler) refers to stm32f4xx_it.o(.text.BusFault_Handler) for [Anonymous Symbol]
    stm32f4xx_it.o(.ARM.exidx.text.UsageFault_Handler) refers to stm32f4xx_it.o(.text.UsageFault_Handler) for [Anonymous Symbol]
    stm32f4xx_it.o(.ARM.exidx.text.DebugMon_Handler) refers to stm32f4xx_it.o(.text.DebugMon_Handler) for [Anonymous Symbol]
    principal.o(.text) refers (Special) to _printf_d.o(.ARM.Collect$$_printf_percent$$00000009) for _printf_d
    principal.o(.text) refers (Special) to _printf_f.o(.ARM.Collect$$_printf_percent$$00000003) for _printf_f
    principal.o(.text) refers (Special) to printf1.o(x$fpl$printf1) for _printf_fp_dec
    principal.o(.text) refers (Special) to _printf_dec.o(.text) for _printf_int_dec
    principal.o(.text) refers (Special) to _printf_percent.o(.ARM.Collect$$_printf_percent$$00000000) for _printf_percent
    principal.o(.text.Init_principal) refers (Special) to _printf_d.o(.ARM.Collect$$_printf_percent$$00000009) for _printf_d
    principal.o(.text.Init_principal) refers (Special) to _printf_f.o(.ARM.Collect$$_printf_percent$$00000003) for _printf_f
    principal.o(.text.Init_principal) refers (Special) to printf1.o(x$fpl$printf1) for _printf_fp_dec
    principal.o(.text.Init_principal) refers (Special) to _printf_dec.o(.text) for _printf_int_dec
    principal.o(.text.Init_principal) refers (Special) to _printf_percent.o(.ARM.Collect$$_printf_percent$$00000000) for _printf_percent
    principal.o(.text.Init_principal) refers to principal.o(.text.Init_MsgQueue) for Init_MsgQueue
    principal.o(.text.Init_principal) refers to principal.o(.text.principal) for principal
    principal.o(.text.Init_principal) refers to rtx_thread.o(.text.osThreadNew) for osThreadNew
    principal.o(.text.Init_principal) refers to principal.o(.bss.tid_principal) for tid_principal
    principal.o(.ARM.exidx.text.Init_principal) refers (Special) to _printf_d.o(.ARM.Collect$$_printf_percent$$00000009) for _printf_d
    principal.o(.ARM.exidx.text.Init_principal) refers (Special) to _printf_f.o(.ARM.Collect$$_printf_percent$$00000003) for _printf_f
    principal.o(.ARM.exidx.text.Init_principal) refers (Special) to printf1.o(x$fpl$printf1) for _printf_fp_dec
[...]
    _deq                                     0x0800af99   Thumb Code    14  dcmp.o(x$fpl$fcmp)
    _dneq                                    0x0800afa7   Thumb Code    14  dcmp.o(x$fpl$fcmp)
    __aeabi_dcmpgt                           0x0800afb5   Thumb Code     0  dcmp.o(x$fpl$fcmp)
    _dgr                                     0x0800afb5   Thumb Code    14  dcmp.o(x$fpl$fcmp)
    __aeabi_dcmpge                           0x0800afc3   Thumb Code     0  dcmp.o(x$fpl$fcmp)
    _dgeq                                    0x0800afc3   Thumb Code    14  dcmp.o(x$fpl$fcmp)
    __aeabi_dcmple                           0x0800afd1   Thumb Code     0  dcmp.o(x$fpl$fcmp)
    _dleq                                    0x0800afd1   Thumb Code    14  dcmp.o(x$fpl$fcmp)
    __aeabi_dcmplt                           0x0800afdf   Thumb Code     0  dcmp.o(x$fpl$fcmp)
    _dls                                     0x0800afdf   Thumb Code    14  dcmp.o(x$fpl$fcmp)
    __aeabi_f2iz                             0x0800afed   Thumb Code     0  ffix.o(x$fpl$ffix)
    _ffix                                    0x0800afed   Thumb Code    54  ffix.o(x$fpl$ffix)
    __aeabi_ui2f                             0x0800b025   Thumb Code     0  fflt_clz.o(x$fpl$ffltu)
    _ffltu                                   0x0800b025   Thumb Code    38  fflt_clz.o(x$fpl$ffltu)
    __aeabi_fmul                             0x0800b04d   Thumb Code     0  fmul.o(x$fpl$fmul)
    _fmul                                    0x0800b04d   Thumb Code   258  fmul.o(x$fpl$fmul)
    __fpl_fnaninf                            0x0800b14f   Thumb Code   140  fnaninf.o(x$fpl$fnaninf)
    __fpl_fretinf                            0x0800b1db   Thumb Code    10  fretinf.o(x$fpl$fretinf)
    __aeabi_fsub                             0x0800b1e5   Thumb Code     0  faddsub_clz.o(x$fpl$fsub)
    _fsub                                    0x0800b1e5   Thumb Code   234  faddsub_clz.o(x$fpl$fsub)
    __ieee_status                            0x0800b2cf   Thumb Code     6  istatus.o(x$fpl$ieeestatus)
    _printf_fp_dec                           0x0800b2d5   Thumb Code     4  printf1.o(x$fpl$printf1)
    __fpl_return_NaN                         0x0800b2d9   Thumb Code   100  retnan.o(x$fpl$retnan)
    __ARM_scalbn                             0x0800b33d   Thumb Code    92  scalbn.o(x$fpl$scalbn)
    _scanf_real                              0x0800b399   Thumb Code     4  scanf1.o(x$fpl$scanf1)
    _scanf_hex_real                          0x0800b39d   Thumb Code     4  scanf2.o(x$fpl$scanf2)
    _scanf_infnan                            0x0800b3a1   Thumb Code     4  scanf2.o(x$fpl$scanf2)
    __fpl_cmpreturn                          0x0800b3a5   Thumb Code    48  trapv.o(x$fpl$trapveneer)
    __I$use$fp                               0x0800b3d4   Number         0  usenofp.o(x$fpl$usenofp)
    osRtxConfig                              0x0800b47c   Data         112  rtx_lib.o(.rodata)
    os_cb_sections                           0x0800b4ec   Data          56  rtx_lib.o(.rodata)
    AHBPrescTable                            0x0800b524   Data          16  system_stm32f4xx.o(.rodata.AHBPrescTable)
    APBPrescTable                            0x0800b534   Data           8  system_stm32f4xx.o(.rodata.APBPrescTable)
    Arial12x12                               0x0800b53c   Data        2400  lcd.o(.rodata.Arial12x12)
    Driver_I2C1                              0x0800be9c   Data          48  i2c_stm32f4xx.o(.rodata.Driver_I2C1)
    Driver_SPI1                              0x0800becc   Data          44  spi_stm32f4xx.o(.rodata.Driver_SPI1)
    Driver_USART3                            0x0800bef8   Data          56  usart_stm32f4xx.o(.rodata.Driver_USART3)
    osRtxUserSVC                             0x0800bf7c   Data           4  rtx_lib.o(.rodata.osRtxUserSVC)
    Region$$Table$$Base                      0x0800c00c   Number         0  anon$$obj.o(Region$$Table)
    Region$$Table$$Limit                     0x0800c02c   Number         0  anon$$obj.o(Region$$Table)
    __aeabi_HUGE_VAL                         0x0800c02c   Data           0  fpconst.o(c$$dinf)
    __aeabi_HUGE_VALL                        0x0800c02c   Data           0  fpconst.o(c$$dinf)
    __aeabi_INFINITY                         0x0800c02c   Data           0  fpconst.o(c$$dinf)
    __dInf                                   0x0800c02c   Data           0  fpconst.o(c$$dinf)
    __huge_val                               0x0800c02c   Data           0  fpconst.o(c$$dinf)
    __dbl_max                                0x0800c034   Data           0  fpconst.o(c$$dmax)
    __ctype                                  0x0800c065   Data           0  lc_ctype_c.o(locale$$data)
    SystemCoreClock                          0x20000000   Data           4  system_stm32f4xx.o(.data.SystemCoreClock)
    osRtxInfo                                0x20000004   Data         164  rtx_kernel.o(.data.os)
    uwTickFreq                               0x200000b8   Data           1  stm32f4xx_hal.o(.data.uwTickFreq)
    uwTickPrio                               0x200000bc   Data           4  stm32f4xx_hal.o(.data.uwTickPrio)
    __libspace_start                         0x200000c8   Data          96  libspace.o(.bss)
    __temporary_stack_top$libspace           0x20000128   Data           0  libspace.o(.bss)
    cuenta                                   0x20000430   Data           4  com.o(.bss.cuenta)
    horas                                    0x20000488   Data           1  clock.o(.bss.horas)
    id_clock                                 0x2000050c   Data           4  clock.o(.bss.id_clock)
    mid_MsgQueueJOY                          0x20000718   Data           4  principal.o(.bss.mid_MsgQueueJOY)
    mid_MsgQueueLCD                          0x2000071c   Data           4  principal.o(.bss.mid_MsgQueueLCD)
    mid_MsgQueueLeds                         0x20000720   Data           4  principal.o(.bss.mid_MsgQueueLeds)
    mid_MsgQueuePCRX                         0x20000724   Data           4  principal.o(.bss.mid_MsgQueuePCRX)
    mid_MsgQueuePCTX                         0x20000728   Data           4  principal.o(.bss.mid_MsgQueuePCTX)
    mid_MsgQueuePOT                          0x2000072c   Data           4  principal.o(.bss.mid_MsgQueuePOT)
    mid_MsgQueuePWM                          0x20000730   Data           4  principal.o(.bss.mid_MsgQueuePWM)
    mid_MsgQueueTEM                          0x20000734   Data           4  principal.o(.bss.mid_MsgQueueTEM)
    minutos                                  0x20000738   Data           1  clock.o(.bss.minutos)
    modos                                    0x2000073a   Data           1  principal.o(.bss.modos)
    .bss.os.msgqueue.cb$$Base                0x2000b084   Number         0  rtx_lib.o(.bss.os.msgqueue.cb)
    .bss.os.msgqueue.cb$$Limit               0x2000b0b8   Number         0  rtx_lib.o(.bss.os.msgqueue.cb)
    .bss.os.thread.cb$$Base                  0x2000b108   Number         0  rtx_lib.o(.bss.os.thread.cb)
    .bss.os.thread.cb$$Limit                 0x2000b190   Number         0  rtx_lib.o(.bss.os.thread.cb)
    segundos                                 0x2000b5f4   Data           1  clock.o(.bss.segundos)
    tid_Th_RGB                               0x2000b614   Data           4  rgb.o(.bss.tid_Th_RGB)
    tid_ThcomTX                              0x2000b61c   Data           4  com.o(.bss.tid_ThcomTX)
    tid_Thjoy                                0x2000b620   Data           4  joystick.o(.bss.tid_Thjoy)
    tid_Thtemperatura                        0x2000b628   Data           4  temperatura.o(.bss.tid_Thtemperatura)
    tid_lcd                                  0x2000b630   Data           4  lcd.o(.bss.tid_lcd)
    tid_principal                            0x2000b634   Data           4  principal.o(.bss.tid_principal)
    tid_pwm                                  0x2000b638   Data           4  pwm.o(.bss.tid_pwm)
    tim_medida                               0x2000b644   Data           4  temperatura.o(.bss.tim_medida)
    tim_pot                                  0x2000b648   Data           4  pot.o(.bss.tim_pot)
    tramaRX                                  0x2000b64c   Data          28  com.o(.bss.tramaRX)



==============================================================================

Memory Map of the image

  Image Entry point : 0x080001ad

  Load Region LR_IROM1 (Base: 0x08000000, Size: 0x0000c230, Max: 0x00200000, ABSOLUTE)

    Execution Region ER_IROM1 (Exec base: 0x08000000, Load base: 0x08000000, Size: 0x0000c168, Max: 0x00200000, ABSOLUTE)

    Exec Addr    Load Addr    Size         Type   Attr      Idx    E Section Name        Object

    0x08000000   0x08000000   0x000001ac   Data   RO         1766    RESET               startup_stm32f429xx.o
    0x080001ac   0x080001ac   0x00000008   Code   RO         2305  * !!!main             c_w.l(__main.o)
    0x080001b4   0x080001b4   0x00000034   Code   RO         2702    !!!scatter          c_w.l(__scatter.o)
    0x080001e8   0x080001e8   0x0000001a   Code   RO         2704    !!handler_copy      c_w.l(__scatter_copy.o)
    0x08000202   0x08000202   0x00000002   PAD
    0x08000204   0x08000204   0x0000001c   Code   RO         2706    !!handler_zi        c_w.l(__scatter_zi.o)
    0x08000220   0x08000220   0x00000000   Code   RO         2292    .ARM.Collect$$_printf_percent$$00000000  c_w.l(_printf_percent.o)
    0x08000220   0x08000220   0x00000006   Code   RO         2291    .ARM.Collect$$_printf_percent$$00000003  c_w.l(_printf_f.o)
    0x08000226   0x08000226   0x00000006   Code   RO         2290    .ARM.Collect$$_printf_percent$$00000009  c_w.l(_printf_d.o)
    0x0800022c   0x0800022c   0x00000004   Code   RO         2368    .ARM.Collect$$_printf_percent$$00000017  c_w.l(_printf_percent_end.o)
    0x08000230   0x08000230   0x00000002   Code   RO         2526    .ARM.Collect$$libinit$$00000000  c_w.l(libinit.o)
    0x08000232   0x08000232   0x00000000   Code   RO         2528    .ARM.Collect$$libinit$$00000002  c_w.l(libinit2.o)
    0x08000232   0x08000232   0x00000000   Code   RO         2530    .ARM.Collect$$libinit$$00000004  c_w.l(libinit2.o)
    0x08000232   0x08000232   0x00000000   Code   RO         2533    .ARM.Collect$$libinit$$0000000A  c_w.l(libinit2.o)
    0x08000232   0x08000232   0x00000000   Code   RO         2535    .ARM.Collect$$libinit$$0000000C  c_w.l(libinit2.o)
    0x08000232   0x08000232   0x00000000   Code   RO         2537    .ARM.Collect$$libinit$$0000000E  c_w.l(libinit2.o)
    0x08000232   0x08000232   0x00000006   Code   RO         2538    .ARM.Collect$$libinit$$0000000F  c_w.l(libinit2.o)
    0x08000238   0x08000238   0x00000000   Code   RO         2540    .ARM.Collect$$libinit$$00000011  c_w.l(libinit2.o)
    0x08000238   0x08000238   0x0000000c   Code   RO         2541    .ARM.Collect$$libinit$$00000012  c_w.l(libinit2.o)
    0x08000244   0x08000244   0x00000000   Code   RO         2542    .ARM.Collect$$libinit$$00000013  c_w.l(libinit2.o)
    0x08000244   0x08000244   0x00000000   Code   RO         2544    .ARM.Collect$$libinit$$00000015  c_w.l(libinit2.o)
    0x08000244   0x08000244   0x0000000a   Code   RO         2545    .ARM.Collect$$libinit$$00000016  c_w.l(libinit2.o)
    0x0800024e   0x0800024e   0x00000000   Code   RO         2546    .ARM.Collect$$libinit$$00000017  c_w.l(libinit2.o)
    0x0800024e   0x0800024e   0x00000000   Code   RO         2548    .ARM.Collect$$libinit$$00000019  c_w.l(libinit2.o)
    0x0800024e   0x0800024e   0x00000000   Code   RO         2550    .ARM.Collect$$libinit$$0000001B  c_w.l(libinit2.o)
    0x0800024e   0x0800024e   0x00000000   Code   RO         2552    .ARM.Collect$$libinit$$0000001D  c_w.l(libinit2.o)
    0x0800024e   0x0800024e   0x00000000   Code   RO         2554    .ARM.Collect$$libinit$$0000001F  c_w.l(libinit2.o)
    0x0800024e   0x0800024e   0x00000000   Code   RO         2556    .ARM.Collect$$libinit$$00000021  c_w.l(libinit2.o)
    0x0800024e   0x0800024e   0x00000000   Code   RO         2558    .ARM.Collect$$libinit$$00000023  c_w.l(libinit2.o)
    0x0800024e   0x0800024e   0x00000000   Code   RO         2560    .ARM.Collect$$libinit$$00000025  c_w.l(libinit2.o)
    0x0800024e   0x0800024e   0x00000000   Code   RO         2564    .ARM.Collect$$libinit$$0000002C  c_w.l(libinit2.o)
    0x0800024e   0x0800024e   0x00000000   Code   RO         2566    .ARM.Collect$$libinit$$0000002E  c_w.l(libinit2.o)
    0x0800024e   0x0800024e   0x00000000   Code   RO         2568    .ARM.Collect$$libinit$$00000030  c_w.l(libinit2.o)
    0x0800024e   0x0800024e   0x00000000   Code   RO         2570    .ARM.Collect$$libinit$$00000032  c_w.l(libinit2.o)
    0x0800024e   0x0800024e   0x00000002   Code   RO         2571    .ARM.Collect$$libinit$$00000033  c_w.l(libinit2.o)
    0x08000250   0x08000250   0x00000002   Code   RO         2659    .ARM.Collect$$libshutdown$$00000000  c_w.l(libshutdown.o)
    0x08000252   0x08000252   0x00000000   Code   RO         2683    .ARM.Collect$$libshutdown$$00000002  c_w.l(libshutdown2.o)
    0x08000252   0x08000252   0x00000000   Code   RO         2685    .ARM.Collect$$libshutdown$$00000004  c_w.l(libshutdown2.o)
    0x08000252   0x08000252   0x00000000   Code   RO         2688    .ARM.Collect$$libshutdown$$00000007  c_w.l(libshutdown2.o)
    0x08000252   0x08000252   0x00000000   Code   RO         2691    .ARM.Collect$$libshutdown$$0000000A  c_w.l(libshutdown2.o)
    0x08000252   0x08000252   0x00000000   Code   RO         2693    .ARM.Collect$$libshutdown$$0000000C  c_w.l(libshutdown2.o)
    0x08000252   0x08000252   0x00000000   Code   RO         2696    .ARM.Collect$$libshutdown$$0000000F  c_w.l(libshutdown2.o)
    0x08000252   0x08000252   0x00000002   Code   RO         2697    .ARM.Collect$$libshutdown$$00000010  c_w.l(libshutdown2.o)
    0x08000254   0x08000254   0x00000000   Code   RO         2353    .ARM.Collect$$rtentry$$00000000  c_w.l(__rtentry.o)
    0x08000254   0x08000254   0x00000000   Code   RO         2401    .ARM.Collect$$rtentry$$00000002  c_w.l(__rtentry2.o)
    0x08000254   0x08000254   0x00000006   Code   RO         2413    .ARM.Collect$$rtentry$$00000004  c_w.l(__rtentry4.o)
    0x0800025a   0x0800025a   0x00000008   Code   RO         2402    .ARM.Collect$$rtentry$$00000008  c_w.l(__rtentry2.o)
    0x08000262   0x08000262   0x00000004   Code   RO         2404    .ARM.Collect$$rtentry$$0000000A  c_w.l(__rtentry2.o)
    0x08000266   0x08000266   0x00000000   Code   RO         2406    .ARM.Collect$$rtentry$$0000000C  c_w.l(__rtentry2.o)
    0x08000266   0x08000266   0x00000008   Code   RO         2407    .ARM.Collect$$rtentry$$0000000D  c_w.l(__rtentry2.o)
    0x0800026e   0x0800026e   0x00000002   Code   RO         2578    .ARM.Collect$$rtexit$$00000000  c_w.l(rtexit.o)
    0x08000270   0x08000270   0x00000000   Code   RO         2608    .ARM.Collect$$rtexit$$00000002  c_w.l(rtexit2.o)
    0x08000270   0x08000270   0x00000004   Code   RO         2609    .ARM.Collect$$rtexit$$00000003  c_w.l(rtexit2.o)
    0x08000274   0x08000274   0x00000006   Code   RO         2610    .ARM.Collect$$rtexit$$00000004  c_w.l(rtexit2.o)
    0x0800027a   0x0800027a   0x00000002   PAD
    0x0800027c   0x0800027c   0x00000040   Code   RO         1767    .text               startup_stm32f429xx.o
    0x080002bc   0x080002bc   0x00000094   Code   RO         2144    .text               RTX_CM3.lib(irq_armv7m.o)
    0x08000350   0x08000350   0x000000f0   Code   RO         2260    .text               c_w.l(lludivv7m.o)
    0x08000440   0x08000440   0x00000028   Code   RO         2264    .text               c_w.l(noretval__2sprintf.o)
    0x08000468   0x08000468   0x00000078   Code   RO         2268    .text               c_w.l(_printf_dec.o)
    0x080004e0   0x080004e0   0x00000138   Code   RO         2282    .text               c_w.l(__printf_flags_wp.o)
    0x08000618   0x08000618   0x0000003c   Code   RO         2293    .text               c_w.l(__0sscanf.o)
    0x08000654   0x08000654   0x0000014c   Code   RO         2295    .text               c_w.l(_scanf_int.o)
    0x080007a0   0x080007a0   0x0000008a   Code   RO         2297    .text               c_w.l(rt_memcpy_v6.o)
    0x0800082a   0x0800082a   0x00000044   Code   RO         2299    .text               c_w.l(rt_memclr.o)
    0x0800086e   0x0800086e   0x0000004e   Code   RO         2301    .text               c_w.l(rt_memclr_w.o)
    0x080008bc   0x080008bc   0x00000006   Code   RO         2303    .text               c_w.l(heapauxi.o)
    0x080008c2   0x080008c2   0x000000b2   Code   RO         2358    .text               c_w.l(_printf_intcommon.o)
    0x08000974   0x08000974   0x0000041c   Code   RO         2360    .text               c_w.l(_printf_fp_dec.o)
    0x08000d90   0x08000d90   0x00000030   Code   RO         2364    .text               c_w.l(_printf_char_common.o)
    0x08000dc0   0x08000dc0   0x0000000a   Code   RO         2366    .text               c_w.l(_sputc.o)
    0x08000dca   0x08000dca   0x0000001c   Code   RO         2369    .text               c_w.l(_chval.o)
    0x08000de6   0x08000de6   0x00000002   PAD
    0x08000de8   0x08000de8   0x000004f8   Code   RO         2371    .text               c_w.l(scanf_fp.o)
    0x080012e0   0x080012e0   0x0000002c   Code   RO         2375    .text               c_w.l(scanf_char.o)
    0x0800130c   0x0800130c   0x00000040   Code   RO         2377    .text               c_w.l(_sgetc.o)
    0x0800134c   0x0800134c   0x00000064   Code   RO         2379    .text               c_w.l(rt_memcpy_w.o)
    0x080013b0   0x080013b0   0x0000000a   Code   RO         2422    .text               c_w.l(rt_locale_twolibspace.o)
    0x080013ba   0x080013ba   0x00000004   Code   RO         2429    .text               c_w.l(rt_errno_addr_twolibspace.o)
    0x080013be   0x080013be   0x00000026   Code   RO         2431    .text               c_w.l(llshl.o)
    0x080013e4   0x080013e4   0x0000008a   Code   RO         2433    .text               c_w.l(lludiv10.o)
    0x0800146e   0x0800146e   0x00000012   Code   RO         2435    .text               c_w.l(isspace.o)
    0x08001480   0x08001480   0x00000080   Code   RO         2437    .text               c_w.l(_printf_fp_infnan.o)
    0x08001500   0x08001500   0x00000374   Code   RO         2441    .text               c_w.l(_scanf.o)
    0x08001874   0x08001874   0x000000e4   Code   RO         2443    .text               c_w.l(bigflt0.o)
    0x08001958   0x08001958   0x00000008   Code   RO         2500    .text               c_w.l(libspace.o)
    0x08001960   0x08001960   0x0000004a   Code   RO         2503    .text               c_w.l(sys_stackheap_outer.o)
    0x080019aa   0x080019aa   0x00000002   PAD
    0x080019ac   0x080019ac   0x00000010   Code   RO         2505    .text               c_w.l(rt_ctype_table.o)
    0x080019bc   0x080019bc   0x00000016   Code   RO         2507    .text               c_w.l(_rserrno.o)
    0x080019d2   0x080019d2   0x00000002   PAD
    0x080019d4   0x080019d4   0x00000320   Code   RO         2509    .text               c_w.l(scanf_hexfp.o)
    0x08001cf4   0x08001cf4   0x00000134   Code   RO         2511    .text               c_w.l(scanf_infnan.o)
    0x08001e28   0x08001e28   0x00000012   Code   RO         2515    .text               c_w.l(exit.o)
    0x08001e3a   0x08001e3a   0x00000006   PAD
    0x08001e40   0x08001e40   0x0000007c   Code   RO         2521    .text               c_w.l(strcmpv7em.o)
    0x08001ebc   0x08001ebc   0x0000000c   Code   RO         2603    .text               c_w.l(sys_exit.o)
    0x08001ec8   0x08001ec8   0x00000002   Code   RO         2646    .text               c_w.l(use_no_semi.o)
    0x08001eca   0x08001eca   0x00000000   Code   RO         2648    .text               c_w.l(indicate_semi.o)
    0x08001eca   0x08001eca   0x00000002   PAD
    0x08001ecc   0x08001ecc   0x00000020   Code   RO          271    .text.ADC_Channel_Config  pot.o
    0x08001eec   0x08001eec   0x00000108   Code   RO          667    .text.ADC_Init      stm32f4xx_hal_adc.o
    0x08001ff4   0x08001ff4   0x00000046   Code   RO          265    .text.ADC_Init_Single_Conversion  pot.o
    0x0800203a   0x0800203a   0x00000002   PAD
    0x0800203c   0x0800203c   0x00000056   Code   RO          275    .text.ADC_getVoltage  pot.o
    0x08002092   0x08002092   0x00000002   PAD
    0x08002094   0x08002094   0x0000008a   Code   RO          263    .text.ADC_pins_config  pot.o
    0x0800211e   0x0800211e   0x00000002   PAD
    0x08002120   0x08002120   0x00000002   Code   RO           24    .text.BusFault_Handler  stm32f4xx_it.o
    0x08002122   0x08002122   0x00000002   PAD
    0x08002124   0x08002124   0x00000002   Code   RO           28    .text.DebugMon_Handler  stm32f4xx_it.o
    0x08002126   0x08002126   0x00000002   PAD
    0x08002128   0x08002128   0x00000012   Code   RO          482    .text.Disable_SPI_Clock  spi_stm32f4xx.o
    0x0800213a   0x0800213a   0x00000002   PAD
    0x0800213c   0x0800213c   0x0000002c   Code   RO          174    .text.EXTI15_10_IRQHandler  joystick.o
    0x08002168   0x08002168   0x00000024   Code   RO          410    .text.Enable_GPIO_Clock  i2c_stm32f4xx.o
    0x0800218c   0x0800218c   0x00000024   Code   RO          472    .text.Enable_GPIO_Clock  spi_stm32f4xx.o
    0x080021b0   0x080021b0   0x000001f4   Code   RO          550    .text.Enable_GPIO_Clock  usart_stm32f4xx.o
    0x080023a4   0x080023a4   0x00000024   Code   RO          484    .text.Enable_SPI_Clock  spi_stm32f4xx.o
    0x080023c8   0x080023c8   0x00000128   Code   RO          707    .text.HAL_ADC_ConfigChannel  stm32f4xx_hal_adc.o
    0x080024f0   0x080024f0   0x00000006   Code   RO          703    .text.HAL_ADC_GetValue  stm32f4xx_hal_adc.o
    0x080024f6   0x080024f6   0x00000002   PAD
    0x080024f8   0x080024f8   0x0000004e   Code   RO          663    .text.HAL_ADC_Init  stm32f4xx_hal_adc.o
    0x08002546   0x08002546   0x00000002   PAD
    0x08002548   0x08002548   0x00000002   Code   RO          665    .text.HAL_ADC_MspInit  stm32f4xx_hal_adc.o
    0x0800254a   0x0800254a   0x00000002   PAD
    0x0800254c   0x0800254c   0x000000b4   Code   RO          677    .text.HAL_ADC_PollForConversion  stm32f4xx_hal_adc.o
    0x08002600   0x08002600   0x00000114   Code   RO          673    .text.HAL_ADC_Start  stm32f4xx_hal_adc.o
    0x08002714   0x08002714   0x00000038   Code   RO          675    .text.HAL_ADC_Stop  stm32f4xx_hal_adc.o
    0x0800274c   0x0800274c   0x00000028   Code   RO          614    .text.HAL_Delay     stm32f4xx_hal.o
    0x08002774   0x08002774   0x00000106   Code   RO          889    .text.HAL_GPIO_DeInit  stm32f4xx_hal_gpio.o
    0x0800287a   0x0800287a   0x00000002   PAD
    0x0800287c   0x0800287c   0x0000003e   Code   RO          176    .text.HAL_GPIO_EXTI_Callback  joystick.o
    0x080028ba   0x080028ba   0x00000002   PAD
    0x080028bc   0x080028bc   0x0000001a   Code   RO          899    .text.HAL_GPIO_EXTI_IRQHandler  stm32f4xx_hal_gpio.o
    0x080028d6   0x080028d6   0x00000002   PAD
    0x080028d8   0x080028d8   0x0000019a   Code   RO          887    .text.HAL_GPIO_Init  stm32f4xx_hal_gpio.o
    0x08002a72   0x08002a72   0x00000002   PAD
    0x08002a74   0x08002a74   0x0000000a   Code   RO          891    .text.HAL_GPIO_ReadPin  stm32f4xx_hal_gpio.o
    0x08002a7e   0x08002a7e   0x00000002   PAD
    0x08002a80   0x08002a80   0x0000000e   Code   RO          895    .text.HAL_GPIO_TogglePin  stm32f4xx_hal_gpio.o
    0x08002a8e   0x08002a8e   0x00000002   PAD
    0x08002a90   0x08002a90   0x0000000a   Code   RO          893    .text.HAL_GPIO_WritePin  stm32f4xx_hal_gpio.o
    0x08002a9a   0x08002a9a   0x00000002   PAD
    0x08002a9c   0x08002a9c   0x0000000e   Code   RO          622    .text.HAL_GetREVID  stm32f4xx_hal.o
    0x08002aaa   0x08002aaa   0x00000002   PAD
    0x08002aac   0x08002aac   0x00000050   Code   RO            2    .text.HAL_GetTick   main.o
    0x08002afc   0x08002afc   0x0000002e   Code   RO          594    .text.HAL_Init      stm32f4xx_hal.o
    0x08002b2a   0x08002b2a   0x00000002   PAD
    0x08002b2c   0x08002b2c   0x00000050   Code   RO          596    .text.HAL_InitTick  stm32f4xx_hal.o
    0x08002b7c   0x08002b7c   0x00000002   Code   RO          598    .text.HAL_MspInit   stm32f4xx_hal.o
    0x08002b7e   0x08002b7e   0x00000002   PAD
    0x08002b80   0x08002b80   0x00000008   Code   RO          811    .text.HAL_NVIC_ClearPendingIRQ  stm32f4xx_hal_cortex.o
    0x08002b88   0x08002b88   0x00000008   Code   RO          777    .text.HAL_NVIC_DisableIRQ  stm32f4xx_hal_cortex.o
    0x08002b90   0x08002b90   0x00000008   Code   RO          773    .text.HAL_NVIC_EnableIRQ  stm32f4xx_hal_cortex.o
    0x08002b98   0x08002b98   0x0000001e   Code   RO          765    .text.HAL_NVIC_SetPriority  stm32f4xx_hal_cortex.o
    0x08002bb6   0x08002bb6   0x00000002   PAD
    0x08002bb8   0x08002bb8   0x00000008   Code   RO          761    .text.HAL_NVIC_SetPriorityGrouping  stm32f4xx_hal_cortex.o
    0x08002bc0   0x08002bc0   0x00000160   Code   RO         1165    .text.HAL_RCC_ClockConfig  stm32f4xx_hal_rcc.o
    0x08002d20   0x08002d20   0x0000000c   Code   RO         1175    .text.HAL_RCC_GetHCLKFreq  stm32f4xx_hal_rcc.o
    0x08002d2c   0x08002d2c   0x00000022   Code   RO         1177    .text.HAL_RCC_GetPCLK1Freq  stm32f4xx_hal_rcc.o
    0x08002d4e   0x08002d4e   0x00000002   PAD
    0x08002d50   0x08002d50   0x00000022   Code   RO         1179    .text.HAL_RCC_GetPCLK2Freq  stm32f4xx_hal_rcc.o
    0x08002d72   0x08002d72   0x00000002   PAD
    0x08002d74   0x08002d74   0x0000006a   Code   RO         1167    .text.HAL_RCC_GetSysClockFreq  stm32f4xx_hal_rcc.o
    0x08002dde   0x08002dde   0x00000002   PAD
    0x08002de0   0x08002de0   0x00000334   Code   RO         1163    .text.HAL_RCC_OscConfig  stm32f4xx_hal_rcc.o
    0x08003114   0x08003114   0x00000008   Code   RO          785    .text.HAL_SYSTICK_Config  stm32f4xx_hal_cortex.o
    0x0800311c   0x0800311c   0x00000036   Code   RO         1347    .text.HAL_TIM_Base_Init  stm32f4xx_hal_tim.o
    0x08003152   0x08003152   0x00000002   PAD
    0x08003154   0x08003154   0x00000002   Code   RO         1349    .text.HAL_TIM_Base_MspInit  stm32f4xx_hal_tim.o
    0x08003156   0x08003156   0x00000002   PAD
    0x08003158   0x08003158   0x00000026   Code   RO         1357    .text.HAL_TIM_Base_Start  stm32f4xx_hal_tim.o
    0x0800317e   0x0800317e   0x00000002   PAD
    0x08003180   0x08003180   0x00000030   Code   RO         1359    .text.HAL_TIM_Base_Stop  stm32f4xx_hal_tim.o
    0x080031b0   0x080031b0   0x0000003c   Code   RO         1383    .text.HAL_TIM_OC_Start  stm32f4xx_hal_tim.o
    0x080031ec   0x080031ec   0x000000a0   Code   RO         1513    .text.HAL_TIM_PWM_ConfigChannel  stm32f4xx_hal_tim.o
    0x0800328c   0x0800328c   0x00000036   Code   RO         1401    .text.HAL_TIM_PWM_Init  stm32f4xx_hal_tim.o
    0x080032c2   0x080032c2   0x00000002   PAD
    0x080032c4   0x080032c4   0x00000002   Code   RO         1403    .text.HAL_TIM_PWM_MspInit  stm32f4xx_hal_tim.o
    0x080032c6   0x080032c6   0x00000002   PAD
    0x080032c8   0x080032c8   0x00000002   Code   RO           20    .text.HardFault_Handler  stm32f4xx_it.o
    0x080032ca   0x080032ca   0x00000002   PAD
    0x080032cc   0x080032cc   0x00000008   Code   RO          404    .text.I2C1_Control  i2c_stm32f4xx.o
    0x080032d4   0x080032d4   0x00000008   Code   RO          380    .text.I2C1_ER_IRQHandler  i2c_stm32f4xx.o
    0x080032dc   0x080032dc   0x00000008   Code   RO          376    .text.I2C1_EV_IRQHandler  i2c_stm32f4xx.o
    0x080032e4   0x080032e4   0x00000008   Code   RO          402    .text.I2C1_GetDataCount  i2c_stm32f4xx.o
    0x080032ec   0x080032ec   0x00000008   Code   RO          406    .text.I2C1_GetStatus  i2c_stm32f4xx.o
    0x080032f4   0x080032f4   0x0000000a   Code   RO          388    .text.I2C1_Initialize  i2c_stm32f4xx.o
    0x080032fe   0x080032fe   0x00000002   PAD
    0x08003300   0x08003300   0x00000008   Code   RO          396    .text.I2C1_MasterReceive  i2c_stm32f4xx.o
    0x08003308   0x08003308   0x00000008   Code   RO          394    .text.I2C1_MasterTransmit  i2c_stm32f4xx.o
    0x08003310   0x08003310   0x00000008   Code   RO          392    .text.I2C1_PowerControl  i2c_stm32f4xx.o
    0x08003318   0x08003318   0x00000008   Code   RO          400    .text.I2C1_SlaveReceive  i2c_stm32f4xx.o
    0x08003320   0x08003320   0x00000008   Code   RO          398    .text.I2C1_SlaveTransmit  i2c_stm32f4xx.o
    0x08003328   0x08003328   0x0000000a   Code   RO          390    .text.I2C1_Uninitialize  i2c_stm32f4xx.o
    0x08003332   0x08003332   0x00000002   PAD
    0x08003334   0x08003334   0x00000004   Code   RO          386    .text.I2CX_GetCapabilities  i2c_stm32f4xx.o
    0x08003338   0x08003338   0x0000000a   Code   RO          384    .text.I2CX_GetVersion  i2c_stm32f4xx.o
    0x08003342   0x08003342   0x00000002   PAD
    0x08003344   0x08003344   0x000002a4   Code   RO          426    .text.I2C_Control   i2c_stm32f4xx.o
    0x080035e8   0x080035e8   0x00000162   Code   RO          382    .text.I2C_ER_IRQHandler  i2c_stm32f4xx.o
    0x0800374a   0x0800374a   0x00000002   PAD
    0x0800374c   0x0800374c   0x0000051e   Code   RO          378    .text.I2C_EV_IRQHandler  i2c_stm32f4xx.o
    0x08003c6a   0x08003c6a   0x00000002   PAD
    0x08003c6c   0x08003c6c   0x00000026   Code   RO          424    .text.I2C_GetDataCount  i2c_stm32f4xx.o
    0x08003c92   0x08003c92   0x00000002   PAD
    0x08003c94   0x08003c94   0x0000000c   Code   RO          428    .text.I2C_GetStatus  i2c_stm32f4xx.o
    0x08003ca0   0x08003ca0   0x00000044   Code   RO          221    .text.I2C_Init      temperatura.o
    0x08003ce4   0x08003ce4   0x0000007e   Code   RO          408    .text.I2C_Initialize  i2c_stm32f4xx.o
    0x08003d62   0x08003d62   0x00000002   PAD
    0x08003d64   0x08003d64   0x000000c0   Code   RO          418    .text.I2C_MasterReceive  i2c_stm32f4xx.o
    0x08003e24   0x08003e24   0x000000bc   Code   RO          416    .text.I2C_MasterTransmit  i2c_stm32f4xx.o
    0x08003ee0   0x08003ee0   0x0000014a   Code   RO          414    .text.I2C_PowerControl  i2c_stm32f4xx.o
    0x0800402a   0x0800402a   0x00000002   PAD
    0x0800402c   0x0800402c   0x00000038   Code   RO          231    .text.I2C_Read      temperatura.o
    0x08004064   0x08004064   0x00000054   Code   RO          422    .text.I2C_SlaveReceive  i2c_stm32f4xx.o
    0x080040b8   0x080040b8   0x00000058   Code   RO          420    .text.I2C_SlaveTransmit  i2c_stm32f4xx.o
    0x08004110   0x08004110   0x0000002e   Code   RO          412    .text.I2C_Uninitialize  i2c_stm32f4xx.o
    0x0800413e   0x0800413e   0x00000002   PAD
    0x08004140   0x08004140   0x000000a6   Code   RO          168    .text.InitJoy       joystick.o
    0x080041e6   0x080041e6   0x00000002   PAD
    0x080041e8   0x080041e8   0x00000036   Code   RO          198    .text.Init_Clock    clock.o
    0x0800421e   0x0800421e   0x00000002   PAD
    0x08004220   0x08004220   0x0000002c   Code   RO           91    .text.Init_LCD      lcd.o
    0x0800424c   0x0800424c   0x000000cc   Code   RO           39    .text.Init_MsgQueue  principal.o
    0x08004318   0x08004318   0x0000002c   Code   RO          247    .text.Init_ThRGB    rgb.o
    0x08004344   0x08004344   0x00000056   Code   RO          290    .text.Init_Thcom    com.o
    0x0800439a   0x0800439a   0x00000002   PAD
    0x0800439c   0x0800439c   0x00000042   Code   RO          166    .text.Init_Thjoy    joystick.o
    0x080043de   0x080043de   0x00000002   PAD
    0x080043e0   0x080043e0   0x00000044   Code   RO          259    .text.Init_Thpot    pot.o
    0x08004424   0x08004424   0x00000042   Code   RO          219    .text.Init_Thtemperatura  temperatura.o
    0x08004466   0x08004466   0x00000002   PAD
    0x08004468   0x08004468   0x00000028   Code   RO          200    .text.Init_Timer    clock.o
    0x08004490   0x08004490   0x0000002e   Code   RO          261    .text.Init_Timer    pot.o
    0x080044be   0x080044be   0x00000002   PAD
    0x080044c0   0x080044c0   0x00000056   Code   RO          170    .text.Init_Timers   joystick.o
    0x08004516   0x08004516   0x00000002   PAD
    0x08004518   0x08004518   0x0000002e   Code   RO          223    .text.Init_Timers   temperatura.o
    0x08004546   0x08004546   0x00000002   PAD
    0x08004548   0x08004548   0x0000003a   Code   RO           37    .text.Init_principal  principal.o
    0x08004582   0x08004582   0x00000002   PAD
    0x08004584   0x08004584   0x0000002c   Code   RO          145    .text.Init_pwm      pwm.o
    0x080045b0   0x080045b0   0x0000004a   Code   RO           93    .text.LCD           lcd.o
    0x080045fa   0x080045fa   0x00000002   PAD
    0x080045fc   0x080045fc   0x0000004c   Code   RO           97    .text.LCD_Init      lcd.o
    0x08004648   0x08004648   0x0000001a   Code   RO          127    .text.LCD_modificarByteBuffer  lcd.o
    0x08004662   0x08004662   0x00000002   PAD
    0x08004664   0x08004664   0x00000084   Code   RO           95    .text.LCD_reset     lcd.o
    0x080046e8   0x080046e8   0x0000009a   Code   RO           99    .text.LCD_update    lcd.o
    0x08004782   0x08004782   0x00000002   PAD
    0x08004784   0x08004784   0x00000056   Code   RO          117    .text.LCD_wr_cmd    lcd.o
    0x080047da   0x080047da   0x00000002   PAD
    0x080047dc   0x080047dc   0x00000056   Code   RO          115    .text.LCD_wr_data   lcd.o
    0x08004832   0x08004832   0x00000002   PAD
    0x08004834   0x08004834   0x00000002   Code   RO           22    .text.MemManage_Handler  stm32f4xx_it.o
    0x08004836   0x08004836   0x00000040   Code   RO         2127    .text.MessageQueueGet  RTX_CM3.lib(rtx_msgqueue.o)
    0x08004876   0x08004876   0x00000058   Code   RO         2121    .text.MessageQueuePut  RTX_CM3.lib(rtx_msgqueue.o)
    0x080048ce   0x080048ce   0x0000001c   Code   RO         2119    .text.MessageQueueRemove  RTX_CM3.lib(rtx_msgqueue.o)
    0x080048ea   0x080048ea   0x00000002   PAD
    0x080048ec   0x080048ec   0x00000002   Code   RO           18    .text.NMI_Handler   stm32f4xx_it.o
    0x080048ee   0x080048ee   0x00000002   PAD
    0x080048f0   0x080048f0   0x0000002c   Code   RO          771    .text.NVIC_EncodePriority  stm32f4xx_hal_cortex.o
    0x0800491c   0x0800491c   0x00000008   Code   RO         2238    .text.OS_Tick_AcknowledgeIRQ  RTX_CM3.lib(os_systick.o)
    0x08004924   0x08004924   0x00000024   Code   RO         2234    .text.OS_Tick_Enable  RTX_CM3.lib(os_systick.o)
    0x08004948   0x08004948   0x00000006   Code   RO         2240    .text.OS_Tick_GetIRQn  RTX_CM3.lib(os_systick.o)
    0x0800494e   0x0800494e   0x00000002   PAD
    0x08004950   0x08004950   0x00000040   Code   RO         2232    .text.OS_Tick_Setup  RTX_CM3.lib(os_systick.o)
    0x08004990   0x08004990   0x0000000c   Code   RO         1847    .text.OUTLINED_FUNCTION_0  RTX_CM3.lib(rtx_kernel.o)
    0x0800499c   0x0800499c   0x00000006   Code   RO         1989    .text.OUTLINED_FUNCTION_0  RTX_CM3.lib(rtx_thread.o)
    0x080049a2   0x080049a2   0x0000000c   Code   RO         2135    .text.OUTLINED_FUNCTION_0  RTX_CM3.lib(rtx_msgqueue.o)
    0x080049ae   0x080049ae   0x00000006   Code   RO         1849    .text.OUTLINED_FUNCTION_1  RTX_CM3.lib(rtx_kernel.o)
    0x080049b4   0x080049b4   0x00000006   Code   RO         1991    .text.OUTLINED_FUNCTION_1  RTX_CM3.lib(rtx_thread.o)
    0x080049ba   0x080049ba   0x00000014   Code   RO         1993    .text.OUTLINED_FUNCTION_2  RTX_CM3.lib(rtx_thread.o)
    0x080049ce   0x080049ce   0x00000008   Code   RO         1997    .text.OUTLINED_FUNCTION_4  RTX_CM3.lib(rtx_thread.o)
    0x080049d6   0x080049d6   0x00000002   PAD
    0x080049d8   0x080049d8   0x00000008   Code   RO          462    .text.SPI1_Control  spi_stm32f4xx.o
    0x080049e0   0x080049e0   0x00000008   Code   RO          460    .text.SPI1_GetDataCount  spi_stm32f4xx.o
    0x080049e8   0x080049e8   0x00000008   Code   RO          464    .text.SPI1_GetStatus  spi_stm32f4xx.o
    0x080049f0   0x080049f0   0x00000008   Code   RO          440    .text.SPI1_IRQHandler  spi_stm32f4xx.o
    0x080049f8   0x080049f8   0x0000000a   Code   RO          448    .text.SPI1_Initialize  spi_stm32f4xx.o
    0x08004a02   0x08004a02   0x00000002   PAD
    0x08004a04   0x08004a04   0x00000008   Code   RO          452    .text.SPI1_PowerControl  spi_stm32f4xx.o
    0x08004a0c   0x08004a0c   0x00000008   Code   RO          456    .text.SPI1_Receive  spi_stm32f4xx.o
    0x08004a14   0x08004a14   0x00000008   Code   RO          454    .text.SPI1_Send     spi_stm32f4xx.o
    0x08004a1c   0x08004a1c   0x00000008   Code   RO          458    .text.SPI1_Transfer  spi_stm32f4xx.o
    0x08004a24   0x08004a24   0x0000000a   Code   RO          450    .text.SPI1_Uninitialize  spi_stm32f4xx.o
    0x08004a2e   0x08004a2e   0x00000002   PAD
    0x08004a30   0x08004a30   0x00000004   Code   RO          446    .text.SPIX_GetCapabilities  spi_stm32f4xx.o
    0x08004a34   0x08004a34   0x0000000a   Code   RO          444    .text.SPIX_GetVersion  spi_stm32f4xx.o
    0x08004a3e   0x08004a3e   0x00000002   PAD
    0x08004a40   0x08004a40   0x000002d8   Code   RO          478    .text.SPI_Control   spi_stm32f4xx.o
    0x08004d18   0x08004d18   0x0000000c   Code   RO          496    .text.SPI_GetDataCount  spi_stm32f4xx.o
    0x08004d24   0x08004d24   0x00000028   Code   RO          498    .text.SPI_GetStatus  spi_stm32f4xx.o
    0x08004d4c   0x08004d4c   0x000000f0   Code   RO          442    .text.SPI_IRQHandler  spi_stm32f4xx.o
    0x08004e3c   0x08004e3c   0x000000a0   Code   RO          470    .text.SPI_Initialize  spi_stm32f4xx.o
    0x08004edc   0x08004edc   0x00000022   Code   RO          480    .text.SPI_PeripheralReset  spi_stm32f4xx.o
    0x08004efe   0x08004efe   0x00000002   PAD
    0x08004f00   0x08004f00   0x000000c2   Code   RO          476    .text.SPI_PowerControl  spi_stm32f4xx.o
    0x08004fc2   0x08004fc2   0x00000002   PAD
    0x08004fc4   0x08004fc4   0x00000082   Code   RO          492    .text.SPI_Receive   spi_stm32f4xx.o
    0x08005046   0x08005046   0x00000002   PAD
    0x08005048   0x08005048   0x0000005a   Code   RO          466    .text.SPI_RxData    spi_stm32f4xx.o
    0x080050a2   0x080050a2   0x00000002   PAD
    0x080050a4   0x080050a4   0x00000082   Code   RO          490    .text.SPI_Send      spi_stm32f4xx.o
    0x08005126   0x08005126   0x00000002   PAD
    0x08005128   0x08005128   0x0000003a   Code   RO          494    .text.SPI_Transfer  spi_stm32f4xx.o
    0x08005162   0x08005162   0x00000002   PAD
    0x08005164   0x08005164   0x0000005c   Code   RO          468    .text.SPI_TxData    spi_stm32f4xx.o
    0x080051c0   0x080051c0   0x00000032   Code   RO          474    .text.SPI_Uninitialize  spi_stm32f4xx.o
    0x080051f2   0x080051f2   0x00000002   PAD
    0x080051f4   0x080051f4   0x0000002e   Code   RO          787    .text.SysTick_Config  stm32f4xx_hal_cortex.o
    0x08005222   0x08005222   0x00000002   PAD
    0x08005224   0x08005224   0x000000a0   Code   RO            6    .text.SystemClock_Config  main.o
    0x080052c4   0x080052c4   0x0000007e   Code   RO         1776    .text.SystemCoreClockUpdate  system_stm32f4xx.o
    0x08005342   0x08005342   0x00000002   PAD
    0x08005344   0x08005344   0x00000010   Code   RO         1774    .text.SystemInit    system_stm32f4xx.o
    0x08005354   0x08005354   0x00000124   Code   RO         1351    .text.TIM_Base_SetConfig  stm32f4xx_hal_tim.o
    0x08005478   0x08005478   0x00000024   Code   RO         1385    .text.TIM_CCxChannelCmd  stm32f4xx_hal_tim.o
    0x0800549c   0x0800549c   0x00000064   Code   RO         1495    .text.TIM_OC1_SetConfig  stm32f4xx_hal_tim.o
    0x08005500   0x08005500   0x0000006a   Code   RO         1497    .text.TIM_OC2_SetConfig  stm32f4xx_hal_tim.o
    0x0800556a   0x0800556a   0x00000002   PAD
    0x0800556c   0x0800556c   0x00000068   Code   RO         1499    .text.TIM_OC3_SetConfig  stm32f4xx_hal_tim.o
    0x080055d4   0x080055d4   0x0000004e   Code   RO         1501    .text.TIM_OC4_SetConfig  stm32f4xx_hal_tim.o
    0x08005622   0x08005622   0x00000002   PAD
    0x08005624   0x08005624   0x00000024   Code   RO          202    .text.Thclock       clock.o
    0x08005648   0x08005648   0x00000030   Code   RO          294    .text.ThcomRX       com.o
    0x08005678   0x08005678   0x0000001a   Code   RO          296    .text.ThcomTX       com.o
    0x08005692   0x08005692   0x00000002   PAD
    0x08005694   0x08005694   0x00000056   Code   RO          172    .text.Thjoy         joystick.o
    0x080056ea   0x080056ea   0x00000002   PAD
    0x080056ec   0x080056ec   0x00000056   Code   RO          267    .text.Thpot         pot.o
    0x08005742   0x08005742   0x00000064   Code   RO         1941    .text.ThreadFlagsCheck  RTX_CM3.lib(rtx_thread.o)
    0x080057a6   0x080057a6   0x00000002   PAD
    0x080057a8   0x080057a8   0x00000064   Code   RO          249    .text.Thread_Leds   rgb.o
    0x0800580c   0x0800580c   0x00000016   Code   RO          225    .text.Thtemperatura  temperatura.o
    0x08005822   0x08005822   0x00000002   PAD
    0x08005824   0x08005824   0x00000014   Code   RO          178    .text.Timer1_Callback  joystick.o
    0x08005838   0x08005838   0x0000006e   Code   RO          180    .text.Timer2_Callback  joystick.o
    0x080058a6   0x080058a6   0x00000002   PAD
    0x080058a8   0x080058a8   0x00000044   Code   RO         2025    .text.TimerInsert   RTX_CM3.lib(rtx_timer.o)
    0x080058ec   0x080058ec   0x00000014   Code   RO          227    .text.TimerMEDIDA_Callback  temperatura.o
    0x08005900   0x08005900   0x00000014   Code   RO          269    .text.TimerPOTENCIA_Callback  pot.o
    0x08005914   0x08005914   0x00000028   Code   RO         2033    .text.TimerRemove   RTX_CM3.lib(rtx_timer.o)
    0x0800593c   0x0800593c   0x00000080   Code   RO          204    .text.Timer_Callback  clock.o
    0x080059bc   0x080059bc   0x00000008   Code   RO          540    .text.USART3_Control  usart_stm32f4xx.o
    0x080059c4   0x080059c4   0x00000006   Code   RO          522    .text.USART3_GetCapabilities  usart_stm32f4xx.o
    0x080059ca   0x080059ca   0x00000002   PAD
    0x080059cc   0x080059cc   0x00000008   Code   RO          546    .text.USART3_GetModemStatus  usart_stm32f4xx.o
    0x080059d4   0x080059d4   0x00000008   Code   RO          538    .text.USART3_GetRxCount  usart_stm32f4xx.o
    0x080059dc   0x080059dc   0x00000008   Code   RO          542    .text.USART3_GetStatus  usart_stm32f4xx.o
    0x080059e4   0x080059e4   0x00000008   Code   RO          536    .text.USART3_GetTxCount  usart_stm32f4xx.o
    0x080059ec   0x080059ec   0x00000010   Code   RO          518    .text.USART3_IRQHandler  usart_stm32f4xx.o
    0x080059fc   0x080059fc   0x0000000a   Code   RO          524    .text.USART3_Initialize  usart_stm32f4xx.o
    0x08005a06   0x08005a06   0x00000002   PAD
    0x08005a08   0x08005a08   0x00000008   Code   RO          528    .text.USART3_PowerControl  usart_stm32f4xx.o
    0x08005a10   0x08005a10   0x00000008   Code   RO          532    .text.USART3_Receive  usart_stm32f4xx.o
    0x08005a18   0x08005a18   0x00000008   Code   RO          530    .text.USART3_Send   usart_stm32f4xx.o
    0x08005a20   0x08005a20   0x00000008   Code   RO          544    .text.USART3_SetModemControl  usart_stm32f4xx.o
    0x08005a28   0x08005a28   0x00000008   Code   RO          534    .text.USART3_Transfer  usart_stm32f4xx.o
    0x08005a30   0x08005a30   0x0000000a   Code   RO          526    .text.USART3_Uninitialize  usart_stm32f4xx.o
    0x08005a3a   0x08005a3a   0x00000002   PAD
    0x08005a3c   0x08005a3c   0x00000596   Code   RO          572    .text.USART_Control  usart_stm32f4xx.o
    0x08005fd2   0x08005fd2   0x00000002   PAD
    0x08005fd4   0x08005fd4   0x00000004   Code   RO          578    .text.USART_GetModemStatus  usart_stm32f4xx.o
    0x08005fd8   0x08005fd8   0x0000000c   Code   RO          570    .text.USART_GetRxCount  usart_stm32f4xx.o
    0x08005fe4   0x08005fe4   0x0000006a   Code   RO          574    .text.USART_GetStatus  usart_stm32f4xx.o
    0x0800604e   0x0800604e   0x00000002   PAD
    0x08006050   0x08006050   0x0000000c   Code   RO          568    .text.USART_GetTxCount  usart_stm32f4xx.o
    0x0800605c   0x0800605c   0x00000202   Code   RO          516    .text.USART_IRQHandler  usart_stm32f4xx.o
    0x0800625e   0x0800625e   0x00000002   PAD
    0x08006260   0x08006260   0x00000044   Code   RO          292    .text.USART_Init    com.o
    0x080062a4   0x080062a4   0x00000046   Code   RO          548    .text.USART_Initialize  usart_stm32f4xx.o
    0x080062ea   0x080062ea   0x00000002   PAD
    0x080062ec   0x080062ec   0x0000018a   Code   RO          560    .text.USART_PeripheralReset  usart_stm32f4xx.o
    0x08006476   0x08006476   0x00000002   PAD
    0x08006478   0x08006478   0x000000c6   Code   RO          554    .text.USART_PowerControl  usart_stm32f4xx.o
    0x0800653e   0x0800653e   0x00000002   PAD
    0x08006540   0x08006540   0x00000094   Code   RO          564    .text.USART_Receive  usart_stm32f4xx.o
    0x080065d4   0x080065d4   0x00000080   Code   RO          562    .text.USART_Send    usart_stm32f4xx.o
    0x08006654   0x08006654   0x00000054   Code   RO          576    .text.USART_SetModemControl  usart_stm32f4xx.o
    0x080066a8   0x080066a8   0x00000054   Code   RO          566    .text.USART_Transfer  usart_stm32f4xx.o
    0x080066fc   0x080066fc   0x0000002c   Code   RO          552    .text.USART_Uninitialize  usart_stm32f4xx.o
    0x08006728   0x08006728   0x0000002e   Code   RO          298    .text.USART_callback  com.o
    0x08006756   0x08006756   0x00000002   PAD
    0x08006758   0x08006758   0x0000000a   Code   RO          520    .text.USARTx_GetVersion  usart_stm32f4xx.o
    0x08006762   0x08006762   0x00000002   PAD
    0x08006764   0x08006764   0x00000002   Code   RO           26    .text.UsageFault_Handler  stm32f4xx_it.o
    0x08006766   0x08006766   0x00000002   PAD
    0x08006768   0x08006768   0x0000000e   Code   RO          486    .text.__NVIC_ClearPendingIRQ  spi_stm32f4xx.o
    0x08006776   0x08006776   0x00000002   PAD
    0x08006778   0x08006778   0x0000000e   Code   RO          556    .text.__NVIC_ClearPendingIRQ  usart_stm32f4xx.o
    0x08006786   0x08006786   0x00000002   PAD
    0x08006788   0x08006788   0x00000020   Code   RO          813    .text.__NVIC_ClearPendingIRQ  stm32f4xx_hal_cortex.o
    0x080067a8   0x080067a8   0x00000028   Code   RO          779    .text.__NVIC_DisableIRQ  stm32f4xx_hal_cortex.o
    0x080067d0   0x080067d0   0x0000000e   Code   RO          488    .text.__NVIC_EnableIRQ  spi_stm32f4xx.o
    0x080067de   0x080067de   0x00000002   PAD
    0x080067e0   0x080067e0   0x0000000e   Code   RO          558    .text.__NVIC_EnableIRQ  usart_stm32f4xx.o
    0x080067ee   0x080067ee   0x00000002   PAD
    0x080067f0   0x080067f0   0x00000020   Code   RO          775    .text.__NVIC_EnableIRQ  stm32f4xx_hal_cortex.o
    0x08006810   0x08006810   0x00000010   Code   RO          767    .text.__NVIC_GetPriorityGrouping  stm32f4xx_hal_cortex.o
    0x08006820   0x08006820   0x00000022   Code   RO          769    .text.__NVIC_SetPriority  stm32f4xx_hal_cortex.o
    0x08006842   0x08006842   0x00000002   PAD
    0x08006844   0x08006844   0x00000020   Code   RO          763    .text.__NVIC_SetPriorityGrouping  stm32f4xx_hal_cortex.o
    0x08006864   0x08006864   0x00000056   Code   RO          331    .text.__user_perthread_libspace  rtx_lib.o
    0x080068ba   0x080068ba   0x00000002   PAD
    0x080068bc   0x080068bc   0x0000001a   Code   RO          337    .text._mutex_acquire  rtx_lib.o
    0x080068d6   0x080068d6   0x00000002   PAD
    0x080068d8   0x080068d8   0x0000000a   Code   RO          341    .text._mutex_free   rtx_lib.o
    0x080068e2   0x080068e2   0x00000002   PAD
    0x080068e4   0x080068e4   0x00000020   Code   RO          335    .text._mutex_initialize  rtx_lib.o
    0x08006904   0x08006904   0x00000016   Code   RO          339    .text._mutex_release  rtx_lib.o
    0x0800691a   0x0800691a   0x00000002   PAD
    0x0800691c   0x0800691c   0x00000008   Code   RO          329    .text._platform_post_stackheap_init  rtx_lib.o
    0x08006924   0x08006924   0x00000324   Code   RO           47    .text.activo        principal.o
    0x08006c48   0x08006c48   0x00000072   Code   RO          304    .text.controlarTramaRecibida  com.o
    0x08006cba   0x08006cba   0x00000002   PAD
    0x08006cbc   0x08006cbc   0x0000001c   Code   RO          273    .text.conversionTemperatura  pot.o
    0x08006cd8   0x08006cd8   0x00000070   Code   RO          113    .text.delay         lcd.o
    0x08006d48   0x08006d48   0x00000042   Code   RO          103    .text.escribirLCD   lcd.o
    0x08006d8a   0x08006d8a   0x00000002   PAD
    0x08006d8c   0x08006d8c   0x00000024   Code   RO          300    .text.getInformacionCola  com.o
    0x08006db0   0x08006db0   0x0000005a   Code   RO          245    .text.initModLeds   rgb.o
    0x08006e0a   0x08006e0a   0x00000002   PAD
    0x08006e0c   0x08006e0c   0x00000044   Code   RO          109    .text.initPIN_A0    lcd.o
    0x08006e50   0x08006e50   0x00000044   Code   RO          107    .text.initPIN_CS    lcd.o
    0x08006e94   0x08006e94   0x00000040   Code   RO          111    .text.initPIN_RESET  lcd.o
    0x08006ed4   0x08006ed4   0x00000042   Code   RO          149    .text.initPin       pwm.o
    0x08006f16   0x08006f16   0x00000002   PAD
    0x08006f18   0x08006f18   0x0000006c   Code   RO          151    .text.initTim       pwm.o
    0x08006f84   0x08006f84   0x0000002c   Code   RO          101    .text.limpiarBuffer  lcd.o
    0x08006fb0   0x08006fb0   0x00000018   Code   RO          105    .text.lineReset     lcd.o
    0x08006fc8   0x08006fc8   0x0000003a   Code   RO            4    .text.main          main.o
    0x08007002   0x08007002   0x00000002   PAD
    0x08007004   0x08007004   0x0000007a   Code   RO          229    .text.medida        temperatura.o
    0x0800707e   0x0800707e   0x00000002   PAD
    0x08007080   0x08007080   0x000001b6   Code   RO           43    .text.modoFuncionamiento  principal.o
    0x08007236   0x08007236   0x00000002   PAD
    0x08007238   0x08007238   0x0000002c   Code   RO         1799    .text.osKernelGetState  RTX_CM3.lib(rtx_kernel.o)
    0x08007264   0x08007264   0x00000028   Code   RO         1815    .text.osKernelGetTickCount  RTX_CM3.lib(rtx_kernel.o)
    0x0800728c   0x0800728c   0x0000002c   Code   RO         1793    .text.osKernelInitialize  RTX_CM3.lib(rtx_kernel.o)
    0x080072b8   0x080072b8   0x00000024   Code   RO         1803    .text.osKernelStart  RTX_CM3.lib(rtx_kernel.o)
    0x080072dc   0x080072dc   0x00000070   Code   RO         2095    .text.osMessageQueueGet  RTX_CM3.lib(rtx_msgqueue.o)
    0x0800734c   0x0800734c   0x00000024   Code   RO         2089    .text.osMessageQueueNew  RTX_CM3.lib(rtx_msgqueue.o)
    0x08007370   0x08007370   0x00000080   Code   RO         2093    .text.osMessageQueuePut  RTX_CM3.lib(rtx_msgqueue.o)
    0x080073f0   0x080073f0   0x00000024   Code   RO         2057    .text.osMutexAcquire  RTX_CM3.lib(rtx_mutex.o)
    0x08007414   0x08007414   0x00000024   Code   RO         2063    .text.osMutexDelete  RTX_CM3.lib(rtx_mutex.o)
    0x08007438   0x08007438   0x00000024   Code   RO         2053    .text.osMutexNew    RTX_CM3.lib(rtx_mutex.o)
    0x0800745c   0x0800745c   0x00000024   Code   RO         2059    .text.osMutexRelease  RTX_CM3.lib(rtx_mutex.o)
    0x08007480   0x08007480   0x00000002   Code   RO          367    .text.osRtxErrorNotify  rtx_config.o
    0x08007482   0x08007482   0x00000002   PAD
    0x08007484   0x08007484   0x00000002   Code   RO          365    .text.osRtxIdleThread  rtx_config.o
    0x08007486   0x08007486   0x00000004   Code   RO         1791    .text.osRtxKernelErrorNotify  RTX_CM3.lib(rtx_kernel.o)
    0x0800748a   0x0800748a   0x00000002   Code   RO         1789    .text.osRtxKernelPreInit  RTX_CM3.lib(rtx_kernel.o)
    0x0800748c   0x0800748c   0x0000006c   Code   RO         2154    .text.osRtxMemoryAlloc  RTX_CM3.lib(rtx_memory.o)
    0x080074f8   0x080074f8   0x00000042   Code   RO         2156    .text.osRtxMemoryFree  RTX_CM3.lib(rtx_memory.o)
    0x0800753a   0x0800753a   0x00000036   Code   RO         2152    .text.osRtxMemoryInit  RTX_CM3.lib(rtx_memory.o)
    0x08007570   0x08007570   0x0000003a   Code   RO         2168    .text.osRtxMemoryPoolAlloc  RTX_CM3.lib(rtx_mempool.o)
    0x080075aa   0x080075aa   0x0000004a   Code   RO         2170    .text.osRtxMemoryPoolFree  RTX_CM3.lib(rtx_mempool.o)
    0x080075f4   0x080075f4   0x00000038   Code   RO         2166    .text.osRtxMemoryPoolInit  RTX_CM3.lib(rtx_mempool.o)
    0x0800762c   0x0800762c   0x000000aa   Code   RO         2117    .text.osRtxMessageQueuePostProcess  RTX_CM3.lib(rtx_msgqueue.o)
    0x080076d6   0x080076d6   0x00000002   PAD
    0x080076d8   0x080076d8   0x00000024   Code   RO         2085    .text.osRtxMessageQueueTimerSetup  RTX_CM3.lib(rtx_msgqueue.o)
    0x080076fc   0x080076fc   0x00000048   Code   RO         2049    .text.osRtxMutexOwnerRelease  RTX_CM3.lib(rtx_mutex.o)
    0x08007744   0x08007744   0x00000042   Code   RO         2051    .text.osRtxMutexOwnerRestore  RTX_CM3.lib(rtx_mutex.o)
    0x08007786   0x08007786   0x00000002   PAD
    0x08007788   0x08007788   0x00000088   Code   RO         2220    .text.osRtxPendSV_Handler  RTX_CM3.lib(rtx_system.o)
    0x08007810   0x08007810   0x00000070   Code   RO         2222    .text.osRtxPostProcess  RTX_CM3.lib(rtx_system.o)
    0x08007880   0x08007880   0x00000034   Code   RO         1881    .text.osRtxThreadBlock  RTX_CM3.lib(rtx_thread.o)
    0x080078b4   0x080078b4   0x0000007c   Code   RO         1889    .text.osRtxThreadDelayInsert  RTX_CM3.lib(rtx_thread.o)
    0x08007930   0x08007930   0x0000003c   Code   RO         1885    .text.osRtxThreadDelayRemove  RTX_CM3.lib(rtx_thread.o)
    0x0800796c   0x0800796c   0x00000048   Code   RO         1871    .text.osRtxThreadDelayTick  RTX_CM3.lib(rtx_thread.o)
    0x080079b4   0x080079b4   0x00000020   Code   RO         1973    .text.osRtxThreadDestroy  RTX_CM3.lib(rtx_thread.o)
    0x080079d4   0x080079d4   0x00000050   Code   RO         1879    .text.osRtxThreadDispatch  RTX_CM3.lib(rtx_thread.o)
    0x08007a24   0x08007a24   0x00000058   Code   RO         1965    .text.osRtxThreadFree  RTX_CM3.lib(rtx_thread.o)
    0x08007a7c   0x08007a7c   0x0000001e   Code   RO         1971    .text.osRtxThreadJoinWakeup  RTX_CM3.lib(rtx_thread.o)
    0x08007a9a   0x08007a9a   0x00000012   Code   RO         1863    .text.osRtxThreadListGet  RTX_CM3.lib(rtx_thread.o)
    0x08007aac   0x08007aac   0x0000002c   Code   RO         1861    .text.osRtxThreadListPut  RTX_CM3.lib(rtx_thread.o)
    0x08007ad8   0x08007ad8   0x00000014   Code   RO         1867    .text.osRtxThreadListRemove  RTX_CM3.lib(rtx_thread.o)
    0x08007aec   0x08007aec   0x0000000c   Code   RO         1873    .text.osRtxThreadListRoot  RTX_CM3.lib(rtx_thread.o)
    0x08007af8   0x08007af8   0x00000026   Code   RO         1865    .text.osRtxThreadListSort  RTX_CM3.lib(rtx_thread.o)
    0x08007b1e   0x08007b1e   0x00000028   Code   RO         1939    .text.osRtxThreadPostProcess  RTX_CM3.lib(rtx_thread.o)
    0x08007b46   0x08007b46   0x00000002   PAD
    0x08007b48   0x08007b48   0x00000014   Code   RO         1869    .text.osRtxThreadReadyPut  RTX_CM3.lib(rtx_thread.o)
    0x08007b5c   0x08007b5c   0x00000006   Code   RO         1875    .text.osRtxThreadRegPtr  RTX_CM3.lib(rtx_thread.o)
    0x08007b62   0x08007b62   0x00000002   PAD
    0x08007b64   0x08007b64   0x00000038   Code   RO         1891    .text.osRtxThreadStartup  RTX_CM3.lib(rtx_thread.o)
    0x08007b9c   0x08007b9c   0x0000000c   Code   RO         1877    .text.osRtxThreadSwitch  RTX_CM3.lib(rtx_thread.o)
    0x08007ba8   0x08007ba8   0x0000003c   Code   RO         1887    .text.osRtxThreadWaitEnter  RTX_CM3.lib(rtx_thread.o)
    0x08007be4   0x08007be4   0x00000022   Code   RO         1883    .text.osRtxThreadWaitExit  RTX_CM3.lib(rtx_thread.o)
    0x08007c06   0x08007c06   0x00000002   PAD
    0x08007c08   0x08007c08   0x00000074   Code   RO         2218    .text.osRtxTick_Handler  RTX_CM3.lib(rtx_system.o)
    0x08007c7c   0x08007c7c   0x00000020   Code   RO         2007    .text.osRtxTimerSetup  RTX_CM3.lib(rtx_timer.o)
    0x08007c9c   0x08007c9c   0x00000020   Code   RO         2011    .text.osRtxTimerThread  RTX_CM3.lib(rtx_timer.o)
    0x08007cbc   0x08007cbc   0x00000070   Code   RO         2009    .text.osRtxTimerTick  RTX_CM3.lib(rtx_timer.o)
    0x08007d2c   0x08007d2c   0x0000000c   Code   RO         1923    .text.osThreadExit  RTX_CM3.lib(rtx_thread.o)
    0x08007d38   0x08007d38   0x00000058   Code   RO         1931    .text.osThreadFlagsSet  RTX_CM3.lib(rtx_thread.o)
    0x08007d90   0x08007d90   0x00000024   Code   RO         1937    .text.osThreadFlagsWait  RTX_CM3.lib(rtx_thread.o)
    0x08007db4   0x08007db4   0x00000028   Code   RO         1899    .text.osThreadGetId  RTX_CM3.lib(rtx_thread.o)
    0x08007ddc   0x08007ddc   0x00000024   Code   RO         1895    .text.osThreadNew   RTX_CM3.lib(rtx_thread.o)
    0x08007e00   0x08007e00   0x00000024   Code   RO         1925    .text.osThreadTerminate  RTX_CM3.lib(rtx_thread.o)
    0x08007e24   0x08007e24   0x00000024   Code   RO         1913    .text.osThreadYield  RTX_CM3.lib(rtx_thread.o)
    0x08007e48   0x08007e48   0x00000024   Code   RO         2013    .text.osTimerNew    RTX_CM3.lib(rtx_timer.o)
    0x08007e6c   0x08007e6c   0x00000024   Code   RO         2017    .text.osTimerStart  RTX_CM3.lib(rtx_timer.o)
    0x08007e90   0x08007e90   0x00000024   Code   RO         2019    .text.osTimerStop   RTX_CM3.lib(rtx_timer.o)
    0x08007eb4   0x08007eb4   0x0000001e   Code   RO          333    .text.os_kernel_is_active  rtx_lib.o
    0x08007ed2   0x08007ed2   0x00000002   PAD
    0x08007ed4   0x08007ed4   0x00000016   Code   RO           41    .text.principal     principal.o
    0x08007eea   0x08007eea   0x00000002   PAD
    0x08007eec   0x08007eec   0x0000011e   Code   RO          306    .text.procesarDatosRecibidos  com.o
    0x0800800a   0x0800800a   0x00000002   PAD
    0x0800800c   0x0800800c   0x00000328   Code   RO          302    .text.procesarDatosTransmitidos  com.o
    0x08008334   0x08008334   0x000006ec   Code   RO           53    .text.programacion  principal.o
    0x08008a20   0x08008a20   0x00000080   Code   RO          308    .text.putInforamcionCola  com.o
    0x08008aa0   0x08008aa0   0x0000003a   Code   RO          147    .text.pwm           pwm.o
    0x08008ada   0x08008ada   0x00000002   PAD
    0x08008adc   0x08008adc   0x000000e0   Code   RO           45    .text.reposo        principal.o
    0x08008bbc   0x08008bbc   0x0000002c   Code   RO          153    .text.setCicloTrabajo  pwm.o
    0x08008be8   0x08008be8   0x0000002a   Code   RO           51    .text.setLeds       principal.o
    0x08008c12   0x08008c12   0x00000002   PAD
    0x08008c14   0x08008c14   0x00000008   Code   RO         1801    .text.svcRtxKernelGetState  RTX_CM3.lib(rtx_kernel.o)
    0x08008c1c   0x08008c1c   0x00000008   Code   RO         1817    .text.svcRtxKernelGetTickCount  RTX_CM3.lib(rtx_kernel.o)
    0x08008c24   0x08008c24   0x000000f8   Code   RO         1831    .text.svcRtxKernelInitialize  RTX_CM3.lib(rtx_kernel.o)
    0x08008d1c   0x08008d1c   0x00000084   Code   RO         1833    .text.svcRtxKernelStart  RTX_CM3.lib(rtx_kernel.o)
    0x08008da0   0x08008da0   0x000000d4   Code   RO         2129    .text.svcRtxMessageQueueGet  RTX_CM3.lib(rtx_msgqueue.o)
    0x08008e74   0x08008e74   0x00000118   Code   RO         2087    .text.svcRtxMessageQueueNew  RTX_CM3.lib(rtx_msgqueue.o)
    0x08008f8c   0x08008f8c   0x000000b0   Code   RO         2125    .text.svcRtxMessageQueuePut  RTX_CM3.lib(rtx_msgqueue.o)
    0x0800903c   0x0800903c   0x00000090   Code   RO         2069    .text.svcRtxMutexAcquire  RTX_CM3.lib(rtx_mutex.o)
    0x080090cc   0x080090cc   0x000000ac   Code   RO         2075    .text.svcRtxMutexDelete  RTX_CM3.lib(rtx_mutex.o)
    0x08009178   0x08009178   0x00000068   Code   RO         2065    .text.svcRtxMutexNew  RTX_CM3.lib(rtx_mutex.o)
    0x080091e0   0x080091e0   0x000000b4   Code   RO         2071    .text.svcRtxMutexRelease  RTX_CM3.lib(rtx_mutex.o)
    0x08009294   0x08009294   0x0000004c   Code   RO         1969    .text.svcRtxThreadExit  RTX_CM3.lib(rtx_thread.o)
    0x080092e0   0x080092e0   0x00000066   Code   RO         1981    .text.svcRtxThreadFlagsSet  RTX_CM3.lib(rtx_thread.o)
    0x08009346   0x08009346   0x00000002   PAD
    0x08009348   0x08009348   0x00000048   Code   RO         1987    .text.svcRtxThreadFlagsWait  RTX_CM3.lib(rtx_thread.o)
    0x08009390   0x08009390   0x0000000c   Code   RO         1901    .text.svcRtxThreadGetId  RTX_CM3.lib(rtx_thread.o)
    0x0800939c   0x0800939c   0x000001ec   Code   RO         1893    .text.svcRtxThreadNew  RTX_CM3.lib(rtx_thread.o)
    0x08009588   0x08009588   0x00000084   Code   RO         1975    .text.svcRtxThreadTerminate  RTX_CM3.lib(rtx_thread.o)
    0x0800960c   0x0800960c   0x00000038   Code   RO         1955    .text.svcRtxThreadYield  RTX_CM3.lib(rtx_thread.o)
    0x08009644   0x08009644   0x00000074   Code   RO         2027    .text.svcRtxTimerNew  RTX_CM3.lib(rtx_timer.o)
    0x080096b8   0x080096b8   0x00000048   Code   RO         2031    .text.svcRtxTimerStart  RTX_CM3.lib(rtx_timer.o)
    0x08009700   0x08009700   0x00000028   Code   RO         2035    .text.svcRtxTimerStop  RTX_CM3.lib(rtx_timer.o)
    0x08009728   0x08009728   0x0000001c   Code   RO          123    .text.symbolToLocalBuffer  lcd.o
    0x08009744   0x08009744   0x00000060   Code   RO          119    .text.symbolToLocalBuffer_L1  lcd.o
    0x080097a4   0x080097a4   0x0000006a   Code   RO          121    .text.symbolToLocalBuffer_L2  lcd.o
    0x0800980e   0x0800980e   0x00000002   PAD
    0x08009810   0x08009810   0x0000020c   Code   RO           49    .text.test          principal.o
    0x08009a1c   0x08009a1c   0x0000003e   Code   RO         2446    CL$$btod_d2e        c_w.l(btod.o)
    0x08009a5a   0x08009a5a   0x00000046   Code   RO         2448    CL$$btod_d2e_denorm_low  c_w.l(btod.o)
    0x08009aa0   0x08009aa0   0x00000060   Code   RO         2447    CL$$btod_d2e_norm_op1  c_w.l(btod.o)
    0x08009b00   0x08009b00   0x00000338   Code   RO         2456    CL$$btod_div_common  c_w.l(btod.o)
    0x08009e38   0x08009e38   0x00000084   Code   RO         2454    CL$$btod_e2d        c_w.l(btod.o)
    0x08009ebc   0x08009ebc   0x000000dc   Code   RO         2453    CL$$btod_e2e        c_w.l(btod.o)
    0x08009f98   0x08009f98   0x0000002a   Code   RO         2450    CL$$btod_ediv       c_w.l(btod.o)
    0x08009fc2   0x08009fc2   0x0000002a   Code   RO         2452    CL$$btod_edivd      c_w.l(btod.o)
    0x08009fec   0x08009fec   0x0000002a   Code   RO         2449    CL$$btod_emul       c_w.l(btod.o)
    0x0800a016   0x0800a016   0x0000002a   Code   RO         2451    CL$$btod_emuld      c_w.l(btod.o)
    0x0800a040   0x0800a040   0x00000244   Code   RO         2455    CL$$btod_mult_common  c_w.l(btod.o)
    0x0800a284   0x0800a284   0x00000028   Code   RO         2492    i.__ARM_fpclassify  m_ws.l(fpclassify.o)
    0x0800a2ac   0x0800a2ac   0x0000000e   Code   RO         2628    i.__mathlib_dbl_overflow  m_ws.l(dunder.o)
    0x0800a2ba   0x0800a2ba   0x00000002   PAD
    0x0800a2bc   0x0800a2bc   0x00000010   Code   RO         2630    i.__mathlib_dbl_underflow  m_ws.l(dunder.o)
    0x0800a2cc   0x0800a2cc   0x00000010   Code   RO         2494    i.__mathlib_narrow  m_ws.l(narrow.o)
    0x0800a2dc   0x0800a2dc   0x000000bc   Code   RO         2495    i.__mathlib_tofloat  m_ws.l(narrow.o)
    0x0800a398   0x0800a398   0x00000016   Code   RO         2598    i.__support_ldexp   m_ws.l(ldexp.o)
    0x0800a3ae   0x0800a3ae   0x0000000e   Code   RO         2280    i._is_digit         c_w.l(__printf_wp.o)
    0x0800a3bc   0x0800a3bc   0x00000058   Code   RO         2575    i.frexp             m_ws.l(frexp.o)
    0x0800a414   0x0800a414   0x00000074   Code   RO         2599    i.ldexp             m_ws.l(ldexp.o)
    0x0800a488   0x0800a488   0x00000094   Code   RO         2351    i.round             m_ws.l(round.o)
    0x0800a51c   0x0800a51c   0x0000002c   Code   RO         2474    locale$$code        c_w.l(lc_numeric_c.o)
    0x0800a548   0x0800a548   0x0000002c   Code   RO         2585    locale$$code        c_w.l(lc_ctype_c.o)
    0x0800a574   0x0800a574   0x00000062   Code   RO         2572    x$fpl$d2f           fz_ws.l(d2f.o)
    0x0800a5d6   0x0800a5d6   0x00000002   PAD
    0x0800a5d8   0x0800a5d8   0x00000150   Code   RO         2307    x$fpl$dadd          fz_ws.l(daddsub_clz.o)
    0x0800a728   0x0800a728   0x00000010   Code   RO         2622    x$fpl$dcheck1       fz_ws.l(dcheck1.o)
    0x0800a738   0x0800a738   0x00000018   Code   RO         2478    x$fpl$dcmpinf       fz_ws.l(dcmpi.o)
    0x0800a750   0x0800a750   0x00000078   Code   RO         2381    x$fpl$deqf          fz_ws.l(deqf.o)
    0x0800a7c8   0x0800a7c8   0x0000005e   Code   RO         2315    x$fpl$dfix          fz_ws.l(dfix.o)
    0x0800a826   0x0800a826   0x0000002e   Code   RO         2320    x$fpl$dflt          fz_ws.l(dflt_clz.o)
    0x0800a854   0x0800a854   0x00000026   Code   RO         2319    x$fpl$dfltu         fz_ws.l(dflt_clz.o)
    0x0800a87a   0x0800a87a   0x00000002   PAD
    0x0800a87c   0x0800a87c   0x00000078   Code   RO         2383    x$fpl$dgeqf         fz_ws.l(dgeqf.o)
    0x0800a8f4   0x0800a8f4   0x00000078   Code   RO         2385    x$fpl$dleqf         fz_ws.l(dleqf.o)
    0x0800a96c   0x0800a96c   0x00000154   Code   RO         2325    x$fpl$dmul          fz_ws.l(dmul.o)
    0x0800aac0   0x0800aac0   0x0000009c   Code   RO         2387    x$fpl$dnaninf       fz_ws.l(dnaninf.o)
    0x0800ab5c   0x0800ab5c   0x0000000c   Code   RO         2389    x$fpl$dretinf       fz_ws.l(dretinf.o)
    0x0800ab68   0x0800ab68   0x0000006c   Code   RO         2391    x$fpl$drleqf        fz_ws.l(drleqf.o)
    0x0800abd4   0x0800abd4   0x000000b4   Code   RO         2393    x$fpl$drnd          fz_ws.l(drnd.o)
    0x0800ac88   0x0800ac88   0x00000016   Code   RO         2308    x$fpl$drsb          fz_ws.l(daddsub_clz.o)
    0x0800ac9e   0x0800ac9e   0x00000002   PAD
    0x0800aca0   0x0800aca0   0x000001dc   Code   RO         2309    x$fpl$dsub          fz_ws.l(daddsub_clz.o)
    0x0800ae7c   0x0800ae7c   0x00000056   Code   RO         2327    x$fpl$f2d           fz_ws.l(f2d.o)
    0x0800aed2   0x0800aed2   0x00000002   PAD
    0x0800aed4   0x0800aed4   0x000000c4   Code   RO         2329    x$fpl$fadd          fz_ws.l(faddsub_clz.o)
    0x0800af98   0x0800af98   0x00000054   Code   RO         2313    x$fpl$fcmp          fz_ws.l(dcmp.o)
    0x0800afec   0x0800afec   0x00000036   Code   RO         2335    x$fpl$ffix          fz_ws.l(ffix.o)
    0x0800b022   0x0800b022   0x00000002   PAD
    0x0800b024   0x0800b024   0x00000026   Code   RO         2339    x$fpl$ffltu         fz_ws.l(fflt_clz.o)
    0x0800b04a   0x0800b04a   0x00000002   PAD
    0x0800b04c   0x0800b04c   0x00000102   Code   RO         2345    x$fpl$fmul          fz_ws.l(fmul.o)
    0x0800b14e   0x0800b14e   0x0000008c   Code   RO         2395    x$fpl$fnaninf       fz_ws.l(fnaninf.o)
    0x0800b1da   0x0800b1da   0x0000000a   Code   RO         2397    x$fpl$fretinf       fz_ws.l(fretinf.o)
    0x0800b1e4   0x0800b1e4   0x000000ea   Code   RO         2331    x$fpl$fsub          fz_ws.l(faddsub_clz.o)
    0x0800b2ce   0x0800b2ce   0x00000006   Code   RO         2484    x$fpl$ieeestatus    fz_ws.l(istatus.o)
    0x0800b2d4   0x0800b2d4   0x00000004   Code   RO         2347    x$fpl$printf1       fz_ws.l(printf1.o)
    0x0800b2d8   0x0800b2d8   0x00000064   Code   RO         2664    x$fpl$retnan        fz_ws.l(retnan.o)
    0x0800b33c   0x0800b33c   0x0000005c   Code   RO         2595    x$fpl$scalbn        fz_ws.l(scalbn.o)
    0x0800b398   0x0800b398   0x00000004   Code   RO         2349    x$fpl$scanf1        fz_ws.l(scanf1.o)
    0x0800b39c   0x0800b39c   0x00000008   Code   RO         2486    x$fpl$scanf2        fz_ws.l(scanf2.o)
    0x0800b3a4   0x0800b3a4   0x00000030   Code   RO         2698    x$fpl$trapveneer    fz_ws.l(trapv.o)
    0x0800b3d4   0x0800b3d4   0x00000000   Code   RO         2399    x$fpl$usenofp       fz_ws.l(usenofp.o)
    0x0800b3d4   0x0800b3d4   0x00000011   Data   RO         2283    .constdata          c_w.l(__printf_flags_wp.o)
    0x0800b3e5   0x0800b3e5   0x00000003   PAD
    0x0800b3e8   0x0800b3e8   0x00000094   Data   RO         2444    .constdata          c_w.l(bigflt0.o)
    0x0800b47c   0x0800b47c   0x000000a8   Data   RO          347    .rodata             rtx_lib.o
    0x0800b524   0x0800b524   0x00000010   Data   RO         1779    .rodata.AHBPrescTable  system_stm32f4xx.o
    0x0800b534   0x0800b534   0x00000008   Data   RO         1780    .rodata.APBPrescTable  system_stm32f4xx.o
    0x0800b53c   0x0800b53c   0x00000960   Data   RO          129    .rodata.Arial12x12  lcd.o
    0x0800be9c   0x0800be9c   0x00000030   Data   RO          430    .rodata.Driver_I2C1  i2c_stm32f4xx.o
    0x0800becc   0x0800becc   0x0000002c   Data   RO          500    .rodata.Driver_SPI1  spi_stm32f4xx.o
    0x0800bef8   0x0800bef8   0x00000038   Data   RO          580    .rodata.Driver_USART3  usart_stm32f4xx.o
    0x0800bf30   0x0800bf30   0x00000034   Data   RO          585    .rodata.USART3_Resources  usart_stm32f4xx.o
    0x0800bf64   0x0800bf64   0x0000000c   Data   RO          582    .rodata.USART3_rx   usart_stm32f4xx.o
    0x0800bf70   0x0800bf70   0x0000000c   Data   RO          581    .rodata.USART3_tx   usart_stm32f4xx.o
    0x0800bf7c   0x0800bf7c   0x00000004   Data   RO          349    .rodata.osRtxUserSVC  rtx_lib.o
    0x0800bf80   0x0800bf80   0x00000024   Data   RO          344    .rodata.os_idle_thread_attr  rtx_lib.o
    0x0800bfa4   0x0800bfa4   0x00000018   Data   RO          346    .rodata.os_timer_mq_attr  rtx_lib.o
    0x0800bfbc   0x0800bfbc   0x00000024   Data   RO          345    .rodata.os_timer_thread_attr  rtx_lib.o
    0x0800bfe0   0x0800bfe0   0x0000001d   Data   RO           78    .rodata.str1.1      principal.o
    0x0800bffd   0x0800bffd   0x00000003   PAD
    0x0800c000   0x0800c000   0x0000000b   Data   RO         1851    .rodata.str1.4      RTX_CM3.lib(rtx_kernel.o)
    0x0800c00b   0x0800c00b   0x00000001   PAD
    0x0800c00c   0x0800c00c   0x00000020   Data   RO         2701    Region$$Table       anon$$obj.o
    0x0800c02c   0x0800c02c   0x00000008   Data   RO         2480    c$$dinf             fz_ws.l(fpconst.o)
    0x0800c034   0x0800c034   0x00000008   Data   RO         2483    c$$dmax             fz_ws.l(fpconst.o)
    0x0800c03c   0x0800c03c   0x0000001c   Data   RO         2473    locale$$data        c_w.l(lc_numeric_c.o)
    0x0800c058   0x0800c058   0x00000110   Data   RO         2584    locale$$data        c_w.l(lc_ctype_c.o)


    Execution Region RW_IRAM1 (Exec base: 0x20000000, Load base: 0x0800c168, Size: 0x0000bc88, Max: 0x00030000, ABSOLUTE)

    Exec Addr    Load Addr    Size         Type   Attr      Idx    E Section Name        Object

    0x20000000   0x0800c168   0x00000004   Data   RW         1778    .data.SystemCoreClock  system_stm32f4xx.o
    0x20000004   0x0800c16c   0x000000a4   Data   RW         1852    .data.os            RTX_CM3.lib(rtx_kernel.o)
    0x200000a8   0x0800c210   0x00000001   Data   RW           71    .data.pos           principal.o
    0x200000a9   0x0800c211   0x00000007   PAD
    0x200000b0   0x0800c218   0x00000008   Data   RW           69    .data.temREF        principal.o
    0x200000b8   0x0800c220   0x00000001   Data   RW          653    .data.uwTickFreq    stm32f4xx_hal.o
    0x200000b9   0x0800c221   0x00000003   PAD
    0x200000bc   0x0800c224   0x00000004   Data   RW          652    .data.uwTickPrio    stm32f4xx_hal.o
    0x200000c0   0x0800c228   0x00000001   Data   RW           72    .data.varMod        principal.o
    0x200000c1   0x0800c229   0x00000007   PAD
    0x200000c8        -       0x00000060   Zero   RW         2501    .bss                c_w.l(libspace.o)
    0x20000128        -       0x00000010   Zero   RW          281    .bss.ADC_Channel_Config.sConfig  pot.o
    0x20000138        -       0x00000014   Zero   RW          131    .bss.GPIO_InitStruct  lcd.o
    0x2000014c        -       0x00000004   Zero   RW            8    .bss.HAL_GetTick.ticks  main.o
    0x20000150        -       0x00000028   Zero   RW          431    .bss.I2C1_Info      i2c_stm32f4xx.o
    0x20000178        -       0x00000004   Zero   RW          502    .bss.SPI1_Info.0    spi_stm32f4xx.o
    0x2000017c        -       0x00000001   Zero   RW          505    .bss.SPI1_Info.1.0  spi_stm32f4xx.o
    0x2000017d   0x0800c229   0x00000003   PAD
    0x20000180        -       0x00000001   Zero   RW          506    .bss.SPI1_Info.1.1  spi_stm32f4xx.o
    0x20000181   0x0800c229   0x00000001   PAD
    0x20000182        -       0x00000001   Zero   RW          507    .bss.SPI1_Info.1.2  spi_stm32f4xx.o
    0x20000183   0x0800c229   0x00000001   PAD
    0x20000184        -       0x00000004   Zero   RW          503    .bss.SPI1_Info.2    spi_stm32f4xx.o
    0x20000188        -       0x00000004   Zero   RW          504    .bss.SPI1_Info.3    spi_stm32f4xx.o
    0x2000018c        -       0x0000001c   Zero   RW          501    .bss.SPI1_TransferInfo  spi_stm32f4xx.o
    0x200001a8        -       0x00000014   Zero   RW          583    .bss.USART3_Info    usart_stm32f4xx.o
    0x200001bc        -       0x00000024   Zero   RW          584    .bss.USART3_TransferInfo  usart_stm32f4xx.o
    0x200001e0        -       0x00000048   Zero   RW          277    .bss.adchandle      pot.o
    0x20000228        -       0x00000200   Zero   RW          133    .bss.buffer         lcd.o
    0x20000428        -       0x00000002   Zero   RW          235    .bss.buffer         temperatura.o
    0x2000042a        -       0x00000002   Zero   RW           75    .bss.cicloPWM       principal.o
    0x2000042c        -       0x00000001   Zero   RW          318    .bss.comandoRX      com.o
    0x2000042d   0x0800c229   0x00000003   PAD
    0x20000430        -       0x00000004   Zero   RW          313    .bss.cuenta         com.o
    0x20000434   0x0800c229   0x00000004   PAD
    0x20000438        -       0x00000008   Zero   RW           81    .bss.doubTemMod     principal.o
    0x20000440        -       0x00000028   Zero   RW          315    .bss.envio          com.o
    0x20000468        -       0x00000018   Zero   RW          184    .bss.gesto          joystick.o
    0x20000480        -       0x00000008   Zero   RW          320    .bss.horaRX         com.o
    0x20000488        -       0x00000001   Zero   RW          210    .bss.horas          clock.o
    0x20000489        -       0x00000001   Zero   RW           66    .bss.horasMod       principal.o
    0x2000048a   0x0800c229   0x00000002   PAD
    0x2000048c        -       0x00000040   Zero   RW          156    .bss.htim1          pwm.o
    0x200004cc        -       0x00000040   Zero   RW          132    .bss.htim7          lcd.o
    0x2000050c        -       0x00000004   Zero   RW          207    .bss.id_clock       clock.o
    0x20000510        -       0x00000002   Zero   RW          189    .bss.informacion    joystick.o
    0x20000512        -       0x00000001   Zero   RW           80    .bss.intTemMod      principal.o
    0x20000513   0x0800c229   0x00000001   PAD
    0x20000514        -       0x00000030   Zero   RW          182    .bss.joystick       joystick.o
    0x20000544        -       0x00000018   Zero   RW          187    .bss.joystickAD     joystick.o
    0x2000055c        -       0x00000018   Zero   RW          188    .bss.joystickIBC    joystick.o
    0x20000574   0x0800c229   0x00000004   PAD
    0x20000578        -       0x00000010   Zero   RW          280    .bss.medidas        pot.o
    0x20000588        -       0x00000190   Zero   RW           76    .bss.medidasBuffer  principal.o
    0x20000718        -       0x00000004   Zero   RW           58    .bss.mid_MsgQueueJOY  principal.o
    0x2000071c        -       0x00000004   Zero   RW           59    .bss.mid_MsgQueueLCD  principal.o
    0x20000720        -       0x00000004   Zero   RW           63    .bss.mid_MsgQueueLeds  principal.o
    0x20000724        -       0x00000004   Zero   RW           65    .bss.mid_MsgQueuePCRX  principal.o
    0x20000728        -       0x00000004   Zero   RW           64    .bss.mid_MsgQueuePCTX  principal.o
    0x2000072c        -       0x00000004   Zero   RW           62    .bss.mid_MsgQueuePOT  principal.o
    0x20000730        -       0x00000004   Zero   RW           60    .bss.mid_MsgQueuePWM  principal.o
    0x20000734        -       0x00000004   Zero   RW           61    .bss.mid_MsgQueueTEM  principal.o
    0x20000738        -       0x00000001   Zero   RW          209    .bss.minutos        clock.o
    0x20000739        -       0x00000001   Zero   RW           67    .bss.minutosMod     principal.o
    0x2000073a        -       0x00000001   Zero   RW           55    .bss.modos          principal.o
    0x2000073b        -       0x00000001   Zero   RW           77    .bss.numMedida      principal.o
    0x2000073c   0x0800c229   0x00000004   PAD
    0x20000740        -       0x0000a750   Zero   RW          343    .bss.os             rtx_lib.o
    0x2000ae90        -       0x00000001   Zero   RW         2250    .bss.os             RTX_CM3.lib(os_systick.o)
    0x2000ae91   0x0800c229   0x00000003   PAD
    0x2000ae94        -       0x000001f0   Zero   RW          350    .bss.os.libspace    rtx_lib.o
    0x2000b084        -       0x00000034   Zero   RW          354    .bss.os.msgqueue.cb  rtx_lib.o
    0x2000b0b8        -       0x00000050   Zero   RW          355    .bss.os.msgqueue.mem  rtx_lib.o
    0x2000b108        -       0x00000088   Zero   RW          351    .bss.os.thread.cb   rtx_lib.o
    0x2000b190        -       0x00000200   Zero   RW          352    .bss.os.thread.idle.stack  rtx_lib.o
    0x2000b390        -       0x00000200   Zero   RW          353    .bss.os.thread.timer.stack  rtx_lib.o
    0x2000b590        -       0x00000001   Zero   RW          356    .bss.os_kernel_is_active.os_kernel_active  rtx_lib.o
    0x2000b591   0x0800c229   0x00000001   PAD
    0x2000b592        -       0x00000002   Zero   RW          134    .bss.positionL1     lcd.o
    0x2000b594        -       0x00000002   Zero   RW          135    .bss.positionL2     lcd.o
    0x2000b596   0x0800c229   0x00000002   PAD
    0x2000b598        -       0x00000010   Zero   RW           79    .bss.potMedidas     principal.o
    0x2000b5a8        -       0x00000002   Zero   RW           57    .bss.pulsacion      principal.o
    0x2000b5aa        -       0x00000001   Zero   RW          317    .bss.receive        com.o
    0x2000b5ab   0x0800c229   0x00000001   PAD
    0x2000b5ac        -       0x0000000d   Zero   RW          316    .bss.recibidoRX     com.o
    0x2000b5b9   0x0800c229   0x00000003   PAD
    0x2000b5bc        -       0x0000001c   Zero   RW           82    .bss.recived        principal.o
    0x2000b5d8        -       0x0000001c   Zero   RW          157    .bss.sConfigOC      pwm.o
    0x2000b5f4        -       0x00000001   Zero   RW          208    .bss.segundos       clock.o
    0x2000b5f5        -       0x00000001   Zero   RW           68    .bss.segundosMod    principal.o
    0x2000b5f6   0x0800c229   0x00000002   PAD
    0x2000b5f8        -       0x00000008   Zero   RW           74    .bss.temMED         principal.o
    0x2000b600        -       0x00000008   Zero   RW           70    .bss.temRefMod      principal.o
    0x2000b608        -       0x00000008   Zero   RW          236    .bss.temperatura    temperatura.o
    0x2000b610        -       0x00000004   Zero   RW          319    .bss.temperaturaRX  com.o
    0x2000b614        -       0x00000004   Zero   RW          251    .bss.tid_Th_RGB     rgb.o
    0x2000b618        -       0x00000004   Zero   RW          310    .bss.tid_ThcomRX    com.o
    0x2000b61c        -       0x00000004   Zero   RW          311    .bss.tid_ThcomTX    com.o
    0x2000b620        -       0x00000004   Zero   RW          183    .bss.tid_Thjoy      joystick.o
    0x2000b624        -       0x00000004   Zero   RW          278    .bss.tid_Thpot      pot.o
    0x2000b628        -       0x00000004   Zero   RW          233    .bss.tid_Thtemperatura  temperatura.o
    0x2000b62c        -       0x00000004   Zero   RW          206    .bss.tid_clock      clock.o
    0x2000b630        -       0x00000004   Zero   RW          130    .bss.tid_lcd        lcd.o
    0x2000b634        -       0x00000004   Zero   RW           56    .bss.tid_principal  principal.o
    0x2000b638        -       0x00000004   Zero   RW          155    .bss.tid_pwm        pwm.o
    0x2000b63c        -       0x00000004   Zero   RW          185    .bss.tim_id1        joystick.o
    0x2000b640        -       0x00000004   Zero   RW          186    .bss.tim_id2        joystick.o
    0x2000b644        -       0x00000004   Zero   RW          234    .bss.tim_medida     temperatura.o
    0x2000b648        -       0x00000004   Zero   RW          279    .bss.tim_pot        pot.o
    0x2000b64c        -       0x0000001c   Zero   RW          312    .bss.tramaRX        com.o
    0x2000b668        -       0x0000001c   Zero   RW          314    .bss.tramaTX        com.o
    0x2000b684   0x0800c229   0x00000004   PAD
    0x2000b688        -       0x00000200   Zero   RW         1765    HEAP                startup_stm32f429xx.o
    0x2000b888        -       0x00000400   Zero   RW         1764    STACK               startup_stm32f429xx.o


==============================================================================

Image component sizes


      Code (inc. data)   RO Data    RW Data    ZI Data      Debug   Object Name

       258          0          0          0         11       1663   clock.o
      1646         16          0          0        135       6277   com.o
      3594          4         48          0         40      16689   i2c_stm32f4xx.o
       640          0          0          0        134       6551   joystick.o
      1354          0       2400          0        604      10757   lcd.o
       298          0          0          0          4       3355   main.o
       574          0          0          0        112       6803   pot.o
      4088        518         29         10        514       5257   principal.o
       320          0          0          0         96       5630   pwm.o
       234          0          0          0          4       2751   rgb.o
         4          0          0          0          0        662   rtx_config.o
       214          0        268          0      44621       7306   rtx_lib.o
      2174         26         44          0         43      16388   spi_stm32f4xx.o
        64         26        428          0       1536        816   startup_stm32f429xx.o
       182          0          0          5          0       7984   stm32f4xx_hal.o
      1158          0          0          0          0      10895   stm32f4xx_hal_adc.o
       346          0          0          0          0      11124   stm32f4xx_hal_cortex.o
       732          0          0          0          0       5402   stm32f4xx_hal_gpio.o
      1358          0          0          0          0       7566   stm32f4xx_hal_rcc.o
      1134          4          0          0          0      38536   stm32f4xx_hal_tim.o
        12          0          0          0          0        733   stm32f4xx_it.o
       142          0         24          4          0       2764   system_stm32f4xx.o
       400          0          0          0         18       3603   temperatura.o
      3888        100        132          0         56      19728   usart_stm32f4xx.o

    ----------------------------------------------------------------------
     25026        694       3408         32      47968     199240   Object Totals
         0          0         32          0          0          0   (incl. Generated)
       212          0          3         13         40          0   (incl. Padding)

    ----------------------------------------------------------------------

      Code (inc. data)   RO Data    RW Data    ZI Data      Debug   Library Member Name

       148          8          0          0          0        591   irq_armv7m.o
       114         20          0          0          1       3197   os_systick.o
       584         36         11        164          0      16501   rtx_kernel.o
       228          0          0          0          0       2537   rtx_memory.o
       188          0          0          0          0      16008   rtx_mempool.o
      1342         24          0          0          0      18657   rtx_msgqueue.o
       882         28          0          0          0       9962   rtx_mutex.o
       364         14          0          0          0       5296   rtx_system.o
      2264         84          0          0          0      31735   rtx_thread.o
       620         32          0          0          0      10397   rtx_timer.o
        60          8          0          0          0         84   __0sscanf.o
         8          0          0          0          0         68   __main.o
       312          4         17          0          0         92   __printf_flags_wp.o
        14          0          0          0          0         68   __printf_wp.o
         0          0          0          0          0          0   __rtentry.o
        20          0          0          0          0          0   __rtentry2.o
         6          0          0          0          0          0   __rtentry4.o
        52          8          0          0          0          0   __scatter.o
        26          0          0          0          0          0   __scatter_copy.o
        28          0          0          0          0          0   __scatter_zi.o
        28          0          0          0          0         68   _chval.o
        48          6          0          0          0         96   _printf_char_common.o
         6          0          0          0          0          0   _printf_d.o
       120         16          0          0          0         92   _printf_dec.o
         6          0          0          0          0          0   _printf_f.o
      1052          0          0          0          0        148   _printf_fp_dec.o
       128         16          0          0          0         84   _printf_fp_infnan.o
       178          0          0          0          0         88   _printf_intcommon.o
         0          0          0          0          0          0   _printf_percent.o
         4          0          0          0          0          0   _printf_percent_end.o
        22          0          0          0          0        100   _rserrno.o
       884          6          0          0          0        100   _scanf.o
       332          0          0          0          0         96   _scanf_int.o
        64          0          0          0          0         84   _sgetc.o
        10          0          0          0          0         68   _sputc.o
       228          4        148          0          0         96   bigflt0.o
      2152        136          0          0          0        956   btod.o
        18          0          0          0          0         80   exit.o
         6          0          0          0          0        152   heapauxi.o
         0          0          0          0          0          0   indicate_semi.o
        18          0          0          0          0         76   isspace.o
        44         10        272          0          0         76   lc_ctype_c.o
        44         10         28          0          0         76   lc_numeric_c.o
         2          0          0          0          0          0   libinit.o
        30          0          0          0          0          0   libinit2.o
         2          0          0          0          0          0   libshutdown.o
         2          0          0          0          0          0   libshutdown2.o
         8          4          0          0         96         68   libspace.o
        38          0          0          0          0         68   llshl.o
       138          0          0          0          0         80   lludiv10.o
       240          0          0          0          0        100   lludivv7m.o
        40          6          0          0          0         84   noretval__2sprintf.o
        16          4          0          0          0         76   rt_ctype_table.o
         4          0          0          0          0         68   rt_errno_addr_twolibspace.o
        10          0          0          0          0         76   rt_locale_twolibspace.o
        68          0          0          0          0         68   rt_memclr.o
        78          0          0          0          0         80   rt_memclr_w.o
       138          0          0          0          0         68   rt_memcpy_v6.o
       100          0          0          0          0         80   rt_memcpy_w.o
         2          0          0          0          0          0   rtexit.o
        10          0          0          0          0          0   rtexit2.o
        44          8          0          0          0         84   scanf_char.o
      1272         16          0          0          0        168   scanf_fp.o
       800         14          0          0          0        100   scanf_hexfp.o
       308         16          0          0          0        100   scanf_infnan.o
       124          0          0          0          0         88   strcmpv7em.o
        12          4          0          0          0         68   sys_exit.o
        74          0          0          0          0         80   sys_stackheap_outer.o
         2          0          0          0          0         68   use_no_semi.o
        98          4          0          0          0         92   d2f.o
       834         16          0          0          0        372   daddsub_clz.o
        16          4          0          0          0         68   dcheck1.o
        84          0          0          0          0        196   dcmp.o
        24          0          0          0          0         68   dcmpi.o
       120          4          0          0          0         92   deqf.o
        94          4          0          0          0         92   dfix.o
        84          0          0          0          0        136   dflt_clz.o
       120          4          0          0          0         92   dgeqf.o
       120          4          0          0          0         92   dleqf.o
       340         12          0          0          0        104   dmul.o
       156          4          0          0          0         92   dnaninf.o
        12          0          0          0          0         68   dretinf.o
       108          0          0          0          0         80   drleqf.o
       180          4          0          0          0         80   drnd.o
        86          4          0          0          0         84   f2d.o
       430          8          0          0          0        168   faddsub_clz.o
        54          4          0          0          0         84   ffix.o
        38          0          0          0          0         68   fflt_clz.o
       258          4          0          0          0         84   fmul.o
       140          4          0          0          0         84   fnaninf.o
         0          0         16          0          0          0   fpconst.o
        10          0          0          0          0         68   fretinf.o
         6          0          0          0          0         68   istatus.o
         4          0          0          0          0         68   printf1.o
       100          0          0          0          0         68   retnan.o
        92          0          0          0          0         68   scalbn.o
         4          0          0          0          0         68   scanf1.o
         8          0          0          0          0         84   scanf2.o
        48          0          0          0          0         68   trapv.o
         0          0          0          0          0          0   usenofp.o
        30          6          0          0          0        136   dunder.o
        40          0          0          0          0         68   fpclassify.o
        88          8          0          0          0         76   frexp.o
       138          0          0          0          0        160   ldexp.o
       204          4          0          0          0        168   narrow.o
       148         12          0          0          0         88   round.o

    ----------------------------------------------------------------------
     20582        656        496        164        100     122953   Library Totals
        52          0          4          0          3          0   (incl. Padding)

    ----------------------------------------------------------------------

      Code (inc. data)   RO Data    RW Data    ZI Data      Debug   Library Name

      6734        246         11        164          1     114881   RTX_CM3.lib
      9480        296        465          0         96       4520   c_w.l
      3668         84         16          0          0       2856   fz_ws.l
       648         30          0          0          0        696   m_ws.l

    ----------------------------------------------------------------------
     20582        656        496        164        100     122953   Library Totals

    ----------------------------------------------------------------------

==============================================================================


      Code (inc. data)   RO Data    RW Data    ZI Data      Debug   

     45608       1350       3904        196      48068     317065   Grand Totals
     45608       1350       3904        196      48068     317065   ELF Image Totals
     45608       1350       3904        196          0          0   ROM Totals

==============================================================================

    Total RO  Size (Code + RO Data)                49512 (  48.35kB)
    Total RW  Size (RW Data + ZI Data)             48264 (  47.13kB)
    Total ROM Size (Code + RO Data + RW Data)      49708 (  48.54kB)

==============================================================================

