Component: ARM Compiler 6.16 Tool: armlink [5dfeaa00]

==============================================================================

Section Cross References

    stm32f4xx_it.o(.ARM.exidx.text.NMI_Handler) refers to stm32f4xx_it.o(.text.NMI_Handler) for [Anonymous Symbol]
    stm32f4xx_it.o(.ARM.exidx.text.HardFault_Handler) refers to stm32f4xx_it.o(.text.HardFault_Handler) for [Anonymous Symbol]
    stm32f4xx_it.o(.ARM.exidx.text.MemManage_Handler) refers to stm32f4xx_it.o(.text.MemManage_Handler) for [Anonymous Symbol]
    stm32f4xx_it.o(.ARM.exidx.text.BusFault_Handler) refers to stm32f4xx_it.o(.text.BusFault_Handler) for [Anonymous Symbol]
    stm32f4xx_it.o(.ARM.exidx.text.UsageFault_Handler) refers to stm32f4xx_it.o(.text.UsageFault_Handler) for [Anonymous Symbol]
    stm32f4xx_it.o(.ARM.exidx.text.DebugMon_Handler) refers to stm32f4xx_it.o(.text.DebugMon_Handler) for [Anonymous Symbol]
    main.o(.text.HAL_GetTick) refers to rtx_kernel.o(.text.osKernelGetState) for osKernelGetState
    main.o(.text.HAL_GetTick) refers to rtx_kernel.o(.text.osKernelGetTickCount) for osKernelGetTickCount
    main.o(.text.HAL_GetTick) refers to system_stm32f4xx.o(.data.SystemCoreClock) for SystemCoreClock
    main.o(.text.HAL_GetTick) refers to main.o(.bss.HAL_GetTick.ticks) for HAL_GetTick.ticks
    main.o(.ARM.exidx.text.HAL_GetTick) refers to main.o(.text.HAL_GetTick) for [Anonymous Symbol]
    main.o(.ARM.exidx.text.HAL_InitTick) refers to main.o(.text.HAL_InitTick) for [Anonymous Symbol]
    main.o(.text.main) refers to stm32f4xx_hal.o(.text.HAL_Init) for HAL_Init
    main.o(.text.main) refers to main.o(.text.SystemClock_Config) for SystemClock_Config
    main.o(.text.main) refers to system_stm32f4xx.o(.text.SystemCoreClockUpdate) for SystemCoreClockUpdate
    main.o(.text.main) refers to rtx_kernel.o(.text.osKernelInitialize) for osKernelInitialize
    main.o(.text.main) refers to thled1.o(.text.Init_Thled1) for Init_Thled1
    main.o(.text.main) refers to thled2.o(.text.Init_Thled2) for Init_Thled2
    main.o(.text.main) refers to thled3.o(.text.Init_Thled3) for Init_Thled3
    main.o(.text.main) refers to thjoy.o(.text.Init_Thjoy) for Init_Thjoy
    main.o(.text.main) refers to rtx_kernel.o(.text.osKernelStart) for osKernelStart
    main.o(.ARM.exidx.text.main) refers to main.o(.text.main) for [Anonymous Symbol]
    main.o(.text.SystemClock_Config) refers to stm32f4xx_hal_rcc.o(.text.HAL_RCC_OscConfig) for HAL_RCC_OscConfig
    main.o(.text.SystemClock_Config) refers to stm32f4xx_hal_rcc.o(.text.HAL_RCC_ClockConfig) for HAL_RCC_ClockConfig
    main.o(.text.SystemClock_Config) refers to stm32f4xx_hal.o(.text.HAL_GetREVID) for HAL_GetREVID
    main.o(.ARM.exidx.text.SystemClock_Config) refers to main.o(.text.SystemClock_Config) for [Anonymous Symbol]
    thjoy.o(.text.Init_Thjoy) refers to thjoy.o(.text.InitJoy) for InitJoy
    thjoy.o(.text.Init_Thjoy) refers to thjoy.o(.text.Init_Timer) for Init_Timer
    thjoy.o(.text.Init_Thjoy) refers to thjoy.o(.text.Thjoy) for Thjoy
    thjoy.o(.text.Init_Thjoy) refers to thjoy.o(.bss.joystick) for joystick
    thjoy.o(.text.Init_Thjoy) refers to rtx_thread.o(.text.osThreadNew) for osThreadNew
    thjoy.o(.text.Init_Thjoy) refers to thjoy.o(.bss.tid_Thjoy) for tid_Thjoy
    thjoy.o(.ARM.exidx.text.Init_Thjoy) refers to thjoy.o(.text.Init_Thjoy) for [Anonymous Symbol]
    thjoy.o(.text.InitJoy) refers to thjoy.o(.bss.joystickIBC) for joystickIBC
    thjoy.o(.text.InitJoy) refers to thjoy.o(.bss.joystickAD) for joystickAD
    thjoy.o(.text.InitJoy) refers to thjoy.o(.bss.joystick) for joystick
    thjoy.o(.ARM.exidx.text.InitJoy) refers to thjoy.o(.text.InitJoy) for [Anonymous Symbol]
    thjoy.o(.text.Init_Timer) refers to thjoy.o(.text.Timer1_Callback) for Timer1_Callback
    thjoy.o(.text.Init_Timer) refers to thjoy.o(.bss.gesto) for gesto
    thjoy.o(.text.Init_Timer) refers to rtx_timer.o(.text.osTimerNew) for osTimerNew
    thjoy.o(.text.Init_Timer) refers to thjoy.o(.bss.tim_id1) for tim_id1
    thjoy.o(.ARM.exidx.text.Init_Timer) refers to thjoy.o(.text.Init_Timer) for [Anonymous Symbol]
    thjoy.o(.text.Thjoy) refers to stm32f4xx_hal_gpio.o(.text.HAL_GPIO_Init) for HAL_GPIO_Init
    thjoy.o(.text.Thjoy) refers to stm32f4xx_hal_cortex.o(.text.HAL_NVIC_EnableIRQ) for HAL_NVIC_EnableIRQ
    thjoy.o(.text.Thjoy) refers to thjoy.o(.bss.tim_id1) for tim_id1
    thjoy.o(.text.Thjoy) refers to rtx_thread.o(.text.osThreadFlagsWait) for osThreadFlagsWait
    thjoy.o(.text.Thjoy) refers to rtx_timer.o(.text.osTimerStart) for osTimerStart
    thjoy.o(.text.Thjoy) refers to rtx_thread.o(.text.osThreadYield) for osThreadYield
    thjoy.o(.ARM.exidx.text.Thjoy) refers to thjoy.o(.text.Thjoy) for [Anonymous Symbol]
    thjoy.o(.text.EXTI15_10_IRQHandler) refers to stm32f4xx_hal_gpio.o(.text.HAL_GPIO_EXTI_IRQHandler) for HAL_GPIO_EXTI_IRQHandler
    thjoy.o(.ARM.exidx.text.EXTI15_10_IRQHandler) refers to thjoy.o(.text.EXTI15_10_IRQHandler) for [Anonymous Symbol]
[...]
    [Anonymous Symbol]                       0x080014e4   Section        0  stm32f4xx_hal_cortex.o(.text.__NVIC_EnableIRQ)
    __NVIC_SetPriorityGrouping               0x08001505   Thumb Code    32  stm32f4xx_hal_cortex.o(.text.__NVIC_SetPriorityGrouping)
    [Anonymous Symbol]                       0x08001504   Section        0  stm32f4xx_hal_cortex.o(.text.__NVIC_SetPriorityGrouping)
    __tagsym$$used.1                         0x08001524   Number         0  rtx_lib.o(.text._mutex_acquire)
    [Anonymous Symbol]                       0x08001524   Section        0  rtx_lib.o(.text._mutex_acquire)
    __tagsym$$used.3                         0x08001540   Number         0  rtx_lib.o(.text._mutex_free)
    [Anonymous Symbol]                       0x08001540   Section        0  rtx_lib.o(.text._mutex_free)
    __tagsym$$used.0                         0x0800154c   Number         0  rtx_lib.o(.text._mutex_initialize)
    [Anonymous Symbol]                       0x0800154c   Section        0  rtx_lib.o(.text._mutex_initialize)
    __tagsym$$used.2                         0x0800156c   Number         0  rtx_lib.o(.text._mutex_release)
    [Anonymous Symbol]                       0x0800156c   Section        0  rtx_lib.o(.text._mutex_release)
    [Anonymous Symbol]                       0x08001584   Section        0  rtx_lib.o(.text._platform_post_stackheap_init)
    [Anonymous Symbol]                       0x0800158c   Section        0  thjoy.o(.text.generarCodigo)
    [Anonymous Symbol]                       0x08001600   Section        0  main.o(.text.main)
    [Anonymous Symbol]                       0x08001628   Section        0  rtx_kernel.o(.text.osKernelGetState)
    __arm_cp.5_0                             0x08001650   Number         4  rtx_kernel.o(.text.osKernelGetState)
    [Anonymous Symbol]                       0x08001654   Section        0  rtx_kernel.o(.text.osKernelGetTickCount)
    __arm_cp.13_0                            0x08001674   Number         4  rtx_kernel.o(.text.osKernelGetTickCount)
    __arm_cp.13_1                            0x08001678   Number         4  rtx_kernel.o(.text.osKernelGetTickCount)
    [Anonymous Symbol]                       0x0800167c   Section        0  rtx_kernel.o(.text.osKernelInitialize)
    __arm_cp.2_0                             0x080016a4   Number         4  rtx_kernel.o(.text.osKernelInitialize)
    [Anonymous Symbol]                       0x080016a8   Section        0  rtx_kernel.o(.text.osKernelStart)
    __arm_cp.7_0                             0x080016c8   Number         4  rtx_kernel.o(.text.osKernelStart)
    [Anonymous Symbol]                       0x080016cc   Section        0  rtx_msgqueue.o(.text.osMessageQueueGet)
    __arm_cp.5_0                             0x08001738   Number         4  rtx_msgqueue.o(.text.osMessageQueueGet)
    [Anonymous Symbol]                       0x0800173c   Section        0  rtx_msgqueue.o(.text.osMessageQueuePut)
    __arm_cp.4_0                             0x080017b8   Number         4  rtx_msgqueue.o(.text.osMessageQueuePut)
    [Anonymous Symbol]                       0x080017bc   Section        0  rtx_mutex.o(.text.osMutexAcquire)
    __arm_cp.4_0                             0x080017dc   Number         4  rtx_mutex.o(.text.osMutexAcquire)
    [Anonymous Symbol]                       0x080017e0   Section        0  rtx_mutex.o(.text.osMutexDelete)
    __arm_cp.7_0                             0x08001800   Number         4  rtx_mutex.o(.text.osMutexDelete)
    [Anonymous Symbol]                       0x08001804   Section        0  rtx_mutex.o(.text.osMutexNew)
    __arm_cp.2_0                             0x08001824   Number         4  rtx_mutex.o(.text.osMutexNew)
    [Anonymous Symbol]                       0x08001828   Section        0  rtx_mutex.o(.text.osMutexRelease)
    __arm_cp.5_0                             0x08001848   Number         4  rtx_mutex.o(.text.osMutexRelease)
    [Anonymous Symbol]                       0x0800184c   Section        0  rtx_config.o(.text.osRtxErrorNotify)
    [Anonymous Symbol]                       0x08001850   Section        0  rtx_config.o(.text.osRtxIdleThread)
    [Anonymous Symbol]                       0x08001852   Section        0  rtx_kernel.o(.text.osRtxKernelErrorNotify)
    [Anonymous Symbol]                       0x08001856   Section        0  rtx_kernel.o(.text.osRtxKernelPreInit)
    [Anonymous Symbol]                       0x08001858   Section        0  rtx_memory.o(.text.osRtxMemoryAlloc)
    [Anonymous Symbol]                       0x080018c4   Section        0  rtx_memory.o(.text.osRtxMemoryFree)
    [Anonymous Symbol]                       0x08001906   Section        0  rtx_memory.o(.text.osRtxMemoryInit)
    [Anonymous Symbol]                       0x0800193c   Section        0  rtx_mempool.o(.text.osRtxMemoryPoolAlloc)
    [Anonymous Symbol]                       0x08001976   Section        0  rtx_mempool.o(.text.osRtxMemoryPoolFree)
    [Anonymous Symbol]                       0x080019c0   Section        0  rtx_mempool.o(.text.osRtxMemoryPoolInit)
    osRtxMessageQueuePostProcess             0x080019f9   Thumb Code   170  rtx_msgqueue.o(.text.osRtxMessageQueuePostProcess)
    [Anonymous Symbol]                       0x080019f8   Section        0  rtx_msgqueue.o(.text.osRtxMessageQueuePostProcess)
    [Anonymous Symbol]                       0x08001aa4   Section        0  rtx_msgqueue.o(.text.osRtxMessageQueueTimerSetup)
    __arm_cp.0_0                             0x08001ac4   Number         4  rtx_msgqueue.o(.text.osRtxMessageQueueTimerSetup)
    [Anonymous Symbol]                       0x08001ac8   Section        0  rtx_mutex.o(.text.osRtxMutexOwnerRelease)
    [Anonymous Symbol]                       0x08001b10   Section        0  rtx_mutex.o(.text.osRtxMutexOwnerRestore)
    [Anonymous Symbol]                       0x08001b58   Section        0  rtx_system.o(.text.osRtxPendSV_Handler)
    [Anonymous Symbol]                       0x08001be0   Section        0  rtx_system.o(.text.osRtxPostProcess)
    __arm_cp.2_1                             0x08001c4c   Number         4  rtx_system.o(.text.osRtxPostProcess)
    osRtxThreadBlock                         0x08001c51   Thumb Code    52  rtx_thread.o(.text.osRtxThreadBlock)
    [Anonymous Symbol]                       0x08001c50   Section        0  rtx_thread.o(.text.osRtxThreadBlock)
    osRtxThreadDelayInsert                   0x08001c85   Thumb Code   124  rtx_thread.o(.text.osRtxThreadDelayInsert)
    [Anonymous Symbol]                       0x08001c84   Section        0  rtx_thread.o(.text.osRtxThreadDelayInsert)
    osRtxThreadDelayRemove                   0x08001d01   Thumb Code    60  rtx_thread.o(.text.osRtxThreadDelayRemove)
    [Anonymous Symbol]                       0x08001d00   Section        0  rtx_thread.o(.text.osRtxThreadDelayRemove)
    [Anonymous Symbol]                       0x08001d3c   Section        0  rtx_thread.o(.text.osRtxThreadDelayTick)
    osRtxThreadDestroy                       0x08001d8d   Thumb Code    32  rtx_thread.o(.text.osRtxThreadDestroy)
    [Anonymous Symbol]                       0x08001d8c   Section        0  rtx_thread.o(.text.osRtxThreadDestroy)
    [Anonymous Symbol]                       0x08001dac   Section        0  rtx_thread.o(.text.osRtxThreadDispatch)
    osRtxThreadFree                          0x08001dfd   Thumb Code    84  rtx_thread.o(.text.osRtxThreadFree)
    [Anonymous Symbol]                       0x08001dfc   Section        0  rtx_thread.o(.text.osRtxThreadFree)
    __arm_cp.51_0                            0x08001e50   Number         4  rtx_thread.o(.text.osRtxThreadFree)
    osRtxThreadJoinWakeup                    0x08001e55   Thumb Code    30  rtx_thread.o(.text.osRtxThreadJoinWakeup)
    [Anonymous Symbol]                       0x08001e54   Section        0  rtx_thread.o(.text.osRtxThreadJoinWakeup)
    [Anonymous Symbol]                       0x08001e72   Section        0  rtx_thread.o(.text.osRtxThreadListGet)
    [Anonymous Symbol]                       0x08001e84   Section        0  rtx_thread.o(.text.osRtxThreadListPut)
    [Anonymous Symbol]                       0x08001eb0   Section        0  rtx_thread.o(.text.osRtxThreadListRemove)
    [Anonymous Symbol]                       0x08001ec4   Section        0  rtx_thread.o(.text.osRtxThreadListSort)
    osRtxThreadPostProcess                   0x08001eeb   Thumb Code    40  rtx_thread.o(.text.osRtxThreadPostProcess)
    [Anonymous Symbol]                       0x08001eea   Section        0  rtx_thread.o(.text.osRtxThreadPostProcess)
    [Anonymous Symbol]                       0x08001f14   Section        0  rtx_thread.o(.text.osRtxThreadReadyPut)
    __arm_cp.4_0                             0x08001f24   Number         4  rtx_thread.o(.text.osRtxThreadReadyPut)
    [Anonymous Symbol]                       0x08001f28   Section        0  rtx_thread.o(.text.osRtxThreadRegPtr)
    [Anonymous Symbol]                       0x08001f30   Section        0  rtx_thread.o(.text.osRtxThreadStartup)
    __arm_cp.14_0                            0x08001f60   Number         4  rtx_thread.o(.text.osRtxThreadStartup)
    __arm_cp.14_1                            0x08001f64   Number         4  rtx_thread.o(.text.osRtxThreadStartup)
    [Anonymous Symbol]                       0x08001f68   Section        0  rtx_thread.o(.text.osRtxThreadSwitch)
    [Anonymous Symbol]                       0x08001f74   Section        0  rtx_thread.o(.text.osRtxThreadWaitEnter)
    __arm_cp.12_0                            0x08001fac   Number         4  rtx_thread.o(.text.osRtxThreadWaitEnter)
    [Anonymous Symbol]                       0x08001fb0   Section        0  rtx_thread.o(.text.osRtxThreadWaitExit)
    [Anonymous Symbol]                       0x08001fd4   Section        0  rtx_system.o(.text.osRtxTick_Handler)
    [Anonymous Symbol]                       0x08002048   Section        0  rtx_timer.o(.text.osRtxTimerSetup)
    __arm_cp.0_0                             0x08002060   Number         4  rtx_timer.o(.text.osRtxTimerSetup)
    __arm_cp.0_1                             0x08002064   Number         4  rtx_timer.o(.text.osRtxTimerSetup)
    [Anonymous Symbol]                       0x08002068   Section        0  rtx_timer.o(.text.osRtxTimerThread)
    osRtxTimerTick                           0x08002089   Thumb Code   108  rtx_timer.o(.text.osRtxTimerTick)
    [Anonymous Symbol]                       0x08002088   Section        0  rtx_timer.o(.text.osRtxTimerTick)
    __arm_cp.1_0                             0x080020f4   Number         4  rtx_timer.o(.text.osRtxTimerTick)
    [Anonymous Symbol]                       0x080020f8   Section        0  rtx_thread.o(.text.osThreadExit)
    __arm_cp.30_0                            0x08002100   Number         4  rtx_thread.o(.text.osThreadExit)
    [Anonymous Symbol]                       0x08002104   Section        0  rtx_thread.o(.text.osThreadFlagsSet)
    __arm_cp.34_0                            0x08002158   Number         4  rtx_thread.o(.text.osThreadFlagsSet)
    [Anonymous Symbol]                       0x0800215c   Section        0  rtx_thread.o(.text.osThreadFlagsWait)
    __arm_cp.37_0                            0x0800217c   Number         4  rtx_thread.o(.text.osThreadFlagsWait)
    [Anonymous Symbol]                       0x08002180   Section        0  rtx_thread.o(.text.osThreadNew)
    __arm_cp.16_0                            0x080021a0   Number         4  rtx_thread.o(.text.osThreadNew)
    [Anonymous Symbol]                       0x080021a4   Section        0  rtx_thread.o(.text.osThreadYield)
    __arm_cp.25_0                            0x080021c4   Number         4  rtx_thread.o(.text.osThreadYield)
    [Anonymous Symbol]                       0x080021c8   Section        0  rtx_timer.o(.text.osTimerNew)
    __arm_cp.3_0                             0x080021e8   Number         4  rtx_timer.o(.text.osTimerNew)
    [Anonymous Symbol]                       0x080021ec   Section        0  rtx_timer.o(.text.osTimerStart)
    __arm_cp.5_0                             0x0800220c   Number         4  rtx_timer.o(.text.osTimerStart)
    os_kernel_is_active                      0x08002211   Thumb Code    30  rtx_lib.o(.text.os_kernel_is_active)
    [Anonymous Symbol]                       0x08002210   Section        0  rtx_lib.o(.text.os_kernel_is_active)
    svcRtxKernelGetState                     0x08002231   Thumb Code     8  rtx_kernel.o(.text.svcRtxKernelGetState)
    [Anonymous Symbol]                       0x08002230   Section        0  rtx_kernel.o(.text.svcRtxKernelGetState)
    svcRtxKernelGetTickCount                 0x08002239   Thumb Code     8  rtx_kernel.o(.text.svcRtxKernelGetTickCount)
    [Anonymous Symbol]                       0x08002238   Section        0  rtx_kernel.o(.text.svcRtxKernelGetTickCount)
    __arm_cp.14_0                            0x08002240   Number         4  rtx_kernel.o(.text.svcRtxKernelGetTickCount)
    svcRtxKernelInitialize                   0x08002245   Thumb Code   244  rtx_kernel.o(.text.svcRtxKernelInitialize)
    [Anonymous Symbol]                       0x08002244   Section        0  rtx_kernel.o(.text.svcRtxKernelInitialize)
    __arm_cp.21_0                            0x08002338   Number         4  rtx_kernel.o(.text.svcRtxKernelInitialize)
    __arm_cp.21_2                            0x0800233c   Number         4  rtx_kernel.o(.text.svcRtxKernelInitialize)
    svcRtxKernelStart                        0x08002341   Thumb Code   124  rtx_kernel.o(.text.svcRtxKernelStart)
    [Anonymous Symbol]                       0x08002340   Section        0  rtx_kernel.o(.text.svcRtxKernelStart)
    __arm_cp.22_0                            0x080023bc   Number         4  rtx_kernel.o(.text.svcRtxKernelStart)
    __arm_cp.22_1                            0x080023c0   Number         4  rtx_kernel.o(.text.svcRtxKernelStart)
    __arm_cp.22_2                            0x080023c4   Number         4  rtx_kernel.o(.text.svcRtxKernelStart)
    __arm_cp.22_3                            0x080023c8   Number         4  rtx_kernel.o(.text.svcRtxKernelStart)
    svcRtxMessageQueueGet                    0x080023cd   Thumb Code   200  rtx_msgqueue.o(.text.svcRtxMessageQueueGet)
    [Anonymous Symbol]                       0x080023cc   Section        0  rtx_msgqueue.o(.text.svcRtxMessageQueueGet)
    svcRtxMessageQueueNew                    0x08002495   Thumb Code   272  rtx_msgqueue.o(.text.svcRtxMessageQueueNew)
    [Anonymous Symbol]                       0x08002494   Section        0  rtx_msgqueue.o(.text.svcRtxMessageQueueNew)
    __arm_cp.1_0                             0x080025a4   Number         4  rtx_msgqueue.o(.text.svcRtxMessageQueueNew)
    __arm_cp.1_1                             0x080025a8   Number         4  rtx_msgqueue.o(.text.svcRtxMessageQueueNew)
    svcRtxMessageQueuePut                    0x080025ad   Thumb Code   168  rtx_msgqueue.o(.text.svcRtxMessageQueuePut)
    [Anonymous Symbol]                       0x080025ac   Section        0  rtx_msgqueue.o(.text.svcRtxMessageQueuePut)
    svcRtxMutexAcquire                       0x08002655   Thumb Code   140  rtx_mutex.o(.text.svcRtxMutexAcquire)
    [Anonymous Symbol]                       0x08002654   Section        0  rtx_mutex.o(.text.svcRtxMutexAcquire)
    __arm_cp.10_0                            0x080026e0   Number         4  rtx_mutex.o(.text.svcRtxMutexAcquire)
    svcRtxMutexDelete                        0x080026e5   Thumb Code   172  rtx_mutex.o(.text.svcRtxMutexDelete)
    [Anonymous Symbol]                       0x080026e4   Section        0  rtx_mutex.o(.text.svcRtxMutexDelete)
    svcRtxMutexNew                           0x08002791   Thumb Code   100  rtx_mutex.o(.text.svcRtxMutexNew)
    [Anonymous Symbol]                       0x08002790   Section        0  rtx_mutex.o(.text.svcRtxMutexNew)
    __arm_cp.8_0                             0x080027f4   Number         4  rtx_mutex.o(.text.svcRtxMutexNew)
    svcRtxMutexRelease                       0x080027f9   Thumb Code   176  rtx_mutex.o(.text.svcRtxMutexRelease)
    [Anonymous Symbol]                       0x080027f8   Section        0  rtx_mutex.o(.text.svcRtxMutexRelease)
    __arm_cp.11_0                            0x080028a8   Number         4  rtx_mutex.o(.text.svcRtxMutexRelease)
    svcRtxThreadExit                         0x080028ad   Thumb Code    72  rtx_thread.o(.text.svcRtxThreadExit)
    [Anonymous Symbol]                       0x080028ac   Section        0  rtx_thread.o(.text.svcRtxThreadExit)
    __arm_cp.53_0                            0x080028f4   Number         4  rtx_thread.o(.text.svcRtxThreadExit)
    svcRtxThreadFlagsSet                     0x080028f9   Thumb Code   102  rtx_thread.o(.text.svcRtxThreadFlagsSet)
    [Anonymous Symbol]                       0x080028f8   Section        0  rtx_thread.o(.text.svcRtxThreadFlagsSet)
    svcRtxThreadFlagsWait                    0x08002961   Thumb Code    72  rtx_thread.o(.text.svcRtxThreadFlagsWait)
    [Anonymous Symbol]                       0x08002960   Section        0  rtx_thread.o(.text.svcRtxThreadFlagsWait)
    __arm_cp.62_0                            0x080029a8   Number         4  rtx_thread.o(.text.svcRtxThreadFlagsWait)
    svcRtxThreadNew                          0x080029ad   Thumb Code   472  rtx_thread.o(.text.svcRtxThreadNew)
    [Anonymous Symbol]                       0x080029ac   Section        0  rtx_thread.o(.text.svcRtxThreadNew)
    __arm_cp.15_0                            0x08002b84   Number         4  rtx_thread.o(.text.svcRtxThreadNew)
    __arm_cp.15_1                            0x08002b88   Number         4  rtx_thread.o(.text.svcRtxThreadNew)
    __arm_cp.15_2                            0x08002b8c   Number         4  rtx_thread.o(.text.svcRtxThreadNew)
    __arm_cp.15_3                            0x08002b90   Number         4  rtx_thread.o(.text.svcRtxThreadNew)
    __arm_cp.15_4                            0x08002b94   Number         4  rtx_thread.o(.text.svcRtxThreadNew)
    svcRtxThreadYield                        0x08002b99   Thumb Code    52  rtx_thread.o(.text.svcRtxThreadYield)
    [Anonymous Symbol]                       0x08002b98   Section        0  rtx_thread.o(.text.svcRtxThreadYield)
    __arm_cp.46_0                            0x08002bcc   Number         4  rtx_thread.o(.text.svcRtxThreadYield)
    svcRtxTimerNew                           0x08002bd1   Thumb Code   116  rtx_timer.o(.text.svcRtxTimerNew)
    [Anonymous Symbol]                       0x08002bd0   Section        0  rtx_timer.o(.text.svcRtxTimerNew)
    svcRtxTimerStart                         0x08002c45   Thumb Code    68  rtx_timer.o(.text.svcRtxTimerStart)
    [Anonymous Symbol]                       0x08002c44   Section        0  rtx_timer.o(.text.svcRtxTimerStart)
    __arm_cp.12_0                            0x08002c88   Number         4  rtx_timer.o(.text.svcRtxTimerStart)
    __tagsym$$used.4                         0x08002c8c   Number         0  rtx_lib.o(.rodata)
    __tagsym$$used.5                         0x08002cfc   Number         0  rtx_lib.o(.rodata)
    os_idle_thread_attr                      0x08002d48   Data          36  rtx_lib.o(.rodata.os_idle_thread_attr)
    [Anonymous Symbol]                       0x08002d48   Section        0  rtx_lib.o(.rodata.os_idle_thread_attr)
    os_timer_mq_attr                         0x08002d6c   Data          24  rtx_lib.o(.rodata.os_timer_mq_attr)
    [Anonymous Symbol]                       0x08002d6c   Section        0  rtx_lib.o(.rodata.os_timer_mq_attr)
    os_timer_thread_attr                     0x08002d84   Data          36  rtx_lib.o(.rodata.os_timer_thread_attr)
    [Anonymous Symbol]                       0x08002d84   Section        0  rtx_lib.o(.rodata.os_timer_thread_attr)
    [Anonymous Symbol]                       0x08002da8   Section        0  rtx_kernel.o(.rodata.str1.4)
    .bss                                     0x200000b0   Section       96  libspace.o(.bss)
    HAL_GetTick.ticks                        0x20000110   Data           4  main.o(.bss.HAL_GetTick.ticks)
    [Anonymous Symbol]                       0x20000110   Section        0  main.o(.bss.HAL_GetTick.ticks)
    contador                                 0x20000118   Data           4  thjoy.o(.bss.contador)
    [Anonymous Symbol]                       0x20000118   Section        0  thjoy.o(.bss.contador)
    gesto                                    0x2000011c   Data           2  thjoy.o(.bss.gesto)
    [Anonymous Symbol]                       0x2000011c   Section        0  thjoy.o(.bss.gesto)
    joystick                                 0x20000120   Data          48  thjoy.o(.bss.joystick)
    [Anonymous Symbol]                       0x20000120   Section        0  thjoy.o(.bss.joystick)
    joystickAD                               0x20000150   Data          24  thjoy.o(.bss.joystickAD)
    [Anonymous Symbol]                       0x20000150   Section        0  thjoy.o(.bss.joystickAD)
    joystickIBC                              0x20000168   Data          24  thjoy.o(.bss.joystickIBC)
    [Anonymous Symbol]                       0x20000168   Section        0  thjoy.o(.bss.joystickIBC)
    led1                                     0x20000180   Data          24  thled1.o(.bss.led1)
    [Anonymous Symbol]                       0x20000180   Section        0  thled1.o(.bss.led1)
    led2                                     0x20000198   Data          24  thled2.o(.bss.led2)
    [Anonymous Symbol]                       0x20000198   Section        0  thled2.o(.bss.led2)
    led3                                     0x200001b0   Data          24  thled3.o(.bss.led3)
    [Anonymous Symbol]                       0x200001b0   Section        0  thled3.o(.bss.led3)
    os_isr_queue                             0x200001c8   Data          64  rtx_lib.o(.bss.os)
    [Anonymous Symbol]                       0x200001c8   Section        0  rtx_lib.o(.bss.os)
    os_mem                                   0x20000208   Data       32768  rtx_lib.o(.bss.os)
    PendST                                   0x20008208   Data           1  os_systick.o(.bss.os)
    [Anonymous Symbol]                       0x20008208   Section        0  os_systick.o(.bss.os)
    os_timer_mq_cb                           0x2000820c   Data          52  rtx_lib.o(.bss.os.msgqueue.cb)
    [Anonymous Symbol]                       0x2000820c   Section        0  rtx_lib.o(.bss.os.msgqueue.cb)
    os_timer_mq_data                         0x20008240   Data          80  rtx_lib.o(.bss.os.msgqueue.mem)
    [Anonymous Symbol]                       0x20008240   Section        0  rtx_lib.o(.bss.os.msgqueue.mem)
    os_idle_thread_cb                        0x20008290   Data          68  rtx_lib.o(.bss.os.thread.cb)
    [Anonymous Symbol]                       0x20008290   Section        0  rtx_lib.o(.bss.os.thread.cb)
    os_timer_thread_cb                       0x200082d4   Data          68  rtx_lib.o(.bss.os.thread.cb)
    os_idle_thread_stack                     0x20008318   Data         512  rtx_lib.o(.bss.os.thread.idle.stack)
    [Anonymous Symbol]                       0x20008318   Section        0  rtx_lib.o(.bss.os.thread.idle.stack)
    os_timer_thread_stack                    0x20008518   Data         512  rtx_lib.o(.bss.os.thread.timer.stack)
    [Anonymous Symbol]                       0x20008518   Section        0  rtx_lib.o(.bss.os.thread.timer.stack)
    os_kernel_is_active.os_kernel_active     0x20008718   Data           1  rtx_lib.o(.bss.os_kernel_is_active.os_kernel_active)
    [Anonymous Symbol]                       0x20008718   Section        0  rtx_lib.o(.bss.os_kernel_is_active.os_kernel_active)
    tid_Thjoy                                0x20008728   Data           4  thjoy.o(.bss.tid_Thjoy)
    [Anonymous Symbol]                       0x20008728   Section        0  thjoy.o(.bss.tid_Thjoy)
    Heap_Mem                                 0x20008730   Data         512  startup_stm32f429xx.o(HEAP)
    HEAP                                     0x20008730   Section      512  startup_stm32f429xx.o(HEAP)
    Stack_Mem                                0x20008930   Data        1024  startup_stm32f429xx.o(STACK)
    STACK                                    0x20008930   Section     1024  startup_stm32f429xx.o(STACK)
    __initial_sp                             0x20008d30   Data           0  startup_stm32f429xx.o(STACK)
    FPCCR                                    0xe000ef34   Number         0  irq_armv7m.o ABSOLUTE

    Global Symbols

    Symbol Name                              Value     Ov Type        Size  Object(Section)

    BuildAttributes$$THM_ISAv4$E$P$D$K$B$S$7EM$PE$A:L22UL41UL21$X:L11$S22US41US21$IEEE1$IW$~IW$USESV6$~STKCKD$USESV7$~SHL$OTIME$ROPI$EBA8$UX$STANDARDLIB$REQ8$PRES8$EABIv2 0x00000000   Number         0  anon$$obj.o ABSOLUTE
    __fp_init_empty                          0x00000000   Number         0  fpinit_empty.o ABSOLUTE
    .bss.os.evflags.cb$$Base                  - Undefined Weak Reference
    .bss.os.evflags.cb$$Limit                 - Undefined Weak Reference
    .bss.os.mempool.cb$$Base                  - Undefined Weak Reference
    .bss.os.mempool.cb$$Limit                 - Undefined Weak Reference
    .bss.os.mutex.cb$$Base                    - Undefined Weak Reference
    .bss.os.mutex.cb$$Limit                   - Undefined Weak Reference
    .bss.os.semaphore.cb$$Base                - Undefined Weak Reference
    .bss.os.semaphore.cb$$Limit               - Undefined Weak Reference
    .bss.os.timer.cb$$Base                    - Undefined Weak Reference
    .bss.os.timer.cb$$Limit                   - Undefined Weak Reference
    __ARM_exceptions_init                     - Undefined Weak Reference
    __alloca_initialize                       - Undefined Weak Reference
    __arm_preinit_                            - Undefined Weak Reference
    __cpp_initialize__aeabi_                  - Undefined Weak Reference
    __cxa_finalize                            - Undefined Weak Reference
    __rt_locale                               - Undefined Weak Reference
    __sigvec_lookup                           - Undefined Weak Reference
    _atexit_init                              - Undefined Weak Reference
    _call_atexit_fns                          - Undefined Weak Reference
    _clock_init                               - Undefined Weak Reference
    _fp_trap_init                             - Undefined Weak Reference
    _fp_trap_shutdown                         - Undefined Weak Reference
    _get_lc_collate                           - Undefined Weak Reference
    _get_lc_ctype                             - Undefined Weak Reference
    _get_lc_monetary                          - Undefined Weak Reference
    _get_lc_numeric                           - Undefined Weak Reference
    _get_lc_time                              - Undefined Weak Reference
    _getenv_init                              - Undefined Weak Reference
    _handle_redirection                       - Undefined Weak Reference
    _init_alloc                               - Undefined Weak Reference
    _init_user_alloc                          - Undefined Weak Reference
    _initio                                   - Undefined Weak Reference
    _rand_init                                - Undefined Weak Reference
    _signal_finish                            - Undefined Weak Reference
    _signal_init                              - Undefined Weak Reference
    _terminate_alloc                          - Undefined Weak Reference
    _terminate_user_alloc                     - Undefined Weak Reference
    _terminateio                              - Undefined Weak Reference
    __Vectors_Size                           0x000001ac   Number         0  startup_stm32f429xx.o ABSOLUTE
    __Vectors                                0x08000000   Data           4  startup_stm32f429xx.o(RESET)
    __Vectors_End                            0x080001ac   Data           0  startup_stm32f429xx.o(RESET)
    __main                                   0x080001ad   Thumb Code     8  __main.o(!!!main)
    __scatterload                            0x080001b5   Thumb Code     0  __scatter.o(!!!scatter)
    __scatterload_rt2                        0x080001b5   Thumb Code    44  __scatter.o(!!!scatter)
    __scatterload_rt2_thumb_only             0x080001b5   Thumb Code     0  __scatter.o(!!!scatter)
    __scatterload_null                       0x080001c3   Thumb Code     0  __scatter.o(!!!scatter)
    __scatterload_copy                       0x080001e9   Thumb Code    26  __scatter_copy.o(!!handler_copy)
    __scatterload_zeroinit                   0x08000205   Thumb Code    28  __scatter_zi.o(!!handler_zi)
    __rt_lib_init                            0x08000221   Thumb Code     0  libinit.o(.ARM.Collect$$libinit$$00000000)
    __rt_lib_init_alloca_1                   0x08000223   Thumb Code     0  libinit2.o(.ARM.Collect$$libinit$$0000002E)
    __rt_lib_init_argv_1                     0x08000223   Thumb Code     0  libinit2.o(.ARM.Collect$$libinit$$0000002C)
    __rt_lib_init_atexit_1                   0x08000223   Thumb Code     0  libinit2.o(.ARM.Collect$$libinit$$0000001B)
    __rt_lib_init_clock_1                    0x08000223   Thumb Code     0  libinit2.o(.ARM.Collect$$libinit$$00000021)
    __rt_lib_init_cpp_1                      0x08000223   Thumb Code     0  libinit2.o(.ARM.Collect$$libinit$$00000032)
    __rt_lib_init_exceptions_1               0x08000223   Thumb Code     0  libinit2.o(.ARM.Collect$$libinit$$00000030)
    __rt_lib_init_fp_1                       0x08000223   Thumb Code     0  libinit2.o(.ARM.Collect$$libinit$$00000002)
    __rt_lib_init_fp_trap_1                  0x08000223   Thumb Code     0  libinit2.o(.ARM.Collect$$libinit$$0000001F)
    __rt_lib_init_getenv_1                   0x08000223   Thumb Code     0  libinit2.o(.ARM.Collect$$libinit$$00000023)
    __rt_lib_init_heap_1                     0x08000223   Thumb Code     0  libinit2.o(.ARM.Collect$$libinit$$0000000A)
    __rt_lib_init_lc_collate_1               0x08000223   Thumb Code     0  libinit2.o(.ARM.Collect$$libinit$$00000011)
    __rt_lib_init_lc_ctype_1                 0x08000223   Thumb Code     0  libinit2.o(.ARM.Collect$$libinit$$00000013)
    __rt_lib_init_lc_monetary_1              0x08000223   Thumb Code     0  libinit2.o(.ARM.Collect$$libinit$$00000015)
    __rt_lib_init_lc_numeric_1               0x08000223   Thumb Code     0  libinit2.o(.ARM.Collect$$libinit$$00000017)
    __rt_lib_init_lc_time_1                  0x08000223   Thumb Code     0  libinit2.o(.ARM.Collect$$libinit$$00000019)
    __rt_lib_init_preinit_1                  0x08000223   Thumb Code     0  libinit2.o(.ARM.Collect$$libinit$$00000004)
    __rt_lib_init_rand_1                     0x08000223   Thumb Code     0  libinit2.o(.ARM.Collect$$libinit$$0000000E)
    __rt_lib_init_return                     0x08000223   Thumb Code     0  libinit2.o(.ARM.Collect$$libinit$$00000033)
    __rt_lib_init_signal_1                   0x08000223   Thumb Code     0  libinit2.o(.ARM.Collect$$libinit$$0000001D)
    __rt_lib_init_stdio_1                    0x08000223   Thumb Code     0  libinit2.o(.ARM.Collect$$libinit$$00000025)
    __rt_lib_init_user_alloc_1               0x08000223   Thumb Code     0  libinit2.o(.ARM.Collect$$libinit$$0000000C)
    __rt_lib_shutdown                        0x08000225   Thumb Code     0  libshutdown.o(.ARM.Collect$$libshutdown$$00000000)
    __rt_lib_shutdown_cpp_1                  0x08000227   Thumb Code     0  libshutdown2.o(.ARM.Collect$$libshutdown$$00000002)
    __rt_lib_shutdown_fp_trap_1              0x08000227   Thumb Code     0  libshutdown2.o(.ARM.Collect$$libshutdown$$00000007)
    __rt_lib_shutdown_heap_1                 0x08000227   Thumb Code     0  libshutdown2.o(.ARM.Collect$$libshutdown$$0000000F)
    __rt_lib_shutdown_return                 0x08000227   Thumb Code     0  libshutdown2.o(.ARM.Collect$$libshutdown$$00000010)
    __rt_lib_shutdown_signal_1               0x08000227   Thumb Code     0  libshutdown2.o(.ARM.Collect$$libshutdown$$0000000A)
    __rt_lib_shutdown_stdio_1                0x08000227   Thumb Code     0  libshutdown2.o(.ARM.Collect$$libshutdown$$00000004)
    __rt_lib_shutdown_user_alloc_1           0x08000227   Thumb Code     0  libshutdown2.o(.ARM.Collect$$libshutdown$$0000000C)
    __rt_entry                               0x08000229   Thumb Code     0  __rtentry.o(.ARM.Collect$$rtentry$$00000000)
    __rt_entry_presh_1                       0x08000229   Thumb Code     0  __rtentry2.o(.ARM.Collect$$rtentry$$00000002)
    __rt_entry_sh                            0x08000229   Thumb Code     0  __rtentry4.o(.ARM.Collect$$rtentry$$00000004)
    __rt_entry_postsh_1                      0x0800022f   Thumb Code     0  __rtentry2.o(.ARM.Collect$$rtentry$$00000008)
    __rt_entry_li                            0x08000237   Thumb Code     0  __rtentry2.o(.ARM.Collect$$rtentry$$0000000A)
    __rt_entry_main                          0x0800023b   Thumb Code     0  __rtentry2.o(.ARM.Collect$$rtentry$$0000000D)
    __rt_entry_postli_1                      0x0800023b   Thumb Code     0  __rtentry2.o(.ARM.Collect$$rtentry$$0000000C)
    __rt_exit                                0x08000243   Thumb Code     0  rtexit.o(.ARM.Collect$$rtexit$$00000000)
    __rt_exit_ls                             0x08000245   Thumb Code     0  rtexit2.o(.ARM.Collect$$rtexit$$00000003)
    __rt_exit_prels_1                        0x08000245   Thumb Code     0  rtexit2.o(.ARM.Collect$$rtexit$$00000002)
    __rt_exit_exit                           0x08000249   Thumb Code     0  rtexit2.o(.ARM.Collect$$rtexit$$00000004)
    Reset_Handler                            0x08000251   Thumb Code     8  startup_stm32f429xx.o(.text)
    ADC_IRQHandler                           0x0800026b   Thumb Code     0  startup_stm32f429xx.o(.text)
    CAN1_RX0_IRQHandler                      0x0800026b   Thumb Code     0  startup_stm32f429xx.o(.text)
    CAN1_RX1_IRQHandler                      0x0800026b   Thumb Code     0  startup_stm32f429xx.o(.text)
    CAN1_SCE_IRQHandler                      0x0800026b   Thumb Code     0  startup_stm32f429xx.o(.text)
    CAN1_TX_IRQHandler                       0x0800026b   Thumb Code     0  startup_stm32f429xx.o(.text)
    CAN2_RX0_IRQHandler                      0x0800026b   Thumb Code     0  startup_stm32f429xx.o(.text)
    CAN2_RX1_IRQHandler                      0x0800026b   Thumb Code     0  startup_stm32f429xx.o(.text)
    CAN2_SCE_IRQHandler                      0x0800026b   Thumb Code     0  startup_stm32f429xx.o(.text)
    CAN2_TX_IRQHandler                       0x0800026b   Thumb Code     0  startup_stm32f429xx.o(.text)
    DCMI_IRQHandler                          0x0800026b   Thumb Code     0  startup_stm32f429xx.o(.text)
    DMA1_Stream0_IRQHandler                  0x0800026b   Thumb Code     0  startup_stm32f429xx.o(.text)
    DMA1_Stream1_IRQHandler                  0x0800026b   Thumb Code     0  startup_stm32f429xx.o(.text)
    DMA1_Stream2_IRQHandler                  0x0800026b   Thumb Code     0  startup_stm32f429xx.o(.text)
    DMA1_Stream3_IRQHandler                  0x0800026b   Thumb Code     0  startup_stm32f429xx.o(.text)
    DMA1_Stream4_IRQHandler                  0x0800026b   Thumb Code     0  startup_stm32f429xx.o(.text)
    DMA1_Stream5_IRQHandler                  0x0800026b   Thumb Code     0  startup_stm32f429xx.o(.text)
    DMA1_Stream6_IRQHandler                  0x0800026b   Thumb Code     0  startup_stm32f429xx.o(.text)
    DMA1_Stream7_IRQHandler                  0x0800026b   Thumb Code     0  startup_stm32f429xx.o(.text)
    DMA2D_IRQHandler                         0x0800026b   Thumb Code     0  startup_stm32f429xx.o(.text)
    DMA2_Stream0_IRQHandler                  0x0800026b   Thumb Code     0  startup_stm32f429xx.o(.text)
    DMA2_Stream1_IRQHandler                  0x0800026b   Thumb Code     0  startup_stm32f429xx.o(.text)
    DMA2_Stream2_IRQHandler                  0x0800026b   Thumb Code     0  startup_stm32f429xx.o(.text)
    DMA2_Stream3_IRQHandler                  0x0800026b   Thumb Code     0  startup_stm32f429xx.o(.text)
    DMA2_Stream4_IRQHandler                  0x0800026b   Thumb Code     0  startup_stm32f429xx.o(.text)
    DMA2_Stream5_IRQHandler                  0x0800026b   Thumb Code     0  startup_stm32f429xx.o(.text)
    DMA2_Stream6_IRQHandler                  0x0800026b   Thumb Code     0  startup_stm32f429xx.o(.text)
    DMA2_Stream7_IRQHandler                  0x0800026b   Thumb Code     0  startup_stm32f429xx.o(.text)
    ETH_IRQHandler                           0x0800026b   Thumb Code     0  startup_stm32f429xx.o(.text)
    ETH_WKUP_IRQHandler                      0x0800026b   Thumb Code     0  startup_stm32f429xx.o(.text)
    EXTI0_IRQHandler                         0x0800026b   Thumb Code     0  startup_stm32f429xx.o(.text)
    EXTI1_IRQHandler                         0x0800026b   Thumb Code     0  startup_stm32f429xx.o(.text)
    EXTI2_IRQHandler                         0x0800026b   Thumb Code     0  startup_stm32f429xx.o(.text)
    EXTI3_IRQHandler                         0x0800026b   Thumb Code     0  startup_stm32f429xx.o(.text)
    EXTI4_IRQHandler                         0x0800026b   Thumb Code     0  startup_stm32f429xx.o(.text)
    EXTI9_5_IRQHandler                       0x0800026b   Thumb Code     0  startup_stm32f429xx.o(.text)
    FLASH_IRQHandler                         0x0800026b   Thumb Code     0  startup_stm32f429xx.o(.text)
    FMC_IRQHandler                           0x0800026b   Thumb Code     0  startup_stm32f429xx.o(.text)
    FPU_IRQHandler                           0x0800026b   Thumb Code     0  startup_stm32f429xx.o(.text)
    HASH_RNG_IRQHandler                      0x0800026b   Thumb Code     0  startup_stm32f429xx.o(.text)
    I2C1_ER_IRQHandler                       0x0800026b   Thumb Code     0  startup_stm32f429xx.o(.text)
    I2C1_EV_IRQHandler                       0x0800026b   Thumb Code     0  startup_stm32f429xx.o(.text)
    I2C2_ER_IRQHandler                       0x0800026b   Thumb Code     0  startup_stm32f429xx.o(.text)
    I2C2_EV_IRQHandler                       0x0800026b   Thumb Code     0  startup_stm32f429xx.o(.text)
    I2C3_ER_IRQHandler                       0x0800026b   Thumb Code     0  startup_stm32f429xx.o(.text)
    I2C3_EV_IRQHandler                       0x0800026b   Thumb Code     0  startup_stm32f429xx.o(.text)
    LTDC_ER_IRQHandler                       0x0800026b   Thumb Code     0  startup_stm32f429xx.o(.text)
    LTDC_IRQHandler                          0x0800026b   Thumb Code     0  startup_stm32f429xx.o(.text)
    OTG_FS_IRQHandler                        0x0800026b   Thumb Code     0  startup_stm32f429xx.o(.text)
    OTG_FS_WKUP_IRQHandler                   0x0800026b   Thumb Code     0  startup_stm32f429xx.o(.text)
    OTG_HS_EP1_IN_IRQHandler                 0x0800026b   Thumb Code     0  startup_stm32f429xx.o(.text)
    OTG_HS_EP1_OUT_IRQHandler                0x0800026b   Thumb Code     0  startup_stm32f429xx.o(.text)
    OTG_HS_IRQHandler                        0x0800026b   Thumb Code     0  startup_stm32f429xx.o(.text)
    OTG_HS_WKUP_IRQHandler                   0x0800026b   Thumb Code     0  startup_stm32f429xx.o(.text)
    PVD_IRQHandler                           0x0800026b   Thumb Code     0  startup_stm32f429xx.o(.text)
    RCC_IRQHandler                           0x0800026b   Thumb Code     0  startup_stm32f429xx.o(.text)
    RTC_Alarm_IRQHandler                     0x0800026b   Thumb Code     0  startup_stm32f429xx.o(.text)
    RTC_WKUP_IRQHandler                      0x0800026b   Thumb Code     0  startup_stm32f429xx.o(.text)
    SAI1_IRQHandler                          0x0800026b   Thumb Code     0  startup_stm32f429xx.o(.text)
    SDIO_IRQHandler                          0x0800026b   Thumb Code     0  startup_stm32f429xx.o(.text)
    SPI1_IRQHandler                          0x0800026b   Thumb Code     0  startup_stm32f429xx.o(.text)
    SPI2_IRQHandler                          0x0800026b   Thumb Code     0  startup_stm32f429xx.o(.text)
    SPI3_IRQHandler                          0x0800026b   Thumb Code     0  startup_stm32f429xx.o(.text)
    SPI4_IRQHandler                          0x0800026b   Thumb Code     0  startup_stm32f429xx.o(.text)
    SPI5_IRQHandler                          0x0800026b   Thumb Code     0  startup_stm32f429xx.o(.text)
    SPI6_IRQHandler                          0x0800026b   Thumb Code     0  startup_stm32f429xx.o(.text)
    TAMP_STAMP_IRQHandler                    0x0800026b   Thumb Code     0  startup_stm32f429xx.o(.text)
    TIM1_BRK_TIM9_IRQHandler                 0x0800026b   Thumb Code     0  startup_stm32f429xx.o(.text)
    TIM1_CC_IRQHandler                       0x0800026b   Thumb Code     0  startup_stm32f429xx.o(.text)
    TIM1_TRG_COM_TIM11_IRQHandler            0x0800026b   Thumb Code     0  startup_stm32f429xx.o(.text)
    TIM1_UP_TIM10_IRQHandler                 0x0800026b   Thumb Code     0  startup_stm32f429xx.o(.text)
    TIM2_IRQHandler                          0x0800026b   Thumb Code     0  startup_stm32f429xx.o(.text)
    TIM3_IRQHandler                          0x0800026b   Thumb Code     0  startup_stm32f429xx.o(.text)
    TIM4_IRQHandler                          0x0800026b   Thumb Code     0  startup_stm32f429xx.o(.text)
    TIM5_IRQHandler                          0x0800026b   Thumb Code     0  startup_stm32f429xx.o(.text)
    TIM6_DAC_IRQHandler                      0x0800026b   Thumb Code     0  startup_stm32f429xx.o(.text)
    TIM7_IRQHandler                          0x0800026b   Thumb Code     0  startup_stm32f429xx.o(.text)
    TIM8_BRK_TIM12_IRQHandler                0x0800026b   Thumb Code     0  startup_stm32f429xx.o(.text)
    TIM8_CC_IRQHandler                       0x0800026b   Thumb Code     0  startup_stm32f429xx.o(.text)
    TIM8_TRG_COM_TIM14_IRQHandler            0x0800026b   Thumb Code     0  startup_stm32f429xx.o(.text)
    TIM8_UP_TIM13_IRQHandler                 0x0800026b   Thumb Code     0  startup_stm32f429xx.o(.text)
    UART4_IRQHandler                         0x0800026b   Thumb Code     0  startup_stm32f429xx.o(.text)
    UART5_IRQHandler                         0x0800026b   Thumb Code     0  startup_stm32f429xx.o(.text)
    UART7_IRQHandler                         0x0800026b   Thumb Code     0  startup_stm32f429xx.o(.text)
    UART8_IRQHandler                         0x0800026b   Thumb Code     0  startup_stm32f429xx.o(.text)
    USART1_IRQHandler                        0x0800026b   Thumb Code     0  startup_stm32f429xx.o(.text)
    USART2_IRQHandler                        0x0800026b   Thumb Code     0  startup_stm32f429xx.o(.text)
    USART3_IRQHandler                        0x0800026b   Thumb Code     0  startup_stm32f429xx.o(.text)
    USART6_IRQHandler                        0x0800026b   Thumb Code     0  startup_stm32f429xx.o(.text)
    WWDG_IRQHandler                          0x0800026b   Thumb Code     0  startup_stm32f429xx.o(.text)
    __user_initial_stackheap                 0x0800026d   Thumb Code     0  startup_stm32f429xx.o(.text)
    SVC_Handler                              0x08000291   Thumb Code   108  irq_armv7m.o(.text)
    PendSV_Handler                           0x080002fd   Thumb Code    16  irq_armv7m.o(.text)
    SysTick_Handler                          0x0800030d   Thumb Code    16  irq_armv7m.o(.text)
    __aeabi_uldivmod                         0x08000325   Thumb Code     0  lludivv7m.o(.text)
    _ll_udiv                                 0x08000325   Thumb Code   240  lludivv7m.o(.text)
    __aeabi_memcpy                           0x08000415   Thumb Code     0  rt_memcpy_v6.o(.text)
    __rt_memcpy                              0x08000415   Thumb Code   138  rt_memcpy_v6.o(.text)
    _memcpy_lastbytes                        0x0800047b   Thumb Code     0  rt_memcpy_v6.o(.text)
    __aeabi_memclr                           0x0800049f   Thumb Code     0  rt_memclr.o(.text)
    __rt_memclr                              0x0800049f   Thumb Code     0  rt_memclr.o(.text)
    _memset                                  0x080004a3   Thumb Code    64  rt_memclr.o(.text)
    __aeabi_memclr4                          0x080004e3   Thumb Code     0  rt_memclr_w.o(.text)
    __aeabi_memclr8                          0x080004e3   Thumb Code     0  rt_memclr_w.o(.text)
    __rt_memclr_w                            0x080004e3   Thumb Code     0  rt_memclr_w.o(.text)
    _memset_w                                0x080004e7   Thumb Code    74  rt_memclr_w.o(.text)
    __use_two_region_memory                  0x08000531   Thumb Code     2  heapauxi.o(.text)
    __rt_heap_escrow$2region                 0x08000533   Thumb Code     2  heapauxi.o(.text)
    __rt_heap_expand$2region                 0x08000535   Thumb Code     2  heapauxi.o(.text)
    __aeabi_memcpy4                          0x08000537   Thumb Code     0  rt_memcpy_w.o(.text)
    __aeabi_memcpy8                          0x08000537   Thumb Code     0  rt_memcpy_w.o(.text)
    __rt_memcpy_w                            0x08000537   Thumb Code   100  rt_memcpy_w.o(.text)
    _memcpy_lastbytes_aligned                0x0800057f   Thumb Code     0  rt_memcpy_w.o(.text)
    __user_setup_stackheap                   0x0800059b   Thumb Code    74  sys_stackheap_outer.o(.text)
    exit                                     0x080005e5   Thumb Code    18  exit.o(.text)
    __user_libspace                          0x080005f9   Thumb Code     8  libspace.o(.text)
    __user_perproc_libspace                  0x080005f9   Thumb Code     0  libspace.o(.text)
    _sys_exit                                0x08000601   Thumb Code     8  sys_exit.o(.text)
    __I$use$semihosting                      0x0800060d   Thumb Code     0  use_no_semi.o(.text)
    __use_no_semihosting_swi                 0x0800060d   Thumb Code     2  use_no_semi.o(.text)
    __semihosting_library_function           0x0800060f   Thumb Code     0  indicate_semi.o(.text)
    BusFault_Handler                         0x08000611   Thumb Code     2  stm32f4xx_it.o(.text.BusFault_Handler)
    DebugMon_Handler                         0x08000615   Thumb Code     2  stm32f4xx_it.o(.text.DebugMon_Handler)
    EXTI15_10_IRQHandler                     0x08000619   Thumb Code    44  thjoy.o(.text.EXTI15_10_IRQHandler)
    HAL_GPIO_EXTI_Callback                   0x08000645   Thumb Code    34  thjoy.o(.text.HAL_GPIO_EXTI_Callback)
    HAL_GPIO_EXTI_IRQHandler                 0x08000669   Thumb Code    26  stm32f4xx_hal_gpio.o(.text.HAL_GPIO_EXTI_IRQHandler)
    HAL_GPIO_Init                            0x08000685   Thumb Code   410  stm32f4xx_hal_gpio.o(.text.HAL_GPIO_Init)
    HAL_GPIO_WritePin                        0x08000821   Thumb Code    10  stm32f4xx_hal_gpio.o(.text.HAL_GPIO_WritePin)
    HAL_GetREVID                             0x0800082d   Thumb Code    14  stm32f4xx_hal.o(.text.HAL_GetREVID)
    HAL_GetTick                              0x0800083d   Thumb Code    80  main.o(.text.HAL_GetTick)
    HAL_Init                                 0x0800088d   Thumb Code    46  stm32f4xx_hal.o(.text.HAL_Init)
    HAL_InitTick                             0x080008bd   Thumb Code     4  main.o(.text.HAL_InitTick)
    HAL_MspInit                              0x080008c1   Thumb Code     2  stm32f4xx_hal.o(.text.HAL_MspInit)
    HAL_NVIC_EnableIRQ                       0x080008c5   Thumb Code     8  stm32f4xx_hal_cortex.o(.text.HAL_NVIC_EnableIRQ)
    HAL_NVIC_SetPriorityGrouping             0x080008cd   Thumb Code     8  stm32f4xx_hal_cortex.o(.text.HAL_NVIC_SetPriorityGrouping)
    HAL_RCC_ClockConfig                      0x080008d5   Thumb Code   352  stm32f4xx_hal_rcc.o(.text.HAL_RCC_ClockConfig)
    HAL_RCC_GetSysClockFreq                  0x08000a35   Thumb Code   106  stm32f4xx_hal_rcc.o(.text.HAL_RCC_GetSysClockFreq)
    HAL_RCC_OscConfig                        0x08000aa1   Thumb Code   840  stm32f4xx_hal_rcc.o(.text.HAL_RCC_OscConfig)
    HardFault_Handler                        0x08000de9   Thumb Code     2  stm32f4xx_it.o(.text.HardFault_Handler)
    InitJoy                                  0x08000ded   Thumb Code   162  thjoy.o(.text.InitJoy)
    InitLed1                                 0x08000e91   Thumb Code    64  thled1.o(.text.InitLed1)
    InitLed3                                 0x08000ed1   Thumb Code    64  thled3.o(.text.InitLed3)
    Init_Thjoy                               0x08000f11   Thumb Code    58  thjoy.o(.text.Init_Thjoy)
    Init_Thled1                              0x08000f4d   Thumb Code    54  thled1.o(.text.Init_Thled1)
    Init_Thled2                              0x08000f85   Thumb Code    54  thled2.o(.text.Init_Thled2)
    Init_Thled3                              0x08000fbd   Thumb Code    54  thled3.o(.text.Init_Thled3)
    Init_Timer                               0x08000ff5   Thumb Code    46  thjoy.o(.text.Init_Timer)
    Initled2                                 0x08001025   Thumb Code    62  thled2.o(.text.Initled2)
    MemManage_Handler                        0x08001065   Thumb Code     2  stm32f4xx_it.o(.text.MemManage_Handler)
    NMI_Handler                              0x0800111d   Thumb Code     2  stm32f4xx_it.o(.text.NMI_Handler)
    OS_Tick_AcknowledgeIRQ                   0x08001121   Thumb Code     8  os_systick.o(.text.OS_Tick_AcknowledgeIRQ)
    OS_Tick_Enable                           0x08001129   Thumb Code    32  os_systick.o(.text.OS_Tick_Enable)
    OS_Tick_GetIRQn                          0x0800114d   Thumb Code     6  os_systick.o(.text.OS_Tick_GetIRQn)
    OS_Tick_Setup                            0x08001155   Thumb Code    48  os_systick.o(.text.OS_Tick_Setup)
    SystemCoreClockUpdate                    0x08001261   Thumb Code   126  system_stm32f4xx.o(.text.SystemCoreClockUpdate)
    SystemInit                               0x080012e1   Thumb Code     2  system_stm32f4xx.o(.text.SystemInit)
    Thjoy                                    0x080012e5   Thumb Code    62  thjoy.o(.text.Thjoy)
    Thled1                                   0x08001325   Thumb Code    72  thled1.o(.text.Thled1)
    Thled2                                   0x0800136d   Thumb Code    72  thled2.o(.text.Thled2)
    Thled3                                   0x080013b5   Thumb Code    72  thled3.o(.text.Thled3)
    Timer1_Callback                          0x08001461   Thumb Code    24  thjoy.o(.text.Timer1_Callback)
    UsageFault_Handler                       0x080014e1   Thumb Code     2  stm32f4xx_it.o(.text.UsageFault_Handler)
    _mutex_acquire                           0x08001525   Thumb Code    26  rtx_lib.o(.text._mutex_acquire)
    _mutex_free                              0x08001541   Thumb Code    10  rtx_lib.o(.text._mutex_free)
    _mutex_initialize                        0x0800154d   Thumb Code    32  rtx_lib.o(.text._mutex_initialize)
    _mutex_release                           0x0800156d   Thumb Code    22  rtx_lib.o(.text._mutex_release)
    _platform_post_stackheap_init            0x08001585   Thumb Code     8  rtx_lib.o(.text._platform_post_stackheap_init)
    generarCodigo                            0x0800158d   Thumb Code   116  thjoy.o(.text.generarCodigo)
    main                                     0x08001601   Thumb Code    38  main.o(.text.main)
    osKernelGetState                         0x08001629   Thumb Code    40  rtx_kernel.o(.text.osKernelGetState)
    osKernelGetTickCount                     0x08001655   Thumb Code    32  rtx_kernel.o(.text.osKernelGetTickCount)
    osKernelInitialize                       0x0800167d   Thumb Code    40  rtx_kernel.o(.text.osKernelInitialize)
    osKernelStart                            0x080016a9   Thumb Code    32  rtx_kernel.o(.text.osKernelStart)
    osMessageQueueGet                        0x080016cd   Thumb Code   108  rtx_msgqueue.o(.text.osMessageQueueGet)
    osMessageQueuePut                        0x0800173d   Thumb Code   124  rtx_msgqueue.o(.text.osMessageQueuePut)
    osMutexAcquire                           0x080017bd   Thumb Code    32  rtx_mutex.o(.text.osMutexAcquire)
    osMutexDelete                            0x080017e1   Thumb Code    32  rtx_mutex.o(.text.osMutexDelete)
    osMutexNew                               0x08001805   Thumb Code    32  rtx_mutex.o(.text.osMutexNew)
    osMutexRelease                           0x08001829   Thumb Code    32  rtx_mutex.o(.text.osMutexRelease)
    osRtxErrorNotify                         0x0800184d   Thumb Code     2  rtx_config.o(.text.osRtxErrorNotify)
    osRtxIdleThread                          0x08001851   Thumb Code     2  rtx_config.o(.text.osRtxIdleThread)
    osRtxKernelErrorNotify                   0x08001853   Thumb Code     4  rtx_kernel.o(.text.osRtxKernelErrorNotify)
    osRtxKernelPreInit                       0x08001857   Thumb Code     2  rtx_kernel.o(.text.osRtxKernelPreInit)
    osRtxMemoryAlloc                         0x08001859   Thumb Code   108  rtx_memory.o(.text.osRtxMemoryAlloc)
    osRtxMemoryFree                          0x080018c5   Thumb Code    66  rtx_memory.o(.text.osRtxMemoryFree)
    osRtxMemoryInit                          0x08001907   Thumb Code    54  rtx_memory.o(.text.osRtxMemoryInit)
    osRtxMemoryPoolAlloc                     0x0800193d   Thumb Code    58  rtx_mempool.o(.text.osRtxMemoryPoolAlloc)
    osRtxMemoryPoolFree                      0x08001977   Thumb Code    74  rtx_mempool.o(.text.osRtxMemoryPoolFree)
    osRtxMemoryPoolInit                      0x080019c1   Thumb Code    56  rtx_mempool.o(.text.osRtxMemoryPoolInit)
    osRtxMessageQueueTimerSetup              0x08001aa5   Thumb Code    32  rtx_msgqueue.o(.text.osRtxMessageQueueTimerSetup)
    osRtxMutexOwnerRelease                   0x08001ac9   Thumb Code    72  rtx_mutex.o(.text.osRtxMutexOwnerRelease)
    osRtxMutexOwnerRestore                   0x08001b11   Thumb Code    72  rtx_mutex.o(.text.osRtxMutexOwnerRestore)
    osRtxPendSV_Handler                      0x08001b59   Thumb Code   136  rtx_system.o(.text.osRtxPendSV_Handler)
    osRtxPostProcess                         0x08001be1   Thumb Code   108  rtx_system.o(.text.osRtxPostProcess)
    osRtxThreadDelayTick                     0x08001d3d   Thumb Code    80  rtx_thread.o(.text.osRtxThreadDelayTick)
    osRtxThreadDispatch                      0x08001dad   Thumb Code    80  rtx_thread.o(.text.osRtxThreadDispatch)
    osRtxThreadListGet                       0x08001e73   Thumb Code    18  rtx_thread.o(.text.osRtxThreadListGet)
    osRtxThreadListPut                       0x08001e85   Thumb Code    44  rtx_thread.o(.text.osRtxThreadListPut)
    osRtxThreadListRemove                    0x08001eb1   Thumb Code    20  rtx_thread.o(.text.osRtxThreadListRemove)
    osRtxThreadListSort                      0x08001ec5   Thumb Code    38  rtx_thread.o(.text.osRtxThreadListSort)
    osRtxThreadReadyPut                      0x08001f15   Thumb Code    16  rtx_thread.o(.text.osRtxThreadReadyPut)
    osRtxThreadRegPtr                        0x08001f29   Thumb Code     6  rtx_thread.o(.text.osRtxThreadRegPtr)
    osRtxThreadStartup                       0x08001f31   Thumb Code    48  rtx_thread.o(.text.osRtxThreadStartup)
    osRtxThreadSwitch                        0x08001f69   Thumb Code    12  rtx_thread.o(.text.osRtxThreadSwitch)
    osRtxThreadWaitEnter                     0x08001f75   Thumb Code    56  rtx_thread.o(.text.osRtxThreadWaitEnter)
    osRtxThreadWaitExit                      0x08001fb1   Thumb Code    34  rtx_thread.o(.text.osRtxThreadWaitExit)
    osRtxTick_Handler                        0x08001fd5   Thumb Code   116  rtx_system.o(.text.osRtxTick_Handler)
    osRtxTimerSetup                          0x08002049   Thumb Code    24  rtx_timer.o(.text.osRtxTimerSetup)
    osRtxTimerThread                         0x08002069   Thumb Code    32  rtx_timer.o(.text.osRtxTimerThread)
    osThreadExit                             0x080020f9   Thumb Code     8  rtx_thread.o(.text.osThreadExit)
    osThreadFlagsSet                         0x08002105   Thumb Code    84  rtx_thread.o(.text.osThreadFlagsSet)
    osThreadFlagsWait                        0x0800215d   Thumb Code    32  rtx_thread.o(.text.osThreadFlagsWait)
    osThreadNew                              0x08002181   Thumb Code    32  rtx_thread.o(.text.osThreadNew)
    osThreadYield                            0x080021a5   Thumb Code    32  rtx_thread.o(.text.osThreadYield)
    osTimerNew                               0x080021c9   Thumb Code    32  rtx_timer.o(.text.osTimerNew)
    osTimerStart                             0x080021ed   Thumb Code    32  rtx_timer.o(.text.osTimerStart)
    osRtxConfig                              0x08002c8c   Data         112  rtx_lib.o(.rodata)
    os_cb_sections                           0x08002cfc   Data          56  rtx_lib.o(.rodata)
    AHBPrescTable                            0x08002d34   Data          16  system_stm32f4xx.o(.rodata.AHBPrescTable)
    osRtxUserSVC                             0x08002d44   Data           4  rtx_lib.o(.rodata.osRtxUserSVC)
    Region$$Table$$Base                      0x08002db4   Number         0  anon$$obj.o(Region$$Table)
    Region$$Table$$Limit                     0x08002dd4   Number         0  anon$$obj.o(Region$$Table)
    SystemCoreClock                          0x20000000   Data           4  system_stm32f4xx.o(.data.SystemCoreClock)
    osRtxInfo                                0x20000004   Data         164  rtx_kernel.o(.data.os)
    uwTickPrio                               0x200000a8   Data           4  stm32f4xx_hal.o(.data.uwTickPrio)
    __libspace_start                         0x200000b0   Data          96  libspace.o(.bss)
    __temporary_stack_top$libspace           0x20000110   Data           0  libspace.o(.bss)
    codigo                                   0x20000114   Data           1  thjoy.o(.bss.codigo)
    .bss.os.msgqueue.cb$$Base                0x2000820c   Number         0  rtx_lib.o(.bss.os.msgqueue.cb)
    .bss.os.msgqueue.cb$$Limit               0x20008240   Number         0  rtx_lib.o(.bss.os.msgqueue.cb)
    .bss.os.thread.cb$$Base                  0x20008290   Number         0  rtx_lib.o(.bss.os.thread.cb)
    .bss.os.thread.cb$$Limit                 0x20008318   Number         0  rtx_lib.o(.bss.os.thread.cb)
    thled1                                   0x2000871c   Data           4  thled1.o(.bss.thled1)
    thled2                                   0x20008720   Data           4  thled2.o(.bss.thled2)
    thled3                                   0x20008724   Data           4  thled3.o(.bss.thled3)
    tim_id1                                  0x2000872c   Data           4  thjoy.o(.bss.tim_id1)



==============================================================================

Memory Map of the image

  Image Entry point : 0x08000251

  Load Region LR_1 (Base: 0x08000000, Size: 0x00002e80, Max: 0xffffffff, ABSOLUTE)

    Execution Region ER_RO (Exec base: 0x08000000, Load base: 0x08000000, Size: 0x00002dd4, Max: 0xffffffff, ABSOLUTE)

    Exec Addr    Load Addr    Size         Type   Attr      Idx    E Section Name        Object

    0x08000000   0x08000000   0x000001ac   Data   RO          460    RESET               startup_stm32f429xx.o
    0x080001ac   0x080001ac   0x00000008   Code   RO          964  * !!!main             c_w.l(__main.o)
    0x080001b4   0x080001b4   0x00000034   Code   RO         1137    !!!scatter          c_w.l(__scatter.o)
    0x080001e8   0x080001e8   0x0000001a   Code   RO         1139    !!handler_copy      c_w.l(__scatter_copy.o)
    0x08000202   0x08000202   0x00000002   PAD
    0x08000204   0x08000204   0x0000001c   Code   RO         1141    !!handler_zi        c_w.l(__scatter_zi.o)
    0x08000220   0x08000220   0x00000002   Code   RO         1001    .ARM.Collect$$libinit$$00000000  c_w.l(libinit.o)
    0x08000222   0x08000222   0x00000000   Code   RO         1014    .ARM.Collect$$libinit$$00000002  c_w.l(libinit2.o)
    0x08000222   0x08000222   0x00000000   Code   RO         1016    .ARM.Collect$$libinit$$00000004  c_w.l(libinit2.o)
    0x08000222   0x08000222   0x00000000   Code   RO         1019    .ARM.Collect$$libinit$$0000000A  c_w.l(libinit2.o)
    0x08000222   0x08000222   0x00000000   Code   RO         1021    .ARM.Collect$$libinit$$0000000C  c_w.l(libinit2.o)
    0x08000222   0x08000222   0x00000000   Code   RO         1023    .ARM.Collect$$libinit$$0000000E  c_w.l(libinit2.o)
    0x08000222   0x08000222   0x00000000   Code   RO         1026    .ARM.Collect$$libinit$$00000011  c_w.l(libinit2.o)
    0x08000222   0x08000222   0x00000000   Code   RO         1028    .ARM.Collect$$libinit$$00000013  c_w.l(libinit2.o)
    0x08000222   0x08000222   0x00000000   Code   RO         1030    .ARM.Collect$$libinit$$00000015  c_w.l(libinit2.o)
    0x08000222   0x08000222   0x00000000   Code   RO         1032    .ARM.Collect$$libinit$$00000017  c_w.l(libinit2.o)
    0x08000222   0x08000222   0x00000000   Code   RO         1034    .ARM.Collect$$libinit$$00000019  c_w.l(libinit2.o)
    0x08000222   0x08000222   0x00000000   Code   RO         1036    .ARM.Collect$$libinit$$0000001B  c_w.l(libinit2.o)
    0x08000222   0x08000222   0x00000000   Code   RO         1038    .ARM.Collect$$libinit$$0000001D  c_w.l(libinit2.o)
    0x08000222   0x08000222   0x00000000   Code   RO         1040    .ARM.Collect$$libinit$$0000001F  c_w.l(libinit2.o)
    0x08000222   0x08000222   0x00000000   Code   RO         1042    .ARM.Collect$$libinit$$00000021  c_w.l(libinit2.o)
    0x08000222   0x08000222   0x00000000   Code   RO         1044    .ARM.Collect$$libinit$$00000023  c_w.l(libinit2.o)
    0x08000222   0x08000222   0x00000000   Code   RO         1046    .ARM.Collect$$libinit$$00000025  c_w.l(libinit2.o)
    0x08000222   0x08000222   0x00000000   Code   RO         1050    .ARM.Collect$$libinit$$0000002C  c_w.l(libinit2.o)
    0x08000222   0x08000222   0x00000000   Code   RO         1052    .ARM.Collect$$libinit$$0000002E  c_w.l(libinit2.o)
    0x08000222   0x08000222   0x00000000   Code   RO         1054    .ARM.Collect$$libinit$$00000030  c_w.l(libinit2.o)
    0x08000222   0x08000222   0x00000000   Code   RO         1056    .ARM.Collect$$libinit$$00000032  c_w.l(libinit2.o)
    0x08000222   0x08000222   0x00000002   Code   RO         1057    .ARM.Collect$$libinit$$00000033  c_w.l(libinit2.o)
    0x08000224   0x08000224   0x00000002   Code   RO         1092    .ARM.Collect$$libshutdown$$00000000  c_w.l(libshutdown.o)
    0x08000226   0x08000226   0x00000000   Code   RO         1120    .ARM.Collect$$libshutdown$$00000002  c_w.l(libshutdown2.o)
    0x08000226   0x08000226   0x00000000   Code   RO         1122    .ARM.Collect$$libshutdown$$00000004  c_w.l(libshutdown2.o)
    0x08000226   0x08000226   0x00000000   Code   RO         1125    .ARM.Collect$$libshutdown$$00000007  c_w.l(libshutdown2.o)
    0x08000226   0x08000226   0x00000000   Code   RO         1128    .ARM.Collect$$libshutdown$$0000000A  c_w.l(libshutdown2.o)
    0x08000226   0x08000226   0x00000000   Code   RO         1130    .ARM.Collect$$libshutdown$$0000000C  c_w.l(libshutdown2.o)
    0x08000226   0x08000226   0x00000000   Code   RO         1133    .ARM.Collect$$libshutdown$$0000000F  c_w.l(libshutdown2.o)
    0x08000226   0x08000226   0x00000002   Code   RO         1134    .ARM.Collect$$libshutdown$$00000010  c_w.l(libshutdown2.o)
    0x08000228   0x08000228   0x00000000   Code   RO          966    .ARM.Collect$$rtentry$$00000000  c_w.l(__rtentry.o)
    0x08000228   0x08000228   0x00000000   Code   RO          974    .ARM.Collect$$rtentry$$00000002  c_w.l(__rtentry2.o)
    0x08000228   0x08000228   0x00000006   Code   RO          986    .ARM.Collect$$rtentry$$00000004  c_w.l(__rtentry4.o)
    0x0800022e   0x0800022e   0x00000008   Code   RO          975    .ARM.Collect$$rtentry$$00000008  c_w.l(__rtentry2.o)
    0x08000236   0x08000236   0x00000004   Code   RO          977    .ARM.Collect$$rtentry$$0000000A  c_w.l(__rtentry2.o)
    0x0800023a   0x0800023a   0x00000000   Code   RO          979    .ARM.Collect$$rtentry$$0000000C  c_w.l(__rtentry2.o)
    0x0800023a   0x0800023a   0x00000008   Code   RO          980    .ARM.Collect$$rtentry$$0000000D  c_w.l(__rtentry2.o)
    0x08000242   0x08000242   0x00000002   Code   RO         1005    .ARM.Collect$$rtexit$$00000000  c_w.l(rtexit.o)
    0x08000244   0x08000244   0x00000000   Code   RO         1063    .ARM.Collect$$rtexit$$00000002  c_w.l(rtexit2.o)
    0x08000244   0x08000244   0x00000004   Code   RO         1064    .ARM.Collect$$rtexit$$00000003  c_w.l(rtexit2.o)
    0x08000248   0x08000248   0x00000006   Code   RO         1065    .ARM.Collect$$rtexit$$00000004  c_w.l(rtexit2.o)
    0x0800024e   0x0800024e   0x00000002   PAD
    0x08000250   0x08000250   0x00000040   Code   RO          461  * .text               startup_stm32f429xx.o
    0x08000290   0x08000290   0x00000094   Code   RO          776    .text               RTX_CM3.lib(irq_armv7m.o)
    0x08000324   0x08000324   0x000000f0   Code   RO          954    .text               c_w.l(lludivv7m.o)
    0x08000414   0x08000414   0x0000008a   Code   RO          956    .text               c_w.l(rt_memcpy_v6.o)
    0x0800049e   0x0800049e   0x00000044   Code   RO          958    .text               c_w.l(rt_memclr.o)
    0x080004e2   0x080004e2   0x0000004e   Code   RO          960    .text               c_w.l(rt_memclr_w.o)
    0x08000530   0x08000530   0x00000006   Code   RO          962    .text               c_w.l(heapauxi.o)
    0x08000536   0x08000536   0x00000064   Code   RO          971    .text               c_w.l(rt_memcpy_w.o)
    0x0800059a   0x0800059a   0x0000004a   Code   RO          990    .text               c_w.l(sys_stackheap_outer.o)
    0x080005e4   0x080005e4   0x00000012   Code   RO          992    .text               c_w.l(exit.o)
    0x080005f6   0x080005f6   0x00000002   PAD
    0x080005f8   0x080005f8   0x00000008   Code   RO         1002    .text               c_w.l(libspace.o)
    0x08000600   0x08000600   0x0000000c   Code   RO         1058    .text               c_w.l(sys_exit.o)
    0x0800060c   0x0800060c   0x00000002   Code   RO         1081    .text               c_w.l(use_no_semi.o)
    0x0800060e   0x0800060e   0x00000000   Code   RO         1083    .text               c_w.l(indicate_semi.o)
    0x0800060e   0x0800060e   0x00000002   PAD
    0x08000610   0x08000610   0x00000002   Code   RO            8    .text.BusFault_Handler  stm32f4xx_it.o
    0x08000612   0x08000612   0x00000002   PAD
    0x08000614   0x08000614   0x00000002   Code   RO           12    .text.DebugMon_Handler  stm32f4xx_it.o
    0x08000616   0x08000616   0x00000002   PAD
    0x08000618   0x08000618   0x0000002c   Code   RO           47    .text.EXTI15_10_IRQHandler  thjoy.o
    0x08000644   0x08000644   0x00000022   Code   RO           49    .text.HAL_GPIO_EXTI_Callback  thjoy.o
    0x08000666   0x08000666   0x00000002   PAD
    0x08000668   0x08000668   0x0000001a   Code   RO          319    .text.HAL_GPIO_EXTI_IRQHandler  stm32f4xx_hal_gpio.o
    0x08000682   0x08000682   0x00000002   PAD
    0x08000684   0x08000684   0x0000019a   Code   RO          307    .text.HAL_GPIO_Init  stm32f4xx_hal_gpio.o
    0x0800081e   0x0800081e   0x00000002   PAD
    0x08000820   0x08000820   0x0000000a   Code   RO          313    .text.HAL_GPIO_WritePin  stm32f4xx_hal_gpio.o
    0x0800082a   0x0800082a   0x00000002   PAD
    0x0800082c   0x0800082c   0x0000000e   Code   RO          194    .text.HAL_GetREVID  stm32f4xx_hal.o
    0x0800083a   0x0800083a   0x00000002   PAD
    0x0800083c   0x0800083c   0x00000050   Code   RO           21    .text.HAL_GetTick   main.o
    0x0800088c   0x0800088c   0x0000002e   Code   RO          166    .text.HAL_Init      stm32f4xx_hal.o
    0x080008ba   0x080008ba   0x00000002   PAD
    0x080008bc   0x080008bc   0x00000004   Code   RO           23    .text.HAL_InitTick  main.o
    0x080008c0   0x080008c0   0x00000002   Code   RO          170    .text.HAL_MspInit   stm32f4xx_hal.o
    0x080008c2   0x080008c2   0x00000002   PAD
    0x080008c4   0x080008c4   0x00000008   Code   RO          247    .text.HAL_NVIC_EnableIRQ  stm32f4xx_hal_cortex.o
    0x080008cc   0x080008cc   0x00000008   Code   RO          235    .text.HAL_NVIC_SetPriorityGrouping  stm32f4xx_hal_cortex.o
    0x080008d4   0x080008d4   0x00000160   Code   RO          403    .text.HAL_RCC_ClockConfig  stm32f4xx_hal_rcc.o
    0x08000a34   0x08000a34   0x0000006a   Code   RO          405    .text.HAL_RCC_GetSysClockFreq  stm32f4xx_hal_rcc.o
    0x08000a9e   0x08000a9e   0x00000002   PAD
    0x08000aa0   0x08000aa0   0x00000348   Code   RO          401    .text.HAL_RCC_OscConfig  stm32f4xx_hal_rcc.o
    0x08000de8   0x08000de8   0x00000002   Code   RO            4    .text.HardFault_Handler  stm32f4xx_it.o
    0x08000dea   0x08000dea   0x00000002   PAD
    0x08000dec   0x08000dec   0x000000a2   Code   RO           41    .text.InitJoy       thjoy.o
    0x08000e8e   0x08000e8e   0x00000002   PAD
    0x08000e90   0x08000e90   0x00000040   Code   RO           73    .text.InitLed1      thled1.o
    0x08000ed0   0x08000ed0   0x00000040   Code   RO           89    .text.InitLed3      thled3.o
    0x08000f10   0x08000f10   0x0000003a   Code   RO           39    .text.Init_Thjoy    thjoy.o
    0x08000f4a   0x08000f4a   0x00000002   PAD
    0x08000f4c   0x08000f4c   0x00000036   Code   RO           71    .text.Init_Thled1   thled1.o
    0x08000f82   0x08000f82   0x00000002   PAD
    0x08000f84   0x08000f84   0x00000036   Code   RO          103    .text.Init_Thled2   thled2.o
    0x08000fba   0x08000fba   0x00000002   PAD
    0x08000fbc   0x08000fbc   0x00000036   Code   RO           87    .text.Init_Thled3   thled3.o
    0x08000ff2   0x08000ff2   0x00000002   PAD
    0x08000ff4   0x08000ff4   0x0000002e   Code   RO           43    .text.Init_Timer    thjoy.o
    0x08001022   0x08001022   0x00000002   PAD
    0x08001024   0x08001024   0x0000003e   Code   RO          105    .text.Initled2      thled2.o
    0x08001062   0x08001062   0x00000002   PAD
    0x08001064   0x08001064   0x00000002   Code   RO            6    .text.MemManage_Handler  stm32f4xx_it.o
    0x08001066   0x08001066   0x00000040   Code   RO          892    .text.MessageQueueGet  RTX_CM3.lib(rtx_msgqueue.o)
    0x080010a6   0x080010a6   0x00000058   Code   RO          886    .text.MessageQueuePut  RTX_CM3.lib(rtx_msgqueue.o)
    0x080010fe   0x080010fe   0x0000001c   Code   RO          884    .text.MessageQueueRemove  RTX_CM3.lib(rtx_msgqueue.o)
    0x0800111a   0x0800111a   0x00000002   PAD
    0x0800111c   0x0800111c   0x00000002   Code   RO            2    .text.NMI_Handler   stm32f4xx_it.o
    0x0800111e   0x0800111e   0x00000002   PAD
    0x08001120   0x08001120   0x00000008   Code   RO          932    .text.OS_Tick_AcknowledgeIRQ  RTX_CM3.lib(os_systick.o)
    0x08001128   0x08001128   0x00000024   Code   RO          928    .text.OS_Tick_Enable  RTX_CM3.lib(os_systick.o)
    0x0800114c   0x0800114c   0x00000006   Code   RO          934    .text.OS_Tick_GetIRQn  RTX_CM3.lib(os_systick.o)
    0x08001152   0x08001152   0x00000002   PAD
    0x08001154   0x08001154   0x00000040   Code   RO          926    .text.OS_Tick_Setup  RTX_CM3.lib(os_systick.o)
    0x08001194   0x08001194   0x0000000c   Code   RO          541    .text.OUTLINED_FUNCTION_0  RTX_CM3.lib(rtx_kernel.o)
    0x080011a0   0x080011a0   0x00000006   Code   RO          681    .text.OUTLINED_FUNCTION_0  RTX_CM3.lib(rtx_thread.o)
    0x080011a6   0x080011a6   0x0000000c   Code   RO          900    .text.OUTLINED_FUNCTION_0  RTX_CM3.lib(rtx_msgqueue.o)
    0x080011b2   0x080011b2   0x00000006   Code   RO          543    .text.OUTLINED_FUNCTION_1  RTX_CM3.lib(rtx_kernel.o)
    0x080011b8   0x080011b8   0x00000006   Code   RO          902    .text.OUTLINED_FUNCTION_1  RTX_CM3.lib(rtx_msgqueue.o)
    0x080011be   0x080011be   0x00000002   PAD
    0x080011c0   0x080011c0   0x000000a0   Code   RO           27    .text.SystemClock_Config  main.o
    0x08001260   0x08001260   0x0000007e   Code   RO          470    .text.SystemCoreClockUpdate  system_stm32f4xx.o
    0x080012de   0x080012de   0x00000002   PAD
    0x080012e0   0x080012e0   0x00000002   Code   RO          468    .text.SystemInit    system_stm32f4xx.o
    0x080012e2   0x080012e2   0x00000002   PAD
    0x080012e4   0x080012e4   0x0000003e   Code   RO           45    .text.Thjoy         thjoy.o
    0x08001322   0x08001322   0x00000002   PAD
    0x08001324   0x08001324   0x00000048   Code   RO           75    .text.Thled1        thled1.o
    0x0800136c   0x0800136c   0x00000048   Code   RO          107    .text.Thled2        thled2.o
    0x080013b4   0x080013b4   0x00000048   Code   RO           91    .text.Thled3        thled3.o
    0x080013fc   0x080013fc   0x00000064   Code   RO          633    .text.ThreadFlagsCheck  RTX_CM3.lib(rtx_thread.o)
    0x08001460   0x08001460   0x00000018   Code   RO           51    .text.Timer1_Callback  thjoy.o
    0x08001478   0x08001478   0x00000044   Code   RO          717    .text.TimerInsert   RTX_CM3.lib(rtx_timer.o)
    0x080014bc   0x080014bc   0x00000024   Code   RO          725    .text.TimerRemove   RTX_CM3.lib(rtx_timer.o)
    0x080014e0   0x080014e0   0x00000002   Code   RO           10    .text.UsageFault_Handler  stm32f4xx_it.o
    0x080014e2   0x080014e2   0x00000002   PAD
    0x080014e4   0x080014e4   0x00000020   Code   RO          249    .text.__NVIC_EnableIRQ  stm32f4xx_hal_cortex.o
    0x08001504   0x08001504   0x00000020   Code   RO          237    .text.__NVIC_SetPriorityGrouping  stm32f4xx_hal_cortex.o
    0x08001524   0x08001524   0x0000001a   Code   RO          127    .text._mutex_acquire  rtx_lib.o
    0x0800153e   0x0800153e   0x00000002   PAD
    0x08001540   0x08001540   0x0000000a   Code   RO          131    .text._mutex_free   rtx_lib.o
    0x0800154a   0x0800154a   0x00000002   PAD
    0x0800154c   0x0800154c   0x00000020   Code   RO          125    .text._mutex_initialize  rtx_lib.o
    0x0800156c   0x0800156c   0x00000016   Code   RO          129    .text._mutex_release  rtx_lib.o
    0x08001582   0x08001582   0x00000002   PAD
    0x08001584   0x08001584   0x00000008   Code   RO          119    .text._platform_post_stackheap_init  rtx_lib.o
    0x0800158c   0x0800158c   0x00000074   Code   RO           53    .text.generarCodigo  thjoy.o
    0x08001600   0x08001600   0x00000026   Code   RO           25    .text.main          main.o
    0x08001626   0x08001626   0x00000002   PAD
    0x08001628   0x08001628   0x0000002c   Code   RO          493    .text.osKernelGetState  RTX_CM3.lib(rtx_kernel.o)
    0x08001654   0x08001654   0x00000028   Code   RO          509    .text.osKernelGetTickCount  RTX_CM3.lib(rtx_kernel.o)
    0x0800167c   0x0800167c   0x0000002c   Code   RO          487    .text.osKernelInitialize  RTX_CM3.lib(rtx_kernel.o)
    0x080016a8   0x080016a8   0x00000024   Code   RO          497    .text.osKernelStart  RTX_CM3.lib(rtx_kernel.o)
    0x080016cc   0x080016cc   0x00000070   Code   RO          860    .text.osMessageQueueGet  RTX_CM3.lib(rtx_msgqueue.o)
    0x0800173c   0x0800173c   0x00000080   Code   RO          858    .text.osMessageQueuePut  RTX_CM3.lib(rtx_msgqueue.o)
    0x080017bc   0x080017bc   0x00000024   Code   RO          749    .text.osMutexAcquire  RTX_CM3.lib(rtx_mutex.o)
    0x080017e0   0x080017e0   0x00000024   Code   RO          755    .text.osMutexDelete  RTX_CM3.lib(rtx_mutex.o)
    0x08001804   0x08001804   0x00000024   Code   RO          745    .text.osMutexNew    RTX_CM3.lib(rtx_mutex.o)
    0x08001828   0x08001828   0x00000024   Code   RO          751    .text.osMutexRelease  RTX_CM3.lib(rtx_mutex.o)
    0x0800184c   0x0800184c   0x00000002   Code   RO          157    .text.osRtxErrorNotify  rtx_config.o
    0x0800184e   0x0800184e   0x00000002   PAD
    0x08001850   0x08001850   0x00000002   Code   RO          155    .text.osRtxIdleThread  rtx_config.o
    0x08001852   0x08001852   0x00000004   Code   RO          485    .text.osRtxKernelErrorNotify  RTX_CM3.lib(rtx_kernel.o)
    0x08001856   0x08001856   0x00000002   Code   RO          483    .text.osRtxKernelPreInit  RTX_CM3.lib(rtx_kernel.o)
    0x08001858   0x08001858   0x0000006c   Code   RO          786    .text.osRtxMemoryAlloc  RTX_CM3.lib(rtx_memory.o)
    0x080018c4   0x080018c4   0x00000042   Code   RO          788    .text.osRtxMemoryFree  RTX_CM3.lib(rtx_memory.o)
    0x08001906   0x08001906   0x00000036   Code   RO          784    .text.osRtxMemoryInit  RTX_CM3.lib(rtx_memory.o)
    0x0800193c   0x0800193c   0x0000003a   Code   RO          800    .text.osRtxMemoryPoolAlloc  RTX_CM3.lib(rtx_mempool.o)
    0x08001976   0x08001976   0x0000004a   Code   RO          802    .text.osRtxMemoryPoolFree  RTX_CM3.lib(rtx_mempool.o)
    0x080019c0   0x080019c0   0x00000038   Code   RO          798    .text.osRtxMemoryPoolInit  RTX_CM3.lib(rtx_mempool.o)
    0x080019f8   0x080019f8   0x000000aa   Code   RO          882    .text.osRtxMessageQueuePostProcess  RTX_CM3.lib(rtx_msgqueue.o)
    0x08001aa2   0x08001aa2   0x00000002   PAD
    0x08001aa4   0x08001aa4   0x00000024   Code   RO          850    .text.osRtxMessageQueueTimerSetup  RTX_CM3.lib(rtx_msgqueue.o)
    0x08001ac8   0x08001ac8   0x00000048   Code   RO          741    .text.osRtxMutexOwnerRelease  RTX_CM3.lib(rtx_mutex.o)
    0x08001b10   0x08001b10   0x00000048   Code   RO          743    .text.osRtxMutexOwnerRestore  RTX_CM3.lib(rtx_mutex.o)
    0x08001b58   0x08001b58   0x00000088   Code   RO          914    .text.osRtxPendSV_Handler  RTX_CM3.lib(rtx_system.o)
    0x08001be0   0x08001be0   0x00000070   Code   RO          916    .text.osRtxPostProcess  RTX_CM3.lib(rtx_system.o)
    0x08001c50   0x08001c50   0x00000034   Code   RO          573    .text.osRtxThreadBlock  RTX_CM3.lib(rtx_thread.o)
    0x08001c84   0x08001c84   0x0000007c   Code   RO          581    .text.osRtxThreadDelayInsert  RTX_CM3.lib(rtx_thread.o)
    0x08001d00   0x08001d00   0x0000003c   Code   RO          577    .text.osRtxThreadDelayRemove  RTX_CM3.lib(rtx_thread.o)
    0x08001d3c   0x08001d3c   0x00000050   Code   RO          565    .text.osRtxThreadDelayTick  RTX_CM3.lib(rtx_thread.o)
    0x08001d8c   0x08001d8c   0x00000020   Code   RO          665    .text.osRtxThreadDestroy  RTX_CM3.lib(rtx_thread.o)
    0x08001dac   0x08001dac   0x00000050   Code   RO          571    .text.osRtxThreadDispatch  RTX_CM3.lib(rtx_thread.o)
    0x08001dfc   0x08001dfc   0x00000058   Code   RO          657    .text.osRtxThreadFree  RTX_CM3.lib(rtx_thread.o)
    0x08001e54   0x08001e54   0x0000001e   Code   RO          663    .text.osRtxThreadJoinWakeup  RTX_CM3.lib(rtx_thread.o)
    0x08001e72   0x08001e72   0x00000012   Code   RO          557    .text.osRtxThreadListGet  RTX_CM3.lib(rtx_thread.o)
    0x08001e84   0x08001e84   0x0000002c   Code   RO          555    .text.osRtxThreadListPut  RTX_CM3.lib(rtx_thread.o)
    0x08001eb0   0x08001eb0   0x00000014   Code   RO          561    .text.osRtxThreadListRemove  RTX_CM3.lib(rtx_thread.o)
    0x08001ec4   0x08001ec4   0x00000026   Code   RO          559    .text.osRtxThreadListSort  RTX_CM3.lib(rtx_thread.o)
    0x08001eea   0x08001eea   0x00000028   Code   RO          631    .text.osRtxThreadPostProcess  RTX_CM3.lib(rtx_thread.o)
    0x08001f12   0x08001f12   0x00000002   PAD
    0x08001f14   0x08001f14   0x00000014   Code   RO          563    .text.osRtxThreadReadyPut  RTX_CM3.lib(rtx_thread.o)
    0x08001f28   0x08001f28   0x00000006   Code   RO          567    .text.osRtxThreadRegPtr  RTX_CM3.lib(rtx_thread.o)
    0x08001f2e   0x08001f2e   0x00000002   PAD
    0x08001f30   0x08001f30   0x00000038   Code   RO          583    .text.osRtxThreadStartup  RTX_CM3.lib(rtx_thread.o)
    0x08001f68   0x08001f68   0x0000000c   Code   RO          569    .text.osRtxThreadSwitch  RTX_CM3.lib(rtx_thread.o)
    0x08001f74   0x08001f74   0x0000003c   Code   RO          579    .text.osRtxThreadWaitEnter  RTX_CM3.lib(rtx_thread.o)
    0x08001fb0   0x08001fb0   0x00000022   Code   RO          575    .text.osRtxThreadWaitExit  RTX_CM3.lib(rtx_thread.o)
    0x08001fd2   0x08001fd2   0x00000002   PAD
    0x08001fd4   0x08001fd4   0x00000074   Code   RO          912    .text.osRtxTick_Handler  RTX_CM3.lib(rtx_system.o)
    0x08002048   0x08002048   0x00000020   Code   RO          699    .text.osRtxTimerSetup  RTX_CM3.lib(rtx_timer.o)
    0x08002068   0x08002068   0x00000020   Code   RO          703    .text.osRtxTimerThread  RTX_CM3.lib(rtx_timer.o)
    0x08002088   0x08002088   0x00000070   Code   RO          701    .text.osRtxTimerTick  RTX_CM3.lib(rtx_timer.o)
    0x080020f8   0x080020f8   0x0000000c   Code   RO          615    .text.osThreadExit  RTX_CM3.lib(rtx_thread.o)
    0x08002104   0x08002104   0x00000058   Code   RO          623    .text.osThreadFlagsSet  RTX_CM3.lib(rtx_thread.o)
    0x0800215c   0x0800215c   0x00000024   Code   RO          629    .text.osThreadFlagsWait  RTX_CM3.lib(rtx_thread.o)
    0x08002180   0x08002180   0x00000024   Code   RO          587    .text.osThreadNew   RTX_CM3.lib(rtx_thread.o)
    0x080021a4   0x080021a4   0x00000024   Code   RO          605    .text.osThreadYield  RTX_CM3.lib(rtx_thread.o)
    0x080021c8   0x080021c8   0x00000024   Code   RO          705    .text.osTimerNew    RTX_CM3.lib(rtx_timer.o)
    0x080021ec   0x080021ec   0x00000024   Code   RO          709    .text.osTimerStart  RTX_CM3.lib(rtx_timer.o)
    0x08002210   0x08002210   0x0000001e   Code   RO          123    .text.os_kernel_is_active  rtx_lib.o
    0x0800222e   0x0800222e   0x00000002   PAD
    0x08002230   0x08002230   0x00000008   Code   RO          495    .text.svcRtxKernelGetState  RTX_CM3.lib(rtx_kernel.o)
    0x08002238   0x08002238   0x0000000c   Code   RO          511    .text.svcRtxKernelGetTickCount  RTX_CM3.lib(rtx_kernel.o)
    0x08002244   0x08002244   0x000000fc   Code   RO          525    .text.svcRtxKernelInitialize  RTX_CM3.lib(rtx_kernel.o)
    0x08002340   0x08002340   0x0000008c   Code   RO          527    .text.svcRtxKernelStart  RTX_CM3.lib(rtx_kernel.o)
    0x080023cc   0x080023cc   0x000000c8   Code   RO          894    .text.svcRtxMessageQueueGet  RTX_CM3.lib(rtx_msgqueue.o)
    0x08002494   0x08002494   0x00000118   Code   RO          852    .text.svcRtxMessageQueueNew  RTX_CM3.lib(rtx_msgqueue.o)
    0x080025ac   0x080025ac   0x000000a8   Code   RO          890    .text.svcRtxMessageQueuePut  RTX_CM3.lib(rtx_msgqueue.o)
    0x08002654   0x08002654   0x00000090   Code   RO          761    .text.svcRtxMutexAcquire  RTX_CM3.lib(rtx_mutex.o)
    0x080026e4   0x080026e4   0x000000ac   Code   RO          767    .text.svcRtxMutexDelete  RTX_CM3.lib(rtx_mutex.o)
    0x08002790   0x08002790   0x00000068   Code   RO          757    .text.svcRtxMutexNew  RTX_CM3.lib(rtx_mutex.o)
    0x080027f8   0x080027f8   0x000000b4   Code   RO          763    .text.svcRtxMutexRelease  RTX_CM3.lib(rtx_mutex.o)
    0x080028ac   0x080028ac   0x0000004c   Code   RO          661    .text.svcRtxThreadExit  RTX_CM3.lib(rtx_thread.o)
    0x080028f8   0x080028f8   0x00000066   Code   RO          673    .text.svcRtxThreadFlagsSet  RTX_CM3.lib(rtx_thread.o)
    0x0800295e   0x0800295e   0x00000002   PAD
    0x08002960   0x08002960   0x0000004c   Code   RO          679    .text.svcRtxThreadFlagsWait  RTX_CM3.lib(rtx_thread.o)
    0x080029ac   0x080029ac   0x000001ec   Code   RO          585    .text.svcRtxThreadNew  RTX_CM3.lib(rtx_thread.o)
    0x08002b98   0x08002b98   0x00000038   Code   RO          647    .text.svcRtxThreadYield  RTX_CM3.lib(rtx_thread.o)
    0x08002bd0   0x08002bd0   0x00000074   Code   RO          719    .text.svcRtxTimerNew  RTX_CM3.lib(rtx_timer.o)
    0x08002c44   0x08002c44   0x00000048   Code   RO          723    .text.svcRtxTimerStart  RTX_CM3.lib(rtx_timer.o)
    0x08002c8c   0x08002c8c   0x000000a8   Data   RO          137    .rodata             rtx_lib.o
    0x08002d34   0x08002d34   0x00000010   Data   RO          473    .rodata.AHBPrescTable  system_stm32f4xx.o
    0x08002d44   0x08002d44   0x00000004   Data   RO          139    .rodata.osRtxUserSVC  rtx_lib.o
    0x08002d48   0x08002d48   0x00000024   Data   RO          134    .rodata.os_idle_thread_attr  rtx_lib.o
    0x08002d6c   0x08002d6c   0x00000018   Data   RO          136    .rodata.os_timer_mq_attr  rtx_lib.o
    0x08002d84   0x08002d84   0x00000024   Data   RO          135    .rodata.os_timer_thread_attr  rtx_lib.o
    0x08002da8   0x08002da8   0x0000000b   Data   RO          545    .rodata.str1.4      RTX_CM3.lib(rtx_kernel.o)
    0x08002db3   0x08002db3   0x00000001   PAD
    0x08002db4   0x08002db4   0x00000020   Data   RO         1136    Region$$Table       anon$$obj.o


    Execution Region ER_RW (Exec base: 0x20000000, Load base: 0x08002dd4, Size: 0x000000ac, Max: 0xffffffff, ABSOLUTE)

    Exec Addr    Load Addr    Size         Type   Attr      Idx    E Section Name        Object

    0x20000000   0x08002dd4   0x00000004   Data   RW          472    .data.SystemCoreClock  system_stm32f4xx.o
    0x20000004   0x08002dd8   0x000000a4   Data   RW          546    .data.os            RTX_CM3.lib(rtx_kernel.o)
    0x200000a8   0x08002e7c   0x00000004   Data   RW          224    .data.uwTickPrio    stm32f4xx_hal.o


    Execution Region ER_ZI (Exec base: 0x200000b0, Load base: 0x08002e80, Size: 0x00008c80, Max: 0xffffffff, ABSOLUTE)

    Exec Addr    Load Addr    Size         Type   Attr      Idx    E Section Name        Object

    0x200000b0        -       0x00000060   Zero   RW         1003    .bss                c_w.l(libspace.o)
    0x20000110        -       0x00000004   Zero   RW           29    .bss.HAL_GetTick.ticks  main.o
    0x20000114        -       0x00000001   Zero   RW           61    .bss.codigo         thjoy.o
    0x20000115   0x08002e80   0x00000003   PAD
    0x20000118        -       0x00000004   Zero   RW           62    .bss.contador       thjoy.o
    0x2000011c        -       0x00000002   Zero   RW           60    .bss.gesto          thjoy.o
    0x2000011e   0x08002e80   0x00000002   PAD
    0x20000120        -       0x00000030   Zero   RW           55    .bss.joystick       thjoy.o
    0x20000150        -       0x00000018   Zero   RW           58    .bss.joystickAD     thjoy.o
    0x20000168        -       0x00000018   Zero   RW           59    .bss.joystickIBC    thjoy.o
    0x20000180        -       0x00000018   Zero   RW           77    .bss.led1           thled1.o
    0x20000198        -       0x00000018   Zero   RW          109    .bss.led2           thled2.o
    0x200001b0        -       0x00000018   Zero   RW           93    .bss.led3           thled3.o
    0x200001c8        -       0x00008040   Zero   RW          133    .bss.os             rtx_lib.o
    0x20008208        -       0x00000001   Zero   RW          944    .bss.os             RTX_CM3.lib(os_systick.o)
    0x20008209   0x08002e80   0x00000003   PAD
    0x2000820c        -       0x00000034   Zero   RW          144    .bss.os.msgqueue.cb  rtx_lib.o
    0x20008240        -       0x00000050   Zero   RW          145    .bss.os.msgqueue.mem  rtx_lib.o
    0x20008290        -       0x00000088   Zero   RW          141    .bss.os.thread.cb   rtx_lib.o
    0x20008318        -       0x00000200   Zero   RW          142    .bss.os.thread.idle.stack  rtx_lib.o
    0x20008518        -       0x00000200   Zero   RW          143    .bss.os.thread.timer.stack  rtx_lib.o
    0x20008718        -       0x00000001   Zero   RW          146    .bss.os_kernel_is_active.os_kernel_active  rtx_lib.o
    0x20008719   0x08002e80   0x00000003   PAD
    0x2000871c        -       0x00000004   Zero   RW           78    .bss.thled1         thled1.o
    0x20008720        -       0x00000004   Zero   RW          110    .bss.thled2         thled2.o
    0x20008724        -       0x00000004   Zero   RW           94    .bss.thled3         thled3.o
    0x20008728        -       0x00000004   Zero   RW           56    .bss.tid_Thjoy      thjoy.o
    0x2000872c        -       0x00000004   Zero   RW           57    .bss.tim_id1        thjoy.o
    0x20008730        -       0x00000200   Zero   RW          459    HEAP                startup_stm32f429xx.o
    0x20008930        -       0x00000400   Zero   RW          458    STACK               startup_stm32f429xx.o


==============================================================================

Image component sizes


      Code (inc. data)   RO Data    RW Data    ZI Data      Debug   Object Name

       282          0          0          0          4       3645   main.o
         4          0          0          0          0        735   rtx_config.o
       128          0        268          0      34125       7387   rtx_lib.o
        64         26        428          0       1536        896   startup_stm32f429xx.o
        62          0          0          4          0       8067   stm32f4xx_hal.o
        80          0          0          0          0      11207   stm32f4xx_hal_cortex.o
       446          0          0          0          0       5529   stm32f4xx_hal_gpio.o
      1298          0          0          0          0       7655   stm32f4xx_hal_rcc.o
        12          0          0          0          0        809   stm32f4xx_it.o
       128          0         16          4          0       2274   system_stm32f4xx.o
       546          0          0          0        111       6136   thjoy.o
       190          6          0          0         28       2854   thled1.o
       188          6          0          0         28       2852   thled2.o
       190          6          0          0         28       2854   thled3.o

    ----------------------------------------------------------------------
      3676         44        744          8      35868      62900   Object Totals
         0          0         32          0          0          0   (incl. Generated)
        58          0          0          0          8          0   (incl. Padding)

    ----------------------------------------------------------------------

      Code (inc. data)   RO Data    RW Data    ZI Data      Debug   Library Member Name

       148          8          0          0          0        591   irq_armv7m.o
       114         20          0          0          1       3196   os_systick.o
       600         48         11        164          0      16781   rtx_kernel.o
       228          0          0          0          0       2590   rtx_memory.o
       188          0          0          0          0      16188   rtx_mempool.o
      1292         20          0          0          0      18765   rtx_msgqueue.o
       888         28          0          0          0      10068   rtx_mutex.o
       364         14          0          0          0       5444   rtx_system.o
      2010         72          0          0          0      32441   rtx_thread.o
       540         24          0          0          0      10433   rtx_timer.o
         8          0          0          0          0         68   __main.o
         0          0          0          0          0          0   __rtentry.o
        20          0          0          0          0          0   __rtentry2.o
         6          0          0          0          0          0   __rtentry4.o
        52          8          0          0          0          0   __scatter.o
        26          0          0          0          0          0   __scatter_copy.o
        28          0          0          0          0          0   __scatter_zi.o
        18          0          0          0          0         80   exit.o
         6          0          0          0          0        152   heapauxi.o
         0          0          0          0          0          0   indicate_semi.o
         2          0          0          0          0          0   libinit.o
         2          0          0          0          0          0   libinit2.o
         2          0          0          0          0          0   libshutdown.o
         2          0          0          0          0          0   libshutdown2.o
         8          4          0          0         96         68   libspace.o
       240          0          0          0          0        100   lludivv7m.o
        68          0          0          0          0         68   rt_memclr.o
        78          0          0          0          0         80   rt_memclr_w.o
       138          0          0          0          0         68   rt_memcpy_v6.o
       100          0          0          0          0         80   rt_memcpy_w.o
         2          0          0          0          0          0   rtexit.o
        10          0          0          0          0          0   rtexit2.o
        12          4          0          0          0         68   sys_exit.o
        74          0          0          0          0         80   sys_stackheap_outer.o
         2          0          0          0          0         68   use_no_semi.o

    ----------------------------------------------------------------------
      7300        250         12        164        100     117477   Library Totals
        24          0          1          0          3          0   (incl. Padding)

    ----------------------------------------------------------------------

      Code (inc. data)   RO Data    RW Data    ZI Data      Debug   Library Name

      6372        234         11        164          1     116497   RTX_CM3.lib
       904         16          0          0         96        980   c_w.l

    ----------------------------------------------------------------------
      7300        250         12        164        100     117477   Library Totals

    ----------------------------------------------------------------------

==============================================================================


      Code (inc. data)   RO Data    RW Data    ZI Data      Debug   

     10976        294        756        172      35968     179657   Grand Totals
     10976        294        756        172      35968     179657   ELF Image Totals
     10976        294        756        172          0          0   ROM Totals

==============================================================================

    Total RO  Size (Code + RO Data)                11732 (  11.46kB)
    Total RW  Size (RW Data + ZI Data)             36140 (  35.29kB)
    Total ROM Size (Code + RO Data + RW Data)      11904 (  11.63kB)

==============================================================================

