Component: ARM Compiler 6.16 Tool: armlink [5dfeaa00]

==============================================================================

Section Cross References

    stm32f4xx_it.o(.ARM.exidx.text.NMI_Handler) refers to stm32f4xx_it.o(.text.NMI_Handler) for [Anonymous Symbol]
    stm32f4xx_it.o(.ARM.exidx.text.HardFault_Handler) refers to stm32f4xx_it.o(.text.HardFault_Handler) for [Anonymous Symbol]
    stm32f4xx_it.o(.ARM.exidx.text.MemManage_Handler) refers to stm32f4xx_it.o(.text.MemManage_Handler) for [Anonymous Symbol]
    stm32f4xx_it.o(.ARM.exidx.text.BusFault_Handler) refers to stm32f4xx_it.o(.text.BusFault_Handler) for [Anonymous Symbol]
    stm32f4xx_it.o(.ARM.exidx.text.UsageFault_Handler) refers to stm32f4xx_it.o(.text.UsageFault_Handler) for [Anonymous Symbol]
    stm32f4xx_it.o(.ARM.exidx.text.DebugMon_Handler) refers to stm32f4xx_it.o(.text.DebugMon_Handler) for [Anonymous Symbol]
    thled1.o(.text.Init_Thled1) refers to thled1.o(.text.InitLed1) for InitLed1
    thled1.o(.text.Init_Thled1) refers to thled1.o(.text.Thled1) for Thled1
    thled1.o(.text.Init_Thled1) refers to thled1.o(.bss.led1) for led1
    thled1.o(.text.Init_Thled1) refers to rtx_thread.o(.text.osThreadNew) for osThreadNew
    thled1.o(.text.Init_Thled1) refers to thled1.o(.bss.thled1) for thled1
    thled1.o(.ARM.exidx.text.Init_Thled1) refers to thled1.o(.text.Init_Thled1) for [Anonymous Symbol]
    thled1.o(.text.InitLed1) refers to thled1.o(.bss.led1) for led1
    thled1.o(.ARM.exidx.text.InitLed1) refers to thled1.o(.text.InitLed1) for [Anonymous Symbol]
    thled1.o(.text.Thled1) refers to stm32f4xx_hal_gpio.o(.text.HAL_GPIO_Init) for HAL_GPIO_Init
    thled1.o(.text.Thled1) refers to stm32f4xx_hal_gpio.o(.text.HAL_GPIO_TogglePin) for HAL_GPIO_TogglePin
    thled1.o(.text.Thled1) refers to rtx_thread.o(.text.osThreadFlagsWait) for osThreadFlagsWait
    thled1.o(.text.Thled1) refers to rtx_thread.o(.text.osThreadYield) for osThreadYield
    thled1.o(.ARM.exidx.text.Thled1) refers to thled1.o(.text.Thled1) for [Anonymous Symbol]
    thled3.o(.text.Init_Thled3) refers to thled3.o(.text.InitLed3) for InitLed3
    thled3.o(.text.Init_Thled3) refers to thled3.o(.text.Thled3) for Thled3
    thled3.o(.text.Init_Thled3) refers to thled3.o(.bss.led3) for led3
    thled3.o(.text.Init_Thled3) refers to rtx_thread.o(.text.osThreadNew) for osThreadNew
    thled3.o(.text.Init_Thled3) refers to thled3.o(.bss.thled3) for thled3
    thled3.o(.ARM.exidx.text.Init_Thled3) refers to thled3.o(.text.Init_Thled3) for [Anonymous Symbol]
    thled3.o(.text.InitLed3) refers to thled3.o(.bss.led3) for led3
    thled3.o(.ARM.exidx.text.InitLed3) refers to thled3.o(.text.InitLed3) for [Anonymous Symbol]
    thled3.o(.text.Thled3) refers to stm32f4xx_hal_gpio.o(.text.HAL_GPIO_Init) for HAL_GPIO_Init
    thled3.o(.text.Thled3) refers to rtx_thread.o(.text.osThreadFlagsWait) for osThreadFlagsWait
    thled3.o(.text.Thled3) refers to stm32f4xx_hal_gpio.o(.text.HAL_GPIO_TogglePin) for HAL_GPIO_TogglePin
    thled3.o(.text.Thled3) refers to rtx_thread.o(.text.osThreadYield) for osThreadYield
    thled3.o(.ARM.exidx.text.Thled3) refers to thled3.o(.text.Thled3) for [Anonymous Symbol]
    main.o(.text.HAL_GetTick) refers to rtx_kernel.o(.text.osKernelGetState) for osKernelGetState
    main.o(.text.HAL_GetTick) refers to rtx_kernel.o(.text.osKernelGetTickCount) for osKernelGetTickCount
    main.o(.text.HAL_GetTick) refers to system_stm32f4xx.o(.data.SystemCoreClock) for SystemCoreClock
    main.o(.text.HAL_GetTick) refers to main.o(.bss.HAL_GetTick.ticks) for HAL_GetTick.ticks
    main.o(.ARM.exidx.text.HAL_GetTick) refers to main.o(.text.HAL_GetTick) for [Anonymous Symbol]
    main.o(.text.main) refers to stm32f4xx_hal.o(.text.HAL_Init) for HAL_Init
    main.o(.text.main) refers to main.o(.text.SystemClock_Config) for SystemClock_Config
    main.o(.text.main) refers to system_stm32f4xx.o(.text.SystemCoreClockUpdate) for SystemCoreClockUpdate
    main.o(.text.main) refers to rtx_kernel.o(.text.osKernelInitialize) for osKernelInitialize
    main.o(.text.main) refers to thled1.o(.text.Init_Thled1) for Init_Thled1
    main.o(.text.main) refers to thled3.o(.text.Init_Thled3) for Init_Thled3
    main.o(.text.main) refers to timer.o(.text.Init_Timers) for Init_Timers
    main.o(.text.main) refers to thjoy.o(.text.Init_Thjoy) for Init_Thjoy
    main.o(.text.main) refers to rtx_kernel.o(.text.osKernelStart) for osKernelStart
    main.o(.ARM.exidx.text.main) refers to main.o(.text.main) for [Anonymous Symbol]
    main.o(.text.SystemClock_Config) refers to stm32f4xx_hal_rcc.o(.text.HAL_RCC_OscConfig) for HAL_RCC_OscConfig
    main.o(.text.SystemClock_Config) refers to stm32f4xx_hal_rcc.o(.text.HAL_RCC_ClockConfig) for HAL_RCC_ClockConfig
    main.o(.text.SystemClock_Config) refers to stm32f4xx_hal.o(.text.HAL_GetREVID) for HAL_GetREVID
    main.o(.ARM.exidx.text.SystemClock_Config) refers to main.o(.text.SystemClock_Config) for [Anonymous Symbol]
[...]
    ThreadFlagsCheck                         0x0800132b   Thumb Code   100  rtx_thread.o(.text.ThreadFlagsCheck)
    [Anonymous Symbol]                       0x0800132a   Section        0  rtx_thread.o(.text.ThreadFlagsCheck)
    [Anonymous Symbol]                       0x08001390   Section        0  timer.o(.text.Thtimer)
    Timer1_Callback                          0x080013d9   Thumb Code    36  timer.o(.text.Timer1_Callback)
    [Anonymous Symbol]                       0x080013d8   Section        0  timer.o(.text.Timer1_Callback)
    TimerInsert                              0x080013fd   Thumb Code    68  rtx_timer.o(.text.TimerInsert)
    [Anonymous Symbol]                       0x080013fc   Section        0  rtx_timer.o(.text.TimerInsert)
    TimerRemove                              0x08001441   Thumb Code    36  rtx_timer.o(.text.TimerRemove)
    [Anonymous Symbol]                       0x08001440   Section        0  rtx_timer.o(.text.TimerRemove)
    [Anonymous Symbol]                       0x08001464   Section        0  stm32f4xx_it.o(.text.UsageFault_Handler)
    __NVIC_EnableIRQ                         0x08001469   Thumb Code    32  stm32f4xx_hal_cortex.o(.text.__NVIC_EnableIRQ)
    [Anonymous Symbol]                       0x08001468   Section        0  stm32f4xx_hal_cortex.o(.text.__NVIC_EnableIRQ)
    __NVIC_GetPriorityGrouping               0x08001489   Thumb Code    16  stm32f4xx_hal_cortex.o(.text.__NVIC_GetPriorityGrouping)
    [Anonymous Symbol]                       0x08001488   Section        0  stm32f4xx_hal_cortex.o(.text.__NVIC_GetPriorityGrouping)
    __NVIC_SetPriority                       0x08001499   Thumb Code    34  stm32f4xx_hal_cortex.o(.text.__NVIC_SetPriority)
    [Anonymous Symbol]                       0x08001498   Section        0  stm32f4xx_hal_cortex.o(.text.__NVIC_SetPriority)
    __NVIC_SetPriorityGrouping               0x080014bd   Thumb Code    32  stm32f4xx_hal_cortex.o(.text.__NVIC_SetPriorityGrouping)
    [Anonymous Symbol]                       0x080014bc   Section        0  stm32f4xx_hal_cortex.o(.text.__NVIC_SetPriorityGrouping)
    __tagsym$$used.1                         0x080014dc   Number         0  rtx_lib.o(.text._mutex_acquire)
    [Anonymous Symbol]                       0x080014dc   Section        0  rtx_lib.o(.text._mutex_acquire)
    __tagsym$$used.3                         0x080014f8   Number         0  rtx_lib.o(.text._mutex_free)
    [Anonymous Symbol]                       0x080014f8   Section        0  rtx_lib.o(.text._mutex_free)
    __tagsym$$used.0                         0x08001504   Number         0  rtx_lib.o(.text._mutex_initialize)
    [Anonymous Symbol]                       0x08001504   Section        0  rtx_lib.o(.text._mutex_initialize)
    __tagsym$$used.2                         0x08001524   Number         0  rtx_lib.o(.text._mutex_release)
    [Anonymous Symbol]                       0x08001524   Section        0  rtx_lib.o(.text._mutex_release)
    [Anonymous Symbol]                       0x0800153c   Section        0  rtx_lib.o(.text._platform_post_stackheap_init)
    [Anonymous Symbol]                       0x08001544   Section        0  main.o(.text.main)
    [Anonymous Symbol]                       0x0800156c   Section        0  rtx_kernel.o(.text.osKernelGetState)
    __arm_cp.5_0                             0x08001594   Number         4  rtx_kernel.o(.text.osKernelGetState)
    [Anonymous Symbol]                       0x08001598   Section        0  rtx_kernel.o(.text.osKernelGetTickCount)
    __arm_cp.13_0                            0x080015b8   Number         4  rtx_kernel.o(.text.osKernelGetTickCount)
    __arm_cp.13_1                            0x080015bc   Number         4  rtx_kernel.o(.text.osKernelGetTickCount)
    [Anonymous Symbol]                       0x080015c0   Section        0  rtx_kernel.o(.text.osKernelInitialize)
    __arm_cp.2_0                             0x080015e8   Number         4  rtx_kernel.o(.text.osKernelInitialize)
    [Anonymous Symbol]                       0x080015ec   Section        0  rtx_kernel.o(.text.osKernelStart)
    __arm_cp.7_0                             0x0800160c   Number         4  rtx_kernel.o(.text.osKernelStart)
    [Anonymous Symbol]                       0x08001610   Section        0  rtx_msgqueue.o(.text.osMessageQueueGet)
    __arm_cp.5_0                             0x0800167c   Number         4  rtx_msgqueue.o(.text.osMessageQueueGet)
    [Anonymous Symbol]                       0x08001680   Section        0  rtx_msgqueue.o(.text.osMessageQueuePut)
    __arm_cp.4_0                             0x080016fc   Number         4  rtx_msgqueue.o(.text.osMessageQueuePut)
    [Anonymous Symbol]                       0x08001700   Section        0  rtx_mutex.o(.text.osMutexAcquire)
    __arm_cp.4_0                             0x08001720   Number         4  rtx_mutex.o(.text.osMutexAcquire)
    [Anonymous Symbol]                       0x08001724   Section        0  rtx_mutex.o(.text.osMutexDelete)
    __arm_cp.7_0                             0x08001744   Number         4  rtx_mutex.o(.text.osMutexDelete)
    [Anonymous Symbol]                       0x08001748   Section        0  rtx_mutex.o(.text.osMutexNew)
    __arm_cp.2_0                             0x08001768   Number         4  rtx_mutex.o(.text.osMutexNew)
    [Anonymous Symbol]                       0x0800176c   Section        0  rtx_mutex.o(.text.osMutexRelease)
    __arm_cp.5_0                             0x0800178c   Number         4  rtx_mutex.o(.text.osMutexRelease)
    [Anonymous Symbol]                       0x08001790   Section        0  rtx_config.o(.text.osRtxErrorNotify)
    [Anonymous Symbol]                       0x08001794   Section        0  rtx_config.o(.text.osRtxIdleThread)
    [Anonymous Symbol]                       0x08001796   Section        0  rtx_kernel.o(.text.osRtxKernelErrorNotify)
    [Anonymous Symbol]                       0x0800179a   Section        0  rtx_kernel.o(.text.osRtxKernelPreInit)
    [Anonymous Symbol]                       0x0800179c   Section        0  rtx_memory.o(.text.osRtxMemoryAlloc)
    [Anonymous Symbol]                       0x08001808   Section        0  rtx_memory.o(.text.osRtxMemoryFree)
    [Anonymous Symbol]                       0x0800184a   Section        0  rtx_memory.o(.text.osRtxMemoryInit)
    [Anonymous Symbol]                       0x08001880   Section        0  rtx_mempool.o(.text.osRtxMemoryPoolAlloc)
    [Anonymous Symbol]                       0x080018ba   Section        0  rtx_mempool.o(.text.osRtxMemoryPoolFree)
    [Anonymous Symbol]                       0x08001904   Section        0  rtx_mempool.o(.text.osRtxMemoryPoolInit)
    osRtxMessageQueuePostProcess             0x0800193d   Thumb Code   170  rtx_msgqueue.o(.text.osRtxMessageQueuePostProcess)
    [Anonymous Symbol]                       0x0800193c   Section        0  rtx_msgqueue.o(.text.osRtxMessageQueuePostProcess)
    [Anonymous Symbol]                       0x080019e8   Section        0  rtx_msgqueue.o(.text.osRtxMessageQueueTimerSetup)
    __arm_cp.0_0                             0x08001a08   Number         4  rtx_msgqueue.o(.text.osRtxMessageQueueTimerSetup)
    [Anonymous Symbol]                       0x08001a0c   Section        0  rtx_mutex.o(.text.osRtxMutexOwnerRelease)
    [Anonymous Symbol]                       0x08001a54   Section        0  rtx_mutex.o(.text.osRtxMutexOwnerRestore)
    [Anonymous Symbol]                       0x08001a9c   Section        0  rtx_system.o(.text.osRtxPendSV_Handler)
    [Anonymous Symbol]                       0x08001b24   Section        0  rtx_system.o(.text.osRtxPostProcess)
    __arm_cp.2_1                             0x08001b90   Number         4  rtx_system.o(.text.osRtxPostProcess)
    osRtxThreadBlock                         0x08001b95   Thumb Code    52  rtx_thread.o(.text.osRtxThreadBlock)
    [Anonymous Symbol]                       0x08001b94   Section        0  rtx_thread.o(.text.osRtxThreadBlock)
    osRtxThreadDelayInsert                   0x08001bc9   Thumb Code   124  rtx_thread.o(.text.osRtxThreadDelayInsert)
    [Anonymous Symbol]                       0x08001bc8   Section        0  rtx_thread.o(.text.osRtxThreadDelayInsert)
    osRtxThreadDelayRemove                   0x08001c45   Thumb Code    60  rtx_thread.o(.text.osRtxThreadDelayRemove)
    [Anonymous Symbol]                       0x08001c44   Section        0  rtx_thread.o(.text.osRtxThreadDelayRemove)
    [Anonymous Symbol]                       0x08001c80   Section        0  rtx_thread.o(.text.osRtxThreadDelayTick)
    osRtxThreadDestroy                       0x08001cd1   Thumb Code    32  rtx_thread.o(.text.osRtxThreadDestroy)
    [Anonymous Symbol]                       0x08001cd0   Section        0  rtx_thread.o(.text.osRtxThreadDestroy)
    [Anonymous Symbol]                       0x08001cf0   Section        0  rtx_thread.o(.text.osRtxThreadDispatch)
    osRtxThreadFree                          0x08001d41   Thumb Code    84  rtx_thread.o(.text.osRtxThreadFree)
    [Anonymous Symbol]                       0x08001d40   Section        0  rtx_thread.o(.text.osRtxThreadFree)
    __arm_cp.51_0                            0x08001d94   Number         4  rtx_thread.o(.text.osRtxThreadFree)
    osRtxThreadJoinWakeup                    0x08001d99   Thumb Code    30  rtx_thread.o(.text.osRtxThreadJoinWakeup)
    [Anonymous Symbol]                       0x08001d98   Section        0  rtx_thread.o(.text.osRtxThreadJoinWakeup)
    [Anonymous Symbol]                       0x08001db6   Section        0  rtx_thread.o(.text.osRtxThreadListGet)
    [Anonymous Symbol]                       0x08001dc8   Section        0  rtx_thread.o(.text.osRtxThreadListPut)
    [Anonymous Symbol]                       0x08001df4   Section        0  rtx_thread.o(.text.osRtxThreadListRemove)
    [Anonymous Symbol]                       0x08001e08   Section        0  rtx_thread.o(.text.osRtxThreadListSort)
    osRtxThreadPostProcess                   0x08001e2f   Thumb Code    40  rtx_thread.o(.text.osRtxThreadPostProcess)
    [Anonymous Symbol]                       0x08001e2e   Section        0  rtx_thread.o(.text.osRtxThreadPostProcess)
    [Anonymous Symbol]                       0x08001e58   Section        0  rtx_thread.o(.text.osRtxThreadReadyPut)
    __arm_cp.4_0                             0x08001e68   Number         4  rtx_thread.o(.text.osRtxThreadReadyPut)
    [Anonymous Symbol]                       0x08001e6c   Section        0  rtx_thread.o(.text.osRtxThreadRegPtr)
    [Anonymous Symbol]                       0x08001e74   Section        0  rtx_thread.o(.text.osRtxThreadStartup)
    __arm_cp.14_0                            0x08001ea4   Number         4  rtx_thread.o(.text.osRtxThreadStartup)
    __arm_cp.14_1                            0x08001ea8   Number         4  rtx_thread.o(.text.osRtxThreadStartup)
    [Anonymous Symbol]                       0x08001eac   Section        0  rtx_thread.o(.text.osRtxThreadSwitch)
    [Anonymous Symbol]                       0x08001eb8   Section        0  rtx_thread.o(.text.osRtxThreadWaitEnter)
    __arm_cp.12_0                            0x08001ef0   Number         4  rtx_thread.o(.text.osRtxThreadWaitEnter)
    [Anonymous Symbol]                       0x08001ef4   Section        0  rtx_thread.o(.text.osRtxThreadWaitExit)
    [Anonymous Symbol]                       0x08001f18   Section        0  rtx_system.o(.text.osRtxTick_Handler)
    [Anonymous Symbol]                       0x08001f8c   Section        0  rtx_timer.o(.text.osRtxTimerSetup)
    __arm_cp.0_0                             0x08001fa4   Number         4  rtx_timer.o(.text.osRtxTimerSetup)
    __arm_cp.0_1                             0x08001fa8   Number         4  rtx_timer.o(.text.osRtxTimerSetup)
    [Anonymous Symbol]                       0x08001fac   Section        0  rtx_timer.o(.text.osRtxTimerThread)
    osRtxTimerTick                           0x08001fcd   Thumb Code   108  rtx_timer.o(.text.osRtxTimerTick)
    [Anonymous Symbol]                       0x08001fcc   Section        0  rtx_timer.o(.text.osRtxTimerTick)
    __arm_cp.1_0                             0x08002038   Number         4  rtx_timer.o(.text.osRtxTimerTick)
    [Anonymous Symbol]                       0x0800203c   Section        0  rtx_thread.o(.text.osThreadExit)
    __arm_cp.30_0                            0x08002044   Number         4  rtx_thread.o(.text.osThreadExit)
    [Anonymous Symbol]                       0x08002048   Section        0  rtx_thread.o(.text.osThreadFlagsSet)
    __arm_cp.34_0                            0x0800209c   Number         4  rtx_thread.o(.text.osThreadFlagsSet)
    [Anonymous Symbol]                       0x080020a0   Section        0  rtx_thread.o(.text.osThreadFlagsWait)
    __arm_cp.37_0                            0x080020c0   Number         4  rtx_thread.o(.text.osThreadFlagsWait)
    [Anonymous Symbol]                       0x080020c4   Section        0  rtx_thread.o(.text.osThreadNew)
    __arm_cp.16_0                            0x080020e4   Number         4  rtx_thread.o(.text.osThreadNew)
    [Anonymous Symbol]                       0x080020e8   Section        0  rtx_thread.o(.text.osThreadYield)
    __arm_cp.25_0                            0x08002108   Number         4  rtx_thread.o(.text.osThreadYield)
    [Anonymous Symbol]                       0x0800210c   Section        0  rtx_timer.o(.text.osTimerNew)
    __arm_cp.3_0                             0x0800212c   Number         4  rtx_timer.o(.text.osTimerNew)
    [Anonymous Symbol]                       0x08002130   Section        0  rtx_timer.o(.text.osTimerStart)
    __arm_cp.5_0                             0x08002150   Number         4  rtx_timer.o(.text.osTimerStart)
    os_kernel_is_active                      0x08002155   Thumb Code    30  rtx_lib.o(.text.os_kernel_is_active)
    [Anonymous Symbol]                       0x08002154   Section        0  rtx_lib.o(.text.os_kernel_is_active)
    svcRtxKernelGetState                     0x08002175   Thumb Code     8  rtx_kernel.o(.text.svcRtxKernelGetState)
    [Anonymous Symbol]                       0x08002174   Section        0  rtx_kernel.o(.text.svcRtxKernelGetState)
    svcRtxKernelGetTickCount                 0x0800217d   Thumb Code     8  rtx_kernel.o(.text.svcRtxKernelGetTickCount)
    [Anonymous Symbol]                       0x0800217c   Section        0  rtx_kernel.o(.text.svcRtxKernelGetTickCount)
    __arm_cp.14_0                            0x08002184   Number         4  rtx_kernel.o(.text.svcRtxKernelGetTickCount)
    svcRtxKernelInitialize                   0x08002189   Thumb Code   244  rtx_kernel.o(.text.svcRtxKernelInitialize)
    [Anonymous Symbol]                       0x08002188   Section        0  rtx_kernel.o(.text.svcRtxKernelInitialize)
    __arm_cp.21_0                            0x0800227c   Number         4  rtx_kernel.o(.text.svcRtxKernelInitialize)
    __arm_cp.21_2                            0x08002280   Number         4  rtx_kernel.o(.text.svcRtxKernelInitialize)
    svcRtxKernelStart                        0x08002285   Thumb Code   124  rtx_kernel.o(.text.svcRtxKernelStart)
    [Anonymous Symbol]                       0x08002284   Section        0  rtx_kernel.o(.text.svcRtxKernelStart)
    __arm_cp.22_0                            0x08002300   Number         4  rtx_kernel.o(.text.svcRtxKernelStart)
    __arm_cp.22_1                            0x08002304   Number         4  rtx_kernel.o(.text.svcRtxKernelStart)
    __arm_cp.22_2                            0x08002308   Number         4  rtx_kernel.o(.text.svcRtxKernelStart)
    __arm_cp.22_3                            0x0800230c   Number         4  rtx_kernel.o(.text.svcRtxKernelStart)
    svcRtxMessageQueueGet                    0x08002311   Thumb Code   200  rtx_msgqueue.o(.text.svcRtxMessageQueueGet)
    [Anonymous Symbol]                       0x08002310   Section        0  rtx_msgqueue.o(.text.svcRtxMessageQueueGet)
    svcRtxMessageQueueNew                    0x080023d9   Thumb Code   272  rtx_msgqueue.o(.text.svcRtxMessageQueueNew)
    [Anonymous Symbol]                       0x080023d8   Section        0  rtx_msgqueue.o(.text.svcRtxMessageQueueNew)
    __arm_cp.1_0                             0x080024e8   Number         4  rtx_msgqueue.o(.text.svcRtxMessageQueueNew)
    __arm_cp.1_1                             0x080024ec   Number         4  rtx_msgqueue.o(.text.svcRtxMessageQueueNew)
    svcRtxMessageQueuePut                    0x080024f1   Thumb Code   168  rtx_msgqueue.o(.text.svcRtxMessageQueuePut)
    [Anonymous Symbol]                       0x080024f0   Section        0  rtx_msgqueue.o(.text.svcRtxMessageQueuePut)
    svcRtxMutexAcquire                       0x08002599   Thumb Code   140  rtx_mutex.o(.text.svcRtxMutexAcquire)
    [Anonymous Symbol]                       0x08002598   Section        0  rtx_mutex.o(.text.svcRtxMutexAcquire)
    __arm_cp.10_0                            0x08002624   Number         4  rtx_mutex.o(.text.svcRtxMutexAcquire)
    svcRtxMutexDelete                        0x08002629   Thumb Code   172  rtx_mutex.o(.text.svcRtxMutexDelete)
    [Anonymous Symbol]                       0x08002628   Section        0  rtx_mutex.o(.text.svcRtxMutexDelete)
    svcRtxMutexNew                           0x080026d5   Thumb Code   100  rtx_mutex.o(.text.svcRtxMutexNew)
    [Anonymous Symbol]                       0x080026d4   Section        0  rtx_mutex.o(.text.svcRtxMutexNew)
    __arm_cp.8_0                             0x08002738   Number         4  rtx_mutex.o(.text.svcRtxMutexNew)
    svcRtxMutexRelease                       0x0800273d   Thumb Code   176  rtx_mutex.o(.text.svcRtxMutexRelease)
    [Anonymous Symbol]                       0x0800273c   Section        0  rtx_mutex.o(.text.svcRtxMutexRelease)
    __arm_cp.11_0                            0x080027ec   Number         4  rtx_mutex.o(.text.svcRtxMutexRelease)
    svcRtxThreadExit                         0x080027f1   Thumb Code    72  rtx_thread.o(.text.svcRtxThreadExit)
    [Anonymous Symbol]                       0x080027f0   Section        0  rtx_thread.o(.text.svcRtxThreadExit)
    __arm_cp.53_0                            0x08002838   Number         4  rtx_thread.o(.text.svcRtxThreadExit)
    svcRtxThreadFlagsSet                     0x0800283d   Thumb Code   102  rtx_thread.o(.text.svcRtxThreadFlagsSet)
    [Anonymous Symbol]                       0x0800283c   Section        0  rtx_thread.o(.text.svcRtxThreadFlagsSet)
    svcRtxThreadFlagsWait                    0x080028a5   Thumb Code    72  rtx_thread.o(.text.svcRtxThreadFlagsWait)
    [Anonymous Symbol]                       0x080028a4   Section        0  rtx_thread.o(.text.svcRtxThreadFlagsWait)
    __arm_cp.62_0                            0x080028ec   Number         4  rtx_thread.o(.text.svcRtxThreadFlagsWait)
    svcRtxThreadNew                          0x080028f1   Thumb Code   472  rtx_thread.o(.text.svcRtxThreadNew)
    [Anonymous Symbol]                       0x080028f0   Section        0  rtx_thread.o(.text.svcRtxThreadNew)
    __arm_cp.15_0                            0x08002ac8   Number         4  rtx_thread.o(.text.svcRtxThreadNew)
    __arm_cp.15_1                            0x08002acc   Number         4  rtx_thread.o(.text.svcRtxThreadNew)
    __arm_cp.15_2                            0x08002ad0   Number         4  rtx_thread.o(.text.svcRtxThreadNew)
    __arm_cp.15_3                            0x08002ad4   Number         4  rtx_thread.o(.text.svcRtxThreadNew)
    __arm_cp.15_4                            0x08002ad8   Number         4  rtx_thread.o(.text.svcRtxThreadNew)
    svcRtxThreadYield                        0x08002add   Thumb Code    52  rtx_thread.o(.text.svcRtxThreadYield)
    [Anonymous Symbol]                       0x08002adc   Section        0  rtx_thread.o(.text.svcRtxThreadYield)
    __arm_cp.46_0                            0x08002b10   Number         4  rtx_thread.o(.text.svcRtxThreadYield)
    svcRtxTimerNew                           0x08002b15   Thumb Code   116  rtx_timer.o(.text.svcRtxTimerNew)
    [Anonymous Symbol]                       0x08002b14   Section        0  rtx_timer.o(.text.svcRtxTimerNew)
    svcRtxTimerStart                         0x08002b89   Thumb Code    68  rtx_timer.o(.text.svcRtxTimerStart)
    [Anonymous Symbol]                       0x08002b88   Section        0  rtx_timer.o(.text.svcRtxTimerStart)
    __arm_cp.12_0                            0x08002bcc   Number         4  rtx_timer.o(.text.svcRtxTimerStart)
    __tagsym$$used.4                         0x08002bd0   Number         0  rtx_lib.o(.rodata)
    __tagsym$$used.5                         0x08002c40   Number         0  rtx_lib.o(.rodata)
    os_idle_thread_attr                      0x08002c8c   Data          36  rtx_lib.o(.rodata.os_idle_thread_attr)
    [Anonymous Symbol]                       0x08002c8c   Section        0  rtx_lib.o(.rodata.os_idle_thread_attr)
    os_timer_mq_attr                         0x08002cb0   Data          24  rtx_lib.o(.rodata.os_timer_mq_attr)
    [Anonymous Symbol]                       0x08002cb0   Section        0  rtx_lib.o(.rodata.os_timer_mq_attr)
    os_timer_thread_attr                     0x08002cc8   Data          36  rtx_lib.o(.rodata.os_timer_thread_attr)
    [Anonymous Symbol]                       0x08002cc8   Section        0  rtx_lib.o(.rodata.os_timer_thread_attr)
    [Anonymous Symbol]                       0x08002cec   Section        0  rtx_kernel.o(.rodata.str1.4)
    .bss                                     0x200000b0   Section       96  libspace.o(.bss)
    HAL_GetTick.ticks                        0x20000110   Data           4  main.o(.bss.HAL_GetTick.ticks)
    [Anonymous Symbol]                       0x20000110   Section        0  main.o(.bss.HAL_GetTick.ticks)
    exec1                                    0x20000114   Data           4  timer.o(.bss.exec1)
    [Anonymous Symbol]                       0x20000114   Section        0  timer.o(.bss.exec1)
    os_isr_queue                             0x20000160   Data          64  rtx_lib.o(.bss.os)
    [Anonymous Symbol]                       0x20000160   Section        0  rtx_lib.o(.bss.os)
    os_mem                                   0x200001a0   Data       32768  rtx_lib.o(.bss.os)
    PendST                                   0x200081a0   Data           1  os_systick.o(.bss.os)
    [Anonymous Symbol]                       0x200081a0   Section        0  os_systick.o(.bss.os)
    os_timer_mq_cb                           0x200081a4   Data          52  rtx_lib.o(.bss.os.msgqueue.cb)
    [Anonymous Symbol]                       0x200081a4   Section        0  rtx_lib.o(.bss.os.msgqueue.cb)
    os_timer_mq_data                         0x200081d8   Data          80  rtx_lib.o(.bss.os.msgqueue.mem)
    [Anonymous Symbol]                       0x200081d8   Section        0  rtx_lib.o(.bss.os.msgqueue.mem)
    os_idle_thread_cb                        0x20008228   Data          68  rtx_lib.o(.bss.os.thread.cb)
    [Anonymous Symbol]                       0x20008228   Section        0  rtx_lib.o(.bss.os.thread.cb)
    os_timer_thread_cb                       0x2000826c   Data          68  rtx_lib.o(.bss.os.thread.cb)
    os_idle_thread_stack                     0x200082b0   Data         512  rtx_lib.o(.bss.os.thread.idle.stack)
    [Anonymous Symbol]                       0x200082b0   Section        0  rtx_lib.o(.bss.os.thread.idle.stack)
    os_timer_thread_stack                    0x200084b0   Data         512  rtx_lib.o(.bss.os.thread.timer.stack)
    [Anonymous Symbol]                       0x200084b0   Section        0  rtx_lib.o(.bss.os.thread.timer.stack)
    os_kernel_is_active.os_kernel_active     0x200086b0   Data           1  rtx_lib.o(.bss.os_kernel_is_active.os_kernel_active)
    [Anonymous Symbol]                       0x200086b0   Section        0  rtx_lib.o(.bss.os_kernel_is_active.os_kernel_active)
    Heap_Mem                                 0x200086c8   Data         512  startup_stm32f429xx.o(HEAP)
    HEAP                                     0x200086c8   Section      512  startup_stm32f429xx.o(HEAP)
    Stack_Mem                                0x200088c8   Data        1024  startup_stm32f429xx.o(STACK)
    STACK                                    0x200088c8   Section     1024  startup_stm32f429xx.o(STACK)
    __initial_sp                             0x20008cc8   Data           0  startup_stm32f429xx.o(STACK)
    FPCCR                                    0xe000ef34   Number         0  irq_armv7m.o ABSOLUTE

    Global Symbols

    Symbol Name                              Value     Ov Type        Size  Object(Section)

    BuildAttributes$$THM_ISAv4$E$P$D$K$B$S$7EM$PE$A:L22UL41UL21$X:L11$S22US41US21$IEEE1$IW$~IW$USESV6$~STKCKD$USESV7$~SHL$OTIME$ROPI$EBA8$UX$STANDARDLIB$REQ8$PRES8$EABIv2 0x00000000   Number         0  anon$$obj.o ABSOLUTE
    __fp_init_empty                          0x00000000   Number         0  fpinit_empty.o ABSOLUTE
    .bss.os.evflags.cb$$Base                  - Undefined Weak Reference
    .bss.os.evflags.cb$$Limit                 - Undefined Weak Reference
    .bss.os.mempool.cb$$Base                  - Undefined Weak Reference
    .bss.os.mempool.cb$$Limit                 - Undefined Weak Reference
    .bss.os.mutex.cb$$Base                    - Undefined Weak Reference
    .bss.os.mutex.cb$$Limit                   - Undefined Weak Reference
    .bss.os.semaphore.cb$$Base                - Undefined Weak Reference
    .bss.os.semaphore.cb$$Limit               - Undefined Weak Reference
    .bss.os.timer.cb$$Base                    - Undefined Weak Reference
    .bss.os.timer.cb$$Limit                   - Undefined Weak Reference
    __ARM_exceptions_init                     - Undefined Weak Reference
    __alloca_initialize                       - Undefined Weak Reference
    __arm_preinit_                            - Undefined Weak Reference
    __cpp_initialize__aeabi_                  - Undefined Weak Reference
    __cxa_finalize                            - Undefined Weak Reference
    __rt_locale                               - Undefined Weak Reference
    __sigvec_lookup                           - Undefined Weak Reference
    _atexit_init                              - Undefined Weak Reference
    _call_atexit_fns                          - Undefined Weak Reference
    _clock_init                               - Undefined Weak Reference
    _fp_trap_init                             - Undefined Weak Reference
    _fp_trap_shutdown                         - Undefined Weak Reference
    _get_lc_collate                           - Undefined Weak Reference
    _get_lc_ctype                             - Undefined Weak Reference
    _get_lc_monetary                          - Undefined Weak Reference
    _get_lc_numeric                           - Undefined Weak Reference
    _get_lc_time                              - Undefined Weak Reference
    _getenv_init                              - Undefined Weak Reference
    _handle_redirection                       - Undefined Weak Reference
    _init_alloc                               - Undefined Weak Reference
    _init_user_alloc                          - Undefined Weak Reference
    _initio                                   - Undefined Weak Reference
    _rand_init                                - Undefined Weak Reference
    _signal_finish                            - Undefined Weak Reference
    _signal_init                              - Undefined Weak Reference
    _terminate_alloc                          - Undefined Weak Reference
    _terminate_user_alloc                     - Undefined Weak Reference
    _terminateio                              - Undefined Weak Reference
    __Vectors_Size                           0x000001ac   Number         0  startup_stm32f429xx.o ABSOLUTE
    __Vectors                                0x08000000   Data           4  startup_stm32f429xx.o(RESET)
    __Vectors_End                            0x080001ac   Data           0  startup_stm32f429xx.o(RESET)
    __main                                   0x080001ad   Thumb Code     8  __main.o(!!!main)
    __scatterload                            0x080001b5   Thumb Code     0  __scatter.o(!!!scatter)
    __scatterload_rt2                        0x080001b5   Thumb Code    44  __scatter.o(!!!scatter)
    __scatterload_rt2_thumb_only             0x080001b5   Thumb Code     0  __scatter.o(!!!scatter)
    __scatterload_null                       0x080001c3   Thumb Code     0  __scatter.o(!!!scatter)
    __scatterload_copy                       0x080001e9   Thumb Code    26  __scatter_copy.o(!!handler_copy)
    __scatterload_zeroinit                   0x08000205   Thumb Code    28  __scatter_zi.o(!!handler_zi)
    __rt_lib_init                            0x08000221   Thumb Code     0  libinit.o(.ARM.Collect$$libinit$$00000000)
    __rt_lib_init_alloca_1                   0x08000223   Thumb Code     0  libinit2.o(.ARM.Collect$$libinit$$0000002E)
    __rt_lib_init_argv_1                     0x08000223   Thumb Code     0  libinit2.o(.ARM.Collect$$libinit$$0000002C)
    __rt_lib_init_atexit_1                   0x08000223   Thumb Code     0  libinit2.o(.ARM.Collect$$libinit$$0000001B)
    __rt_lib_init_clock_1                    0x08000223   Thumb Code     0  libinit2.o(.ARM.Collect$$libinit$$00000021)
    __rt_lib_init_cpp_1                      0x08000223   Thumb Code     0  libinit2.o(.ARM.Collect$$libinit$$00000032)
    __rt_lib_init_exceptions_1               0x08000223   Thumb Code     0  libinit2.o(.ARM.Collect$$libinit$$00000030)
    __rt_lib_init_fp_1                       0x08000223   Thumb Code     0  libinit2.o(.ARM.Collect$$libinit$$00000002)
    __rt_lib_init_fp_trap_1                  0x08000223   Thumb Code     0  libinit2.o(.ARM.Collect$$libinit$$0000001F)
    __rt_lib_init_getenv_1                   0x08000223   Thumb Code     0  libinit2.o(.ARM.Collect$$libinit$$00000023)
    __rt_lib_init_heap_1                     0x08000223   Thumb Code     0  libinit2.o(.ARM.Collect$$libinit$$0000000A)
    __rt_lib_init_lc_collate_1               0x08000223   Thumb Code     0  libinit2.o(.ARM.Collect$$libinit$$00000011)
    __rt_lib_init_lc_ctype_1                 0x08000223   Thumb Code     0  libinit2.o(.ARM.Collect$$libinit$$00000013)
    __rt_lib_init_lc_monetary_1              0x08000223   Thumb Code     0  libinit2.o(.ARM.Collect$$libinit$$00000015)
    __rt_lib_init_lc_numeric_1               0x08000223   Thumb Code     0  libinit2.o(.ARM.Collect$$libinit$$00000017)
    __rt_lib_init_lc_time_1                  0x08000223   Thumb Code     0  libinit2.o(.ARM.Collect$$libinit$$00000019)
    __rt_lib_init_preinit_1                  0x08000223   Thumb Code     0  libinit2.o(.ARM.Collect$$libinit$$00000004)
    __rt_lib_init_rand_1                     0x08000223   Thumb Code     0  libinit2.o(.ARM.Collect$$libinit$$0000000E)
    __rt_lib_init_return                     0x08000223   Thumb Code     0  libinit2.o(.ARM.Collect$$libinit$$00000033)
    __rt_lib_init_signal_1                   0x08000223   Thumb Code     0  libinit2.o(.ARM.Collect$$libinit$$0000001D)
    __rt_lib_init_stdio_1                    0x08000223   Thumb Code     0  libinit2.o(.ARM.Collect$$libinit$$00000025)
    __rt_lib_init_user_alloc_1               0x08000223   Thumb Code     0  libinit2.o(.ARM.Collect$$libinit$$0000000C)
    __rt_lib_shutdown                        0x08000225   Thumb Code     0  libshutdown.o(.ARM.Collect$$libshutdown$$00000000)
    __rt_lib_shutdown_cpp_1                  0x08000227   Thumb Code     0  libshutdown2.o(.ARM.Collect$$libshutdown$$00000002)
    __rt_lib_shutdown_fp_trap_1              0x08000227   Thumb Code     0  libshutdown2.o(.ARM.Collect$$libshutdown$$00000007)
    __rt_lib_shutdown_heap_1                 0x08000227   Thumb Code     0  libshutdown2.o(.ARM.Collect$$libshutdown$$0000000F)
    __rt_lib_shutdown_return                 0x08000227   Thumb Code     0  libshutdown2.o(.ARM.Collect$$libshutdown$$00000010)
    __rt_lib_shutdown_signal_1               0x08000227   Thumb Code     0  libshutdown2.o(.ARM.Collect$$libshutdown$$0000000A)
    __rt_lib_shutdown_stdio_1                0x08000227   Thumb Code     0  libshutdown2.o(.ARM.Collect$$libshutdown$$00000004)
    __rt_lib_shutdown_user_alloc_1           0x08000227   Thumb Code     0  libshutdown2.o(.ARM.Collect$$libshutdown$$0000000C)
    __rt_entry                               0x08000229   Thumb Code     0  __rtentry.o(.ARM.Collect$$rtentry$$00000000)
    __rt_entry_presh_1                       0x08000229   Thumb Code     0  __rtentry2.o(.ARM.Collect$$rtentry$$00000002)
    __rt_entry_sh                            0x08000229   Thumb Code     0  __rtentry4.o(.ARM.Collect$$rtentry$$00000004)
    __rt_entry_postsh_1                      0x0800022f   Thumb Code     0  __rtentry2.o(.ARM.Collect$$rtentry$$00000008)
    __rt_entry_li                            0x08000237   Thumb Code     0  __rtentry2.o(.ARM.Collect$$rtentry$$0000000A)
    __rt_entry_main                          0x0800023b   Thumb Code     0  __rtentry2.o(.ARM.Collect$$rtentry$$0000000D)
    __rt_entry_postli_1                      0x0800023b   Thumb Code     0  __rtentry2.o(.ARM.Collect$$rtentry$$0000000C)
    __rt_exit                                0x08000243   Thumb Code     0  rtexit.o(.ARM.Collect$$rtexit$$00000000)
    __rt_exit_ls                             0x08000245   Thumb Code     0  rtexit2.o(.ARM.Collect$$rtexit$$00000003)
    __rt_exit_prels_1                        0x08000245   Thumb Code     0  rtexit2.o(.ARM.Collect$$rtexit$$00000002)
    __rt_exit_exit                           0x08000249   Thumb Code     0  rtexit2.o(.ARM.Collect$$rtexit$$00000004)
    Reset_Handler                            0x08000251   Thumb Code     8  startup_stm32f429xx.o(.text)
    ADC_IRQHandler                           0x0800026b   Thumb Code     0  startup_stm32f429xx.o(.text)
    CAN1_RX0_IRQHandler                      0x0800026b   Thumb Code     0  startup_stm32f429xx.o(.text)
    CAN1_RX1_IRQHandler                      0x0800026b   Thumb Code     0  startup_stm32f429xx.o(.text)
    CAN1_SCE_IRQHandler                      0x0800026b   Thumb Code     0  startup_stm32f429xx.o(.text)
    CAN1_TX_IRQHandler                       0x0800026b   Thumb Code     0  startup_stm32f429xx.o(.text)
    CAN2_RX0_IRQHandler                      0x0800026b   Thumb Code     0  startup_stm32f429xx.o(.text)
    CAN2_RX1_IRQHandler                      0x0800026b   Thumb Code     0  startup_stm32f429xx.o(.text)
    CAN2_SCE_IRQHandler                      0x0800026b   Thumb Code     0  startup_stm32f429xx.o(.text)
    CAN2_TX_IRQHandler                       0x0800026b   Thumb Code     0  startup_stm32f429xx.o(.text)
    DCMI_IRQHandler                          0x0800026b   Thumb Code     0  startup_stm32f429xx.o(.text)
    DMA1_Stream0_IRQHandler                  0x0800026b   Thumb Code     0  startup_stm32f429xx.o(.text)
    DMA1_Stream1_IRQHandler                  0x0800026b   Thumb Code     0  startup_stm32f429xx.o(.text)
    DMA1_Stream2_IRQHandler                  0x0800026b   Thumb Code     0  startup_stm32f429xx.o(.text)
    DMA1_Stream3_IRQHandler                  0x0800026b   Thumb Code     0  startup_stm32f429xx.o(.text)
    DMA1_Stream4_IRQHandler                  0x0800026b   Thumb Code     0  startup_stm32f429xx.o(.text)
    DMA1_Stream5_IRQHandler                  0x0800026b   Thumb Code     0  startup_stm32f429xx.o(.text)
    DMA1_Stream6_IRQHandler                  0x0800026b   Thumb Code     0  startup_stm32f429xx.o(.text)
    DMA1_Stream7_IRQHandler                  0x0800026b   Thumb Code     0  startup_stm32f429xx.o(.text)
    DMA2D_IRQHandler                         0x0800026b   Thumb Code     0  startup_stm32f429xx.o(.text)
    DMA2_Stream0_IRQHandler                  0x0800026b   Thumb Code     0  startup_stm32f429xx.o(.text)
    DMA2_Stream1_IRQHandler                  0x0800026b   Thumb Code     0  startup_stm32f429xx.o(.text)
    DMA2_Stream2_IRQHandler                  0x0800026b   Thumb Code     0  startup_stm32f429xx.o(.text)
    DMA2_Stream3_IRQHandler                  0x0800026b   Thumb Code     0  startup_stm32f429xx.o(.text)
    DMA2_Stream4_IRQHandler                  0x0800026b   Thumb Code     0  startup_stm32f429xx.o(.text)
    DMA2_Stream5_IRQHandler                  0x0800026b   Thumb Code     0  startup_stm32f429xx.o(.text)
    DMA2_Stream6_IRQHandler                  0x0800026b   Thumb Code     0  startup_stm32f429xx.o(.text)
    DMA2_Stream7_IRQHandler                  0x0800026b   Thumb Code     0  startup_stm32f429xx.o(.text)
    ETH_IRQHandler                           0x0800026b   Thumb Code     0  startup_stm32f429xx.o(.text)
    ETH_WKUP_IRQHandler                      0x0800026b   Thumb Code     0  startup_stm32f429xx.o(.text)
    EXTI0_IRQHandler                         0x0800026b   Thumb Code     0  startup_stm32f429xx.o(.text)
    EXTI1_IRQHandler                         0x0800026b   Thumb Code     0  startup_stm32f429xx.o(.text)
    EXTI2_IRQHandler                         0x0800026b   Thumb Code     0  startup_stm32f429xx.o(.text)
    EXTI3_IRQHandler                         0x0800026b   Thumb Code     0  startup_stm32f429xx.o(.text)
    EXTI4_IRQHandler                         0x0800026b   Thumb Code     0  startup_stm32f429xx.o(.text)
    EXTI9_5_IRQHandler                       0x0800026b   Thumb Code     0  startup_stm32f429xx.o(.text)
    FLASH_IRQHandler                         0x0800026b   Thumb Code     0  startup_stm32f429xx.o(.text)
    FMC_IRQHandler                           0x0800026b   Thumb Code     0  startup_stm32f429xx.o(.text)
    FPU_IRQHandler                           0x0800026b   Thumb Code     0  startup_stm32f429xx.o(.text)
    HASH_RNG_IRQHandler                      0x0800026b   Thumb Code     0  startup_stm32f429xx.o(.text)
    I2C1_ER_IRQHandler                       0x0800026b   Thumb Code     0  startup_stm32f429xx.o(.text)
    I2C1_EV_IRQHandler                       0x0800026b   Thumb Code     0  startup_stm32f429xx.o(.text)
    I2C2_ER_IRQHandler                       0x0800026b   Thumb Code     0  startup_stm32f429xx.o(.text)
    I2C2_EV_IRQHandler                       0x0800026b   Thumb Code     0  startup_stm32f429xx.o(.text)
    I2C3_ER_IRQHandler                       0x0800026b   Thumb Code     0  startup_stm32f429xx.o(.text)
    I2C3_EV_IRQHandler                       0x0800026b   Thumb Code     0  startup_stm32f429xx.o(.text)
    LTDC_ER_IRQHandler                       0x0800026b   Thumb Code     0  startup_stm32f429xx.o(.text)
    LTDC_IRQHandler                          0x0800026b   Thumb Code     0  startup_stm32f429xx.o(.text)
    OTG_FS_IRQHandler                        0x0800026b   Thumb Code     0  startup_stm32f429xx.o(.text)
    OTG_FS_WKUP_IRQHandler                   0x0800026b   Thumb Code     0  startup_stm32f429xx.o(.text)
    OTG_HS_EP1_IN_IRQHandler                 0x0800026b   Thumb Code     0  startup_stm32f429xx.o(.text)
    OTG_HS_EP1_OUT_IRQHandler                0x0800026b   Thumb Code     0  startup_stm32f429xx.o(.text)
    OTG_HS_IRQHandler                        0x0800026b   Thumb Code     0  startup_stm32f429xx.o(.text)
    OTG_HS_WKUP_IRQHandler                   0x0800026b   Thumb Code     0  startup_stm32f429xx.o(.text)
    PVD_IRQHandler                           0x0800026b   Thumb Code     0  startup_stm32f429xx.o(.text)
    RCC_IRQHandler                           0x0800026b   Thumb Code     0  startup_stm32f429xx.o(.text)
    RTC_Alarm_IRQHandler                     0x0800026b   Thumb Code     0  startup_stm32f429xx.o(.text)
    RTC_WKUP_IRQHandler                      0x0800026b   Thumb Code     0  startup_stm32f429xx.o(.text)
    SAI1_IRQHandler                          0x0800026b   Thumb Code     0  startup_stm32f429xx.o(.text)
    SDIO_IRQHandler                          0x0800026b   Thumb Code     0  startup_stm32f429xx.o(.text)
    SPI1_IRQHandler                          0x0800026b   Thumb Code     0  startup_stm32f429xx.o(.text)
    SPI2_IRQHandler                          0x0800026b   Thumb Code     0  startup_stm32f429xx.o(.text)
    SPI3_IRQHandler                          0x0800026b   Thumb Code     0  startup_stm32f429xx.o(.text)
    SPI4_IRQHandler                          0x0800026b   Thumb Code     0  startup_stm32f429xx.o(.text)
    SPI5_IRQHandler                          0x0800026b   Thumb Code     0  startup_stm32f429xx.o(.text)
    SPI6_IRQHandler                          0x0800026b   Thumb Code     0  startup_stm32f429xx.o(.text)
    TAMP_STAMP_IRQHandler                    0x0800026b   Thumb Code     0  startup_stm32f429xx.o(.text)
    TIM1_BRK_TIM9_IRQHandler                 0x0800026b   Thumb Code     0  startup_stm32f429xx.o(.text)
    TIM1_CC_IRQHandler                       0x0800026b   Thumb Code     0  startup_stm32f429xx.o(.text)
    TIM1_TRG_COM_TIM11_IRQHandler            0x0800026b   Thumb Code     0  startup_stm32f429xx.o(.text)
    TIM1_UP_TIM10_IRQHandler                 0x0800026b   Thumb Code     0  startup_stm32f429xx.o(.text)
    TIM2_IRQHandler                          0x0800026b   Thumb Code     0  startup_stm32f429xx.o(.text)
    TIM3_IRQHandler                          0x0800026b   Thumb Code     0  startup_stm32f429xx.o(.text)
    TIM4_IRQHandler                          0x0800026b   Thumb Code     0  startup_stm32f429xx.o(.text)
    TIM5_IRQHandler                          0x0800026b   Thumb Code     0  startup_stm32f429xx.o(.text)
    TIM6_DAC_IRQHandler                      0x0800026b   Thumb Code     0  startup_stm32f429xx.o(.text)
    TIM7_IRQHandler                          0x0800026b   Thumb Code     0  startup_stm32f429xx.o(.text)
    TIM8_BRK_TIM12_IRQHandler                0x0800026b   Thumb Code     0  startup_stm32f429xx.o(.text)
    TIM8_CC_IRQHandler                       0x0800026b   Thumb Code     0  startup_stm32f429xx.o(.text)
    TIM8_TRG_COM_TIM14_IRQHandler            0x0800026b   Thumb Code     0  startup_stm32f429xx.o(.text)
    TIM8_UP_TIM13_IRQHandler                 0x0800026b   Thumb Code     0  startup_stm32f429xx.o(.text)
    UART4_IRQHandler                         0x0800026b   Thumb Code     0  startup_stm32f429xx.o(.text)
    UART5_IRQHandler                         0x0800026b   Thumb Code     0  startup_stm32f429xx.o(.text)
    UART7_IRQHandler                         0x0800026b   Thumb Code     0  startup_stm32f429xx.o(.text)
    UART8_IRQHandler                         0x0800026b   Thumb Code     0  startup_stm32f429xx.o(.text)
    USART1_IRQHandler                        0x0800026b   Thumb Code     0  startup_stm32f429xx.o(.text)
    USART2_IRQHandler                        0x0800026b   Thumb Code     0  startup_stm32f429xx.o(.text)
    USART3_IRQHandler                        0x0800026b   Thumb Code     0  startup_stm32f429xx.o(.text)
    USART6_IRQHandler                        0x0800026b   Thumb Code     0  startup_stm32f429xx.o(.text)
    WWDG_IRQHandler                          0x0800026b   Thumb Code     0  startup_stm32f429xx.o(.text)
    __user_initial_stackheap                 0x0800026d   Thumb Code     0  startup_stm32f429xx.o(.text)
    SVC_Handler                              0x08000291   Thumb Code   108  irq_armv7m.o(.text)
    PendSV_Handler                           0x080002fd   Thumb Code    16  irq_armv7m.o(.text)
    SysTick_Handler                          0x0800030d   Thumb Code    16  irq_armv7m.o(.text)
    __aeabi_uldivmod                         0x08000325   Thumb Code     0  lludivv7m.o(.text)
    _ll_udiv                                 0x08000325   Thumb Code   240  lludivv7m.o(.text)
    __aeabi_memcpy                           0x08000415   Thumb Code     0  rt_memcpy_v6.o(.text)
    __rt_memcpy                              0x08000415   Thumb Code   138  rt_memcpy_v6.o(.text)
    _memcpy_lastbytes                        0x0800047b   Thumb Code     0  rt_memcpy_v6.o(.text)
    __aeabi_memclr                           0x0800049f   Thumb Code     0  rt_memclr.o(.text)
    __rt_memclr                              0x0800049f   Thumb Code     0  rt_memclr.o(.text)
    _memset                                  0x080004a3   Thumb Code    64  rt_memclr.o(.text)
    __aeabi_memclr4                          0x080004e3   Thumb Code     0  rt_memclr_w.o(.text)
    __aeabi_memclr8                          0x080004e3   Thumb Code     0  rt_memclr_w.o(.text)
    __rt_memclr_w                            0x080004e3   Thumb Code     0  rt_memclr_w.o(.text)
    _memset_w                                0x080004e7   Thumb Code    74  rt_memclr_w.o(.text)
    __use_two_region_memory                  0x08000531   Thumb Code     2  heapauxi.o(.text)
    __rt_heap_escrow$2region                 0x08000533   Thumb Code     2  heapauxi.o(.text)
    __rt_heap_expand$2region                 0x08000535   Thumb Code     2  heapauxi.o(.text)
    __aeabi_memcpy4                          0x08000537   Thumb Code     0  rt_memcpy_w.o(.text)
    __aeabi_memcpy8                          0x08000537   Thumb Code     0  rt_memcpy_w.o(.text)
    __rt_memcpy_w                            0x08000537   Thumb Code   100  rt_memcpy_w.o(.text)
    _memcpy_lastbytes_aligned                0x0800057f   Thumb Code     0  rt_memcpy_w.o(.text)
    __user_setup_stackheap                   0x0800059b   Thumb Code    74  sys_stackheap_outer.o(.text)
    exit                                     0x080005e5   Thumb Code    18  exit.o(.text)
    __user_libspace                          0x080005f9   Thumb Code     8  libspace.o(.text)
    __user_perproc_libspace                  0x080005f9   Thumb Code     0  libspace.o(.text)
    _sys_exit                                0x08000601   Thumb Code     8  sys_exit.o(.text)
    __I$use$semihosting                      0x0800060d   Thumb Code     0  use_no_semi.o(.text)
    __use_no_semihosting_swi                 0x0800060d   Thumb Code     2  use_no_semi.o(.text)
    __semihosting_library_function           0x0800060f   Thumb Code     0  indicate_semi.o(.text)
    BusFault_Handler                         0x08000611   Thumb Code     2  stm32f4xx_it.o(.text.BusFault_Handler)
    DebugMon_Handler                         0x08000615   Thumb Code     2  stm32f4xx_it.o(.text.DebugMon_Handler)
    EXTI15_10_IRQHandler                     0x08000619   Thumb Code    12  thjoy.o(.text.EXTI15_10_IRQHandler)
    HAL_GPIO_EXTI_Callback                   0x08000625   Thumb Code    20  thjoy.o(.text.HAL_GPIO_EXTI_Callback)
    HAL_GPIO_EXTI_IRQHandler                 0x08000639   Thumb Code    26  stm32f4xx_hal_gpio.o(.text.HAL_GPIO_EXTI_IRQHandler)
    HAL_GPIO_Init                            0x08000655   Thumb Code   410  stm32f4xx_hal_gpio.o(.text.HAL_GPIO_Init)
    HAL_GPIO_TogglePin                       0x080007f1   Thumb Code    16  stm32f4xx_hal_gpio.o(.text.HAL_GPIO_TogglePin)
    HAL_GetREVID                             0x08000801   Thumb Code    14  stm32f4xx_hal.o(.text.HAL_GetREVID)
    HAL_GetTick                              0x08000811   Thumb Code    80  main.o(.text.HAL_GetTick)
    HAL_Init                                 0x08000861   Thumb Code    46  stm32f4xx_hal.o(.text.HAL_Init)
    HAL_InitTick                             0x08000891   Thumb Code    80  stm32f4xx_hal.o(.text.HAL_InitTick)
    HAL_MspInit                              0x080008e1   Thumb Code     2  stm32f4xx_hal.o(.text.HAL_MspInit)
    HAL_NVIC_EnableIRQ                       0x080008e5   Thumb Code     8  stm32f4xx_hal_cortex.o(.text.HAL_NVIC_EnableIRQ)
    HAL_NVIC_SetPriority                     0x080008ed   Thumb Code    30  stm32f4xx_hal_cortex.o(.text.HAL_NVIC_SetPriority)
    HAL_NVIC_SetPriorityGrouping             0x0800090d   Thumb Code     8  stm32f4xx_hal_cortex.o(.text.HAL_NVIC_SetPriorityGrouping)
    HAL_RCC_ClockConfig                      0x08000915   Thumb Code   352  stm32f4xx_hal_rcc.o(.text.HAL_RCC_ClockConfig)
    HAL_RCC_GetSysClockFreq                  0x08000a75   Thumb Code   106  stm32f4xx_hal_rcc.o(.text.HAL_RCC_GetSysClockFreq)
    HAL_RCC_OscConfig                        0x08000ae1   Thumb Code   840  stm32f4xx_hal_rcc.o(.text.HAL_RCC_OscConfig)
    HAL_SYSTICK_Config                       0x08000e29   Thumb Code     8  stm32f4xx_hal_cortex.o(.text.HAL_SYSTICK_Config)
    HardFault_Handler                        0x08000e31   Thumb Code     2  stm32f4xx_it.o(.text.HardFault_Handler)
    InitJoy                                  0x08000e35   Thumb Code    70  thjoy.o(.text.InitJoy)
    InitLed1                                 0x08000e7d   Thumb Code    64  thled1.o(.text.InitLed1)
    InitLed3                                 0x08000ebd   Thumb Code    68  thled3.o(.text.InitLed3)
    Init_Thjoy                               0x08000f01   Thumb Code    54  thjoy.o(.text.Init_Thjoy)
    Init_Thled1                              0x08000f39   Thumb Code    54  thled1.o(.text.Init_Thled1)
    Init_Thled3                              0x08000f71   Thumb Code    54  thled3.o(.text.Init_Thled3)
    Init_Timers                              0x08000fa9   Thumb Code    44  timer.o(.text.Init_Timers)
    MemManage_Handler                        0x08000fd5   Thumb Code     2  stm32f4xx_it.o(.text.MemManage_Handler)
    NMI_Handler                              0x0800108d   Thumb Code     2  stm32f4xx_it.o(.text.NMI_Handler)
    OS_Tick_AcknowledgeIRQ                   0x080010bd   Thumb Code     8  os_systick.o(.text.OS_Tick_AcknowledgeIRQ)
    OS_Tick_Enable                           0x080010c5   Thumb Code    32  os_systick.o(.text.OS_Tick_Enable)
    OS_Tick_GetIRQn                          0x080010e9   Thumb Code     6  os_systick.o(.text.OS_Tick_GetIRQn)
    OS_Tick_Setup                            0x080010f1   Thumb Code    48  os_systick.o(.text.OS_Tick_Setup)
    SystemCoreClockUpdate                    0x0800122d   Thumb Code   126  system_stm32f4xx.o(.text.SystemCoreClockUpdate)
    SystemInit                               0x080012ad   Thumb Code    16  system_stm32f4xx.o(.text.SystemInit)
    Thjoy                                    0x080012bd   Thumb Code    22  thjoy.o(.text.Thjoy)
    Thled1                                   0x080012d5   Thumb Code    46  thled1.o(.text.Thled1)
    Thled3                                   0x08001305   Thumb Code    38  thled3.o(.text.Thled3)
    Thtimer                                  0x08001391   Thumb Code    72  timer.o(.text.Thtimer)
    UsageFault_Handler                       0x08001465   Thumb Code     2  stm32f4xx_it.o(.text.UsageFault_Handler)
    _mutex_acquire                           0x080014dd   Thumb Code    26  rtx_lib.o(.text._mutex_acquire)
    _mutex_free                              0x080014f9   Thumb Code    10  rtx_lib.o(.text._mutex_free)
    _mutex_initialize                        0x08001505   Thumb Code    32  rtx_lib.o(.text._mutex_initialize)
    _mutex_release                           0x08001525   Thumb Code    22  rtx_lib.o(.text._mutex_release)
    _platform_post_stackheap_init            0x0800153d   Thumb Code     8  rtx_lib.o(.text._platform_post_stackheap_init)
    main                                     0x08001545   Thumb Code    38  main.o(.text.main)
    osKernelGetState                         0x0800156d   Thumb Code    40  rtx_kernel.o(.text.osKernelGetState)
    osKernelGetTickCount                     0x08001599   Thumb Code    32  rtx_kernel.o(.text.osKernelGetTickCount)
    osKernelInitialize                       0x080015c1   Thumb Code    40  rtx_kernel.o(.text.osKernelInitialize)
    osKernelStart                            0x080015ed   Thumb Code    32  rtx_kernel.o(.text.osKernelStart)
    osMessageQueueGet                        0x08001611   Thumb Code   108  rtx_msgqueue.o(.text.osMessageQueueGet)
    osMessageQueuePut                        0x08001681   Thumb Code   124  rtx_msgqueue.o(.text.osMessageQueuePut)
    osMutexAcquire                           0x08001701   Thumb Code    32  rtx_mutex.o(.text.osMutexAcquire)
    osMutexDelete                            0x08001725   Thumb Code    32  rtx_mutex.o(.text.osMutexDelete)
    osMutexNew                               0x08001749   Thumb Code    32  rtx_mutex.o(.text.osMutexNew)
    osMutexRelease                           0x0800176d   Thumb Code    32  rtx_mutex.o(.text.osMutexRelease)
    osRtxErrorNotify                         0x08001791   Thumb Code     2  rtx_config.o(.text.osRtxErrorNotify)
    osRtxIdleThread                          0x08001795   Thumb Code     2  rtx_config.o(.text.osRtxIdleThread)
    osRtxKernelErrorNotify                   0x08001797   Thumb Code     4  rtx_kernel.o(.text.osRtxKernelErrorNotify)
    osRtxKernelPreInit                       0x0800179b   Thumb Code     2  rtx_kernel.o(.text.osRtxKernelPreInit)
    osRtxMemoryAlloc                         0x0800179d   Thumb Code   108  rtx_memory.o(.text.osRtxMemoryAlloc)
    osRtxMemoryFree                          0x08001809   Thumb Code    66  rtx_memory.o(.text.osRtxMemoryFree)
    osRtxMemoryInit                          0x0800184b   Thumb Code    54  rtx_memory.o(.text.osRtxMemoryInit)
    osRtxMemoryPoolAlloc                     0x08001881   Thumb Code    58  rtx_mempool.o(.text.osRtxMemoryPoolAlloc)
    osRtxMemoryPoolFree                      0x080018bb   Thumb Code    74  rtx_mempool.o(.text.osRtxMemoryPoolFree)
    osRtxMemoryPoolInit                      0x08001905   Thumb Code    56  rtx_mempool.o(.text.osRtxMemoryPoolInit)
    osRtxMessageQueueTimerSetup              0x080019e9   Thumb Code    32  rtx_msgqueue.o(.text.osRtxMessageQueueTimerSetup)
    osRtxMutexOwnerRelease                   0x08001a0d   Thumb Code    72  rtx_mutex.o(.text.osRtxMutexOwnerRelease)
    osRtxMutexOwnerRestore                   0x08001a55   Thumb Code    72  rtx_mutex.o(.text.osRtxMutexOwnerRestore)
    osRtxPendSV_Handler                      0x08001a9d   Thumb Code   136  rtx_system.o(.text.osRtxPendSV_Handler)
    osRtxPostProcess                         0x08001b25   Thumb Code   108  rtx_system.o(.text.osRtxPostProcess)
    osRtxThreadDelayTick                     0x08001c81   Thumb Code    80  rtx_thread.o(.text.osRtxThreadDelayTick)
    osRtxThreadDispatch                      0x08001cf1   Thumb Code    80  rtx_thread.o(.text.osRtxThreadDispatch)
    osRtxThreadListGet                       0x08001db7   Thumb Code    18  rtx_thread.o(.text.osRtxThreadListGet)
    osRtxThreadListPut                       0x08001dc9   Thumb Code    44  rtx_thread.o(.text.osRtxThreadListPut)
    osRtxThreadListRemove                    0x08001df5   Thumb Code    20  rtx_thread.o(.text.osRtxThreadListRemove)
    osRtxThreadListSort                      0x08001e09   Thumb Code    38  rtx_thread.o(.text.osRtxThreadListSort)
    osRtxThreadReadyPut                      0x08001e59   Thumb Code    16  rtx_thread.o(.text.osRtxThreadReadyPut)
    osRtxThreadRegPtr                        0x08001e6d   Thumb Code     6  rtx_thread.o(.text.osRtxThreadRegPtr)
    osRtxThreadStartup                       0x08001e75   Thumb Code    48  rtx_thread.o(.text.osRtxThreadStartup)
    osRtxThreadSwitch                        0x08001ead   Thumb Code    12  rtx_thread.o(.text.osRtxThreadSwitch)
    osRtxThreadWaitEnter                     0x08001eb9   Thumb Code    56  rtx_thread.o(.text.osRtxThreadWaitEnter)
    osRtxThreadWaitExit                      0x08001ef5   Thumb Code    34  rtx_thread.o(.text.osRtxThreadWaitExit)
    osRtxTick_Handler                        0x08001f19   Thumb Code   116  rtx_system.o(.text.osRtxTick_Handler)
    osRtxTimerSetup                          0x08001f8d   Thumb Code    24  rtx_timer.o(.text.osRtxTimerSetup)
    osRtxTimerThread                         0x08001fad   Thumb Code    32  rtx_timer.o(.text.osRtxTimerThread)
    osThreadExit                             0x0800203d   Thumb Code     8  rtx_thread.o(.text.osThreadExit)
    osThreadFlagsSet                         0x08002049   Thumb Code    84  rtx_thread.o(.text.osThreadFlagsSet)
    osThreadFlagsWait                        0x080020a1   Thumb Code    32  rtx_thread.o(.text.osThreadFlagsWait)
    osThreadNew                              0x080020c5   Thumb Code    32  rtx_thread.o(.text.osThreadNew)
    osThreadYield                            0x080020e9   Thumb Code    32  rtx_thread.o(.text.osThreadYield)
    osTimerNew                               0x0800210d   Thumb Code    32  rtx_timer.o(.text.osTimerNew)
    osTimerStart                             0x08002131   Thumb Code    32  rtx_timer.o(.text.osTimerStart)
    osRtxConfig                              0x08002bd0   Data         112  rtx_lib.o(.rodata)
    os_cb_sections                           0x08002c40   Data          56  rtx_lib.o(.rodata)
    AHBPrescTable                            0x08002c78   Data          16  system_stm32f4xx.o(.rodata.AHBPrescTable)
    osRtxUserSVC                             0x08002c88   Data           4  rtx_lib.o(.rodata.osRtxUserSVC)
    Region$$Table$$Base                      0x08002cf8   Number         0  anon$$obj.o(Region$$Table)
    Region$$Table$$Limit                     0x08002d18   Number         0  anon$$obj.o(Region$$Table)
    SystemCoreClock                          0x20000000   Data           4  system_stm32f4xx.o(.data.SystemCoreClock)
    osRtxInfo                                0x20000004   Data         164  rtx_kernel.o(.data.os)
    uwTickFreq                               0x200000a8   Data           1  stm32f4xx_hal.o(.data.uwTickFreq)
    uwTickPrio                               0x200000ac   Data           4  stm32f4xx_hal.o(.data.uwTickPrio)
    __libspace_start                         0x200000b0   Data          96  libspace.o(.bss)
    __temporary_stack_top$libspace           0x20000110   Data           0  libspace.o(.bss)
    joystickDer                              0x20000118   Data          24  thjoy.o(.bss.joystickDer)
    led1                                     0x20000130   Data          24  thled1.o(.bss.led1)
    led3                                     0x20000148   Data          24  thled3.o(.bss.led3)
    .bss.os.msgqueue.cb$$Base                0x200081a4   Number         0  rtx_lib.o(.bss.os.msgqueue.cb)
    .bss.os.msgqueue.cb$$Limit               0x200081d8   Number         0  rtx_lib.o(.bss.os.msgqueue.cb)
    .bss.os.thread.cb$$Base                  0x20008228   Number         0  rtx_lib.o(.bss.os.thread.cb)
    .bss.os.thread.cb$$Limit                 0x200082b0   Number         0  rtx_lib.o(.bss.os.thread.cb)
    thled1                                   0x200086b4   Data           4  thled1.o(.bss.thled1)
    thled3                                   0x200086b8   Data           4  thled3.o(.bss.thled3)
    tid_Thjoy                                0x200086bc   Data           4  thjoy.o(.bss.tid_Thjoy)
    tid_Thtimer                              0x200086c0   Data           4  timer.o(.bss.tid_Thtimer)
    tim_id1                                  0x200086c4   Data           4  timer.o(.bss.tim_id1)



==============================================================================

Memory Map of the image

  Image Entry point : 0x080001ad

  Load Region LR_IROM1 (Base: 0x08000000, Size: 0x00002dc8, Max: 0x00200000, ABSOLUTE)

    Execution Region ER_IROM1 (Exec base: 0x08000000, Load base: 0x08000000, Size: 0x00002d18, Max: 0x00200000, ABSOLUTE)

    Exec Addr    Load Addr    Size         Type   Attr      Idx    E Section Name        Object

    0x08000000   0x08000000   0x000001ac   Data   RO          447    RESET               startup_stm32f429xx.o
    0x080001ac   0x080001ac   0x00000008   Code   RO          951  * !!!main             c_w.l(__main.o)
    0x080001b4   0x080001b4   0x00000034   Code   RO         1124    !!!scatter          c_w.l(__scatter.o)
    0x080001e8   0x080001e8   0x0000001a   Code   RO         1126    !!handler_copy      c_w.l(__scatter_copy.o)
    0x08000202   0x08000202   0x00000002   PAD
    0x08000204   0x08000204   0x0000001c   Code   RO         1128    !!handler_zi        c_w.l(__scatter_zi.o)
    0x08000220   0x08000220   0x00000002   Code   RO          988    .ARM.Collect$$libinit$$00000000  c_w.l(libinit.o)
    0x08000222   0x08000222   0x00000000   Code   RO         1001    .ARM.Collect$$libinit$$00000002  c_w.l(libinit2.o)
    0x08000222   0x08000222   0x00000000   Code   RO         1003    .ARM.Collect$$libinit$$00000004  c_w.l(libinit2.o)
    0x08000222   0x08000222   0x00000000   Code   RO         1006    .ARM.Collect$$libinit$$0000000A  c_w.l(libinit2.o)
    0x08000222   0x08000222   0x00000000   Code   RO         1008    .ARM.Collect$$libinit$$0000000C  c_w.l(libinit2.o)
    0x08000222   0x08000222   0x00000000   Code   RO         1010    .ARM.Collect$$libinit$$0000000E  c_w.l(libinit2.o)
    0x08000222   0x08000222   0x00000000   Code   RO         1013    .ARM.Collect$$libinit$$00000011  c_w.l(libinit2.o)
    0x08000222   0x08000222   0x00000000   Code   RO         1015    .ARM.Collect$$libinit$$00000013  c_w.l(libinit2.o)
    0x08000222   0x08000222   0x00000000   Code   RO         1017    .ARM.Collect$$libinit$$00000015  c_w.l(libinit2.o)
    0x08000222   0x08000222   0x00000000   Code   RO         1019    .ARM.Collect$$libinit$$00000017  c_w.l(libinit2.o)
    0x08000222   0x08000222   0x00000000   Code   RO         1021    .ARM.Collect$$libinit$$00000019  c_w.l(libinit2.o)
    0x08000222   0x08000222   0x00000000   Code   RO         1023    .ARM.Collect$$libinit$$0000001B  c_w.l(libinit2.o)
    0x08000222   0x08000222   0x00000000   Code   RO         1025    .ARM.Collect$$libinit$$0000001D  c_w.l(libinit2.o)
    0x08000222   0x08000222   0x00000000   Code   RO         1027    .ARM.Collect$$libinit$$0000001F  c_w.l(libinit2.o)
    0x08000222   0x08000222   0x00000000   Code   RO         1029    .ARM.Collect$$libinit$$00000021  c_w.l(libinit2.o)
    0x08000222   0x08000222   0x00000000   Code   RO         1031    .ARM.Collect$$libinit$$00000023  c_w.l(libinit2.o)
    0x08000222   0x08000222   0x00000000   Code   RO         1033    .ARM.Collect$$libinit$$00000025  c_w.l(libinit2.o)
    0x08000222   0x08000222   0x00000000   Code   RO         1037    .ARM.Collect$$libinit$$0000002C  c_w.l(libinit2.o)
    0x08000222   0x08000222   0x00000000   Code   RO         1039    .ARM.Collect$$libinit$$0000002E  c_w.l(libinit2.o)
    0x08000222   0x08000222   0x00000000   Code   RO         1041    .ARM.Collect$$libinit$$00000030  c_w.l(libinit2.o)
    0x08000222   0x08000222   0x00000000   Code   RO         1043    .ARM.Collect$$libinit$$00000032  c_w.l(libinit2.o)
    0x08000222   0x08000222   0x00000002   Code   RO         1044    .ARM.Collect$$libinit$$00000033  c_w.l(libinit2.o)
    0x08000224   0x08000224   0x00000002   Code   RO         1079    .ARM.Collect$$libshutdown$$00000000  c_w.l(libshutdown.o)
    0x08000226   0x08000226   0x00000000   Code   RO         1107    .ARM.Collect$$libshutdown$$00000002  c_w.l(libshutdown2.o)
    0x08000226   0x08000226   0x00000000   Code   RO         1109    .ARM.Collect$$libshutdown$$00000004  c_w.l(libshutdown2.o)
    0x08000226   0x08000226   0x00000000   Code   RO         1112    .ARM.Collect$$libshutdown$$00000007  c_w.l(libshutdown2.o)
    0x08000226   0x08000226   0x00000000   Code   RO         1115    .ARM.Collect$$libshutdown$$0000000A  c_w.l(libshutdown2.o)
    0x08000226   0x08000226   0x00000000   Code   RO         1117    .ARM.Collect$$libshutdown$$0000000C  c_w.l(libshutdown2.o)
    0x08000226   0x08000226   0x00000000   Code   RO         1120    .ARM.Collect$$libshutdown$$0000000F  c_w.l(libshutdown2.o)
    0x08000226   0x08000226   0x00000002   Code   RO         1121    .ARM.Collect$$libshutdown$$00000010  c_w.l(libshutdown2.o)
    0x08000228   0x08000228   0x00000000   Code   RO          953    .ARM.Collect$$rtentry$$00000000  c_w.l(__rtentry.o)
    0x08000228   0x08000228   0x00000000   Code   RO          961    .ARM.Collect$$rtentry$$00000002  c_w.l(__rtentry2.o)
    0x08000228   0x08000228   0x00000006   Code   RO          973    .ARM.Collect$$rtentry$$00000004  c_w.l(__rtentry4.o)
    0x0800022e   0x0800022e   0x00000008   Code   RO          962    .ARM.Collect$$rtentry$$00000008  c_w.l(__rtentry2.o)
    0x08000236   0x08000236   0x00000004   Code   RO          964    .ARM.Collect$$rtentry$$0000000A  c_w.l(__rtentry2.o)
    0x0800023a   0x0800023a   0x00000000   Code   RO          966    .ARM.Collect$$rtentry$$0000000C  c_w.l(__rtentry2.o)
    0x0800023a   0x0800023a   0x00000008   Code   RO          967    .ARM.Collect$$rtentry$$0000000D  c_w.l(__rtentry2.o)
    0x08000242   0x08000242   0x00000002   Code   RO          992    .ARM.Collect$$rtexit$$00000000  c_w.l(rtexit.o)
    0x08000244   0x08000244   0x00000000   Code   RO         1050    .ARM.Collect$$rtexit$$00000002  c_w.l(rtexit2.o)
    0x08000244   0x08000244   0x00000004   Code   RO         1051    .ARM.Collect$$rtexit$$00000003  c_w.l(rtexit2.o)
    0x08000248   0x08000248   0x00000006   Code   RO         1052    .ARM.Collect$$rtexit$$00000004  c_w.l(rtexit2.o)
    0x0800024e   0x0800024e   0x00000002   PAD
    0x08000250   0x08000250   0x00000040   Code   RO          448    .text               startup_stm32f429xx.o
    0x08000290   0x08000290   0x00000094   Code   RO          763    .text               RTX_CM3.lib(irq_armv7m.o)
    0x08000324   0x08000324   0x000000f0   Code   RO          941    .text               c_w.l(lludivv7m.o)
    0x08000414   0x08000414   0x0000008a   Code   RO          943    .text               c_w.l(rt_memcpy_v6.o)
    0x0800049e   0x0800049e   0x00000044   Code   RO          945    .text               c_w.l(rt_memclr.o)
    0x080004e2   0x080004e2   0x0000004e   Code   RO          947    .text               c_w.l(rt_memclr_w.o)
    0x08000530   0x08000530   0x00000006   Code   RO          949    .text               c_w.l(heapauxi.o)
    0x08000536   0x08000536   0x00000064   Code   RO          958    .text               c_w.l(rt_memcpy_w.o)
    0x0800059a   0x0800059a   0x0000004a   Code   RO          977    .text               c_w.l(sys_stackheap_outer.o)
    0x080005e4   0x080005e4   0x00000012   Code   RO          979    .text               c_w.l(exit.o)
    0x080005f6   0x080005f6   0x00000002   PAD
    0x080005f8   0x080005f8   0x00000008   Code   RO          989    .text               c_w.l(libspace.o)
    0x08000600   0x08000600   0x0000000c   Code   RO         1045    .text               c_w.l(sys_exit.o)
    0x0800060c   0x0800060c   0x00000002   Code   RO         1068    .text               c_w.l(use_no_semi.o)
    0x0800060e   0x0800060e   0x00000000   Code   RO         1070    .text               c_w.l(indicate_semi.o)
    0x0800060e   0x0800060e   0x00000002   PAD
    0x08000610   0x08000610   0x00000002   Code   RO            8    .text.BusFault_Handler  stm32f4xx_it.o
    0x08000612   0x08000612   0x00000002   PAD
    0x08000614   0x08000614   0x00000002   Code   RO           12    .text.DebugMon_Handler  stm32f4xx_it.o
    0x08000616   0x08000616   0x00000002   PAD
    0x08000618   0x08000618   0x0000000c   Code   RO           92    .text.EXTI15_10_IRQHandler  thjoy.o
    0x08000624   0x08000624   0x00000014   Code   RO           94    .text.HAL_GPIO_EXTI_Callback  thjoy.o
    0x08000638   0x08000638   0x0000001a   Code   RO          306    .text.HAL_GPIO_EXTI_IRQHandler  stm32f4xx_hal_gpio.o
    0x08000652   0x08000652   0x00000002   PAD
    0x08000654   0x08000654   0x0000019a   Code   RO          294    .text.HAL_GPIO_Init  stm32f4xx_hal_gpio.o
    0x080007ee   0x080007ee   0x00000002   PAD
    0x080007f0   0x080007f0   0x00000010   Code   RO          302    .text.HAL_GPIO_TogglePin  stm32f4xx_hal_gpio.o
    0x08000800   0x08000800   0x0000000e   Code   RO          181    .text.HAL_GetREVID  stm32f4xx_hal.o
    0x0800080e   0x0800080e   0x00000002   PAD
    0x08000810   0x08000810   0x00000050   Code   RO           53    .text.HAL_GetTick   main.o
    0x08000860   0x08000860   0x0000002e   Code   RO          153    .text.HAL_Init      stm32f4xx_hal.o
    0x0800088e   0x0800088e   0x00000002   PAD
    0x08000890   0x08000890   0x00000050   Code   RO          155    .text.HAL_InitTick  stm32f4xx_hal.o
    0x080008e0   0x080008e0   0x00000002   Code   RO          157    .text.HAL_MspInit   stm32f4xx_hal.o
    0x080008e2   0x080008e2   0x00000002   PAD
    0x080008e4   0x080008e4   0x00000008   Code   RO          234    .text.HAL_NVIC_EnableIRQ  stm32f4xx_hal_cortex.o
    0x080008ec   0x080008ec   0x0000001e   Code   RO          226    .text.HAL_NVIC_SetPriority  stm32f4xx_hal_cortex.o
    0x0800090a   0x0800090a   0x00000002   PAD
    0x0800090c   0x0800090c   0x00000008   Code   RO          222    .text.HAL_NVIC_SetPriorityGrouping  stm32f4xx_hal_cortex.o
    0x08000914   0x08000914   0x00000160   Code   RO          390    .text.HAL_RCC_ClockConfig  stm32f4xx_hal_rcc.o
    0x08000a74   0x08000a74   0x0000006a   Code   RO          392    .text.HAL_RCC_GetSysClockFreq  stm32f4xx_hal_rcc.o
    0x08000ade   0x08000ade   0x00000002   PAD
    0x08000ae0   0x08000ae0   0x00000348   Code   RO          388    .text.HAL_RCC_OscConfig  stm32f4xx_hal_rcc.o
    0x08000e28   0x08000e28   0x00000008   Code   RO          246    .text.HAL_SYSTICK_Config  stm32f4xx_hal_cortex.o
    0x08000e30   0x08000e30   0x00000002   Code   RO            4    .text.HardFault_Handler  stm32f4xx_it.o
    0x08000e32   0x08000e32   0x00000002   PAD
    0x08000e34   0x08000e34   0x00000046   Code   RO           88    .text.InitJoy       thjoy.o
    0x08000e7a   0x08000e7a   0x00000002   PAD
    0x08000e7c   0x08000e7c   0x00000040   Code   RO           23    .text.InitLed1      thled1.o
    0x08000ebc   0x08000ebc   0x00000044   Code   RO           39    .text.InitLed3      thled3.o
    0x08000f00   0x08000f00   0x00000036   Code   RO           86    .text.Init_Thjoy    thjoy.o
    0x08000f36   0x08000f36   0x00000002   PAD
    0x08000f38   0x08000f38   0x00000036   Code   RO           21    .text.Init_Thled1   thled1.o
    0x08000f6e   0x08000f6e   0x00000002   PAD
    0x08000f70   0x08000f70   0x00000036   Code   RO           37    .text.Init_Thled3   thled3.o
    0x08000fa6   0x08000fa6   0x00000002   PAD
    0x08000fa8   0x08000fa8   0x0000002c   Code   RO           69    .text.Init_Timers   timer.o
    0x08000fd4   0x08000fd4   0x00000002   Code   RO            6    .text.MemManage_Handler  stm32f4xx_it.o
    0x08000fd6   0x08000fd6   0x00000040   Code   RO          879    .text.MessageQueueGet  RTX_CM3.lib(rtx_msgqueue.o)
    0x08001016   0x08001016   0x00000058   Code   RO          873    .text.MessageQueuePut  RTX_CM3.lib(rtx_msgqueue.o)
    0x0800106e   0x0800106e   0x0000001c   Code   RO          871    .text.MessageQueueRemove  RTX_CM3.lib(rtx_msgqueue.o)
    0x0800108a   0x0800108a   0x00000002   PAD
    0x0800108c   0x0800108c   0x00000002   Code   RO            2    .text.NMI_Handler   stm32f4xx_it.o
    0x0800108e   0x0800108e   0x00000002   PAD
    0x08001090   0x08001090   0x0000002c   Code   RO          232    .text.NVIC_EncodePriority  stm32f4xx_hal_cortex.o
    0x080010bc   0x080010bc   0x00000008   Code   RO          919    .text.OS_Tick_AcknowledgeIRQ  RTX_CM3.lib(os_systick.o)
    0x080010c4   0x080010c4   0x00000024   Code   RO          915    .text.OS_Tick_Enable  RTX_CM3.lib(os_systick.o)
    0x080010e8   0x080010e8   0x00000006   Code   RO          921    .text.OS_Tick_GetIRQn  RTX_CM3.lib(os_systick.o)
    0x080010ee   0x080010ee   0x00000002   PAD
    0x080010f0   0x080010f0   0x00000040   Code   RO          913    .text.OS_Tick_Setup  RTX_CM3.lib(os_systick.o)
    0x08001130   0x08001130   0x0000000c   Code   RO          528    .text.OUTLINED_FUNCTION_0  RTX_CM3.lib(rtx_kernel.o)
    0x0800113c   0x0800113c   0x00000006   Code   RO          668    .text.OUTLINED_FUNCTION_0  RTX_CM3.lib(rtx_thread.o)
    0x08001142   0x08001142   0x0000000c   Code   RO          887    .text.OUTLINED_FUNCTION_0  RTX_CM3.lib(rtx_msgqueue.o)
    0x0800114e   0x0800114e   0x00000006   Code   RO          530    .text.OUTLINED_FUNCTION_1  RTX_CM3.lib(rtx_kernel.o)
    0x08001154   0x08001154   0x00000006   Code   RO          889    .text.OUTLINED_FUNCTION_1  RTX_CM3.lib(rtx_msgqueue.o)
    0x0800115a   0x0800115a   0x00000002   PAD
    0x0800115c   0x0800115c   0x0000002e   Code   RO          248    .text.SysTick_Config  stm32f4xx_hal_cortex.o
    0x0800118a   0x0800118a   0x00000002   PAD
    0x0800118c   0x0800118c   0x000000a0   Code   RO           57    .text.SystemClock_Config  main.o
    0x0800122c   0x0800122c   0x0000007e   Code   RO          457    .text.SystemCoreClockUpdate  system_stm32f4xx.o
    0x080012aa   0x080012aa   0x00000002   PAD
    0x080012ac   0x080012ac   0x00000010   Code   RO          455    .text.SystemInit    system_stm32f4xx.o
    0x080012bc   0x080012bc   0x00000016   Code   RO           90    .text.Thjoy         thjoy.o
    0x080012d2   0x080012d2   0x00000002   PAD
    0x080012d4   0x080012d4   0x0000002e   Code   RO           25    .text.Thled1        thled1.o
    0x08001302   0x08001302   0x00000002   PAD
    0x08001304   0x08001304   0x00000026   Code   RO           41    .text.Thled3        thled3.o
    0x0800132a   0x0800132a   0x00000064   Code   RO          620    .text.ThreadFlagsCheck  RTX_CM3.lib(rtx_thread.o)
    0x0800138e   0x0800138e   0x00000002   PAD
    0x08001390   0x08001390   0x00000048   Code   RO           71    .text.Thtimer       timer.o
    0x080013d8   0x080013d8   0x00000024   Code   RO           73    .text.Timer1_Callback  timer.o
    0x080013fc   0x080013fc   0x00000044   Code   RO          704    .text.TimerInsert   RTX_CM3.lib(rtx_timer.o)
    0x08001440   0x08001440   0x00000024   Code   RO          712    .text.TimerRemove   RTX_CM3.lib(rtx_timer.o)
    0x08001464   0x08001464   0x00000002   Code   RO           10    .text.UsageFault_Handler  stm32f4xx_it.o
    0x08001466   0x08001466   0x00000002   PAD
    0x08001468   0x08001468   0x00000020   Code   RO          236    .text.__NVIC_EnableIRQ  stm32f4xx_hal_cortex.o
    0x08001488   0x08001488   0x00000010   Code   RO          228    .text.__NVIC_GetPriorityGrouping  stm32f4xx_hal_cortex.o
    0x08001498   0x08001498   0x00000022   Code   RO          230    .text.__NVIC_SetPriority  stm32f4xx_hal_cortex.o
    0x080014ba   0x080014ba   0x00000002   PAD
    0x080014bc   0x080014bc   0x00000020   Code   RO          224    .text.__NVIC_SetPriorityGrouping  stm32f4xx_hal_cortex.o
    0x080014dc   0x080014dc   0x0000001a   Code   RO          114    .text._mutex_acquire  rtx_lib.o
    0x080014f6   0x080014f6   0x00000002   PAD
    0x080014f8   0x080014f8   0x0000000a   Code   RO          118    .text._mutex_free   rtx_lib.o
    0x08001502   0x08001502   0x00000002   PAD
    0x08001504   0x08001504   0x00000020   Code   RO          112    .text._mutex_initialize  rtx_lib.o
    0x08001524   0x08001524   0x00000016   Code   RO          116    .text._mutex_release  rtx_lib.o
    0x0800153a   0x0800153a   0x00000002   PAD
    0x0800153c   0x0800153c   0x00000008   Code   RO          106    .text._platform_post_stackheap_init  rtx_lib.o
    0x08001544   0x08001544   0x00000026   Code   RO           55    .text.main          main.o
    0x0800156a   0x0800156a   0x00000002   PAD
    0x0800156c   0x0800156c   0x0000002c   Code   RO          480    .text.osKernelGetState  RTX_CM3.lib(rtx_kernel.o)
    0x08001598   0x08001598   0x00000028   Code   RO          496    .text.osKernelGetTickCount  RTX_CM3.lib(rtx_kernel.o)
    0x080015c0   0x080015c0   0x0000002c   Code   RO          474    .text.osKernelInitialize  RTX_CM3.lib(rtx_kernel.o)
    0x080015ec   0x080015ec   0x00000024   Code   RO          484    .text.osKernelStart  RTX_CM3.lib(rtx_kernel.o)
    0x08001610   0x08001610   0x00000070   Code   RO          847    .text.osMessageQueueGet  RTX_CM3.lib(rtx_msgqueue.o)
    0x08001680   0x08001680   0x00000080   Code   RO          845    .text.osMessageQueuePut  RTX_CM3.lib(rtx_msgqueue.o)
    0x08001700   0x08001700   0x00000024   Code   RO          736    .text.osMutexAcquire  RTX_CM3.lib(rtx_mutex.o)
    0x08001724   0x08001724   0x00000024   Code   RO          742    .text.osMutexDelete  RTX_CM3.lib(rtx_mutex.o)
    0x08001748   0x08001748   0x00000024   Code   RO          732    .text.osMutexNew    RTX_CM3.lib(rtx_mutex.o)
    0x0800176c   0x0800176c   0x00000024   Code   RO          738    .text.osMutexRelease  RTX_CM3.lib(rtx_mutex.o)
    0x08001790   0x08001790   0x00000002   Code   RO          144    .text.osRtxErrorNotify  rtx_config.o
    0x08001792   0x08001792   0x00000002   PAD
    0x08001794   0x08001794   0x00000002   Code   RO          142    .text.osRtxIdleThread  rtx_config.o
    0x08001796   0x08001796   0x00000004   Code   RO          472    .text.osRtxKernelErrorNotify  RTX_CM3.lib(rtx_kernel.o)
    0x0800179a   0x0800179a   0x00000002   Code   RO          470    .text.osRtxKernelPreInit  RTX_CM3.lib(rtx_kernel.o)
    0x0800179c   0x0800179c   0x0000006c   Code   RO          773    .text.osRtxMemoryAlloc  RTX_CM3.lib(rtx_memory.o)
    0x08001808   0x08001808   0x00000042   Code   RO          775    .text.osRtxMemoryFree  RTX_CM3.lib(rtx_memory.o)
    0x0800184a   0x0800184a   0x00000036   Code   RO          771    .text.osRtxMemoryInit  RTX_CM3.lib(rtx_memory.o)
    0x08001880   0x08001880   0x0000003a   Code   RO          787    .text.osRtxMemoryPoolAlloc  RTX_CM3.lib(rtx_mempool.o)
    0x080018ba   0x080018ba   0x0000004a   Code   RO          789    .text.osRtxMemoryPoolFree  RTX_CM3.lib(rtx_mempool.o)
    0x08001904   0x08001904   0x00000038   Code   RO          785    .text.osRtxMemoryPoolInit  RTX_CM3.lib(rtx_mempool.o)
    0x0800193c   0x0800193c   0x000000aa   Code   RO          869    .text.osRtxMessageQueuePostProcess  RTX_CM3.lib(rtx_msgqueue.o)
    0x080019e6   0x080019e6   0x00000002   PAD
    0x080019e8   0x080019e8   0x00000024   Code   RO          837    .text.osRtxMessageQueueTimerSetup  RTX_CM3.lib(rtx_msgqueue.o)
    0x08001a0c   0x08001a0c   0x00000048   Code   RO          728    .text.osRtxMutexOwnerRelease  RTX_CM3.lib(rtx_mutex.o)
    0x08001a54   0x08001a54   0x00000048   Code   RO          730    .text.osRtxMutexOwnerRestore  RTX_CM3.lib(rtx_mutex.o)
    0x08001a9c   0x08001a9c   0x00000088   Code   RO          901    .text.osRtxPendSV_Handler  RTX_CM3.lib(rtx_system.o)
    0x08001b24   0x08001b24   0x00000070   Code   RO          903    .text.osRtxPostProcess  RTX_CM3.lib(rtx_system.o)
    0x08001b94   0x08001b94   0x00000034   Code   RO          560    .text.osRtxThreadBlock  RTX_CM3.lib(rtx_thread.o)
    0x08001bc8   0x08001bc8   0x0000007c   Code   RO          568    .text.osRtxThreadDelayInsert  RTX_CM3.lib(rtx_thread.o)
    0x08001c44   0x08001c44   0x0000003c   Code   RO          564    .text.osRtxThreadDelayRemove  RTX_CM3.lib(rtx_thread.o)
    0x08001c80   0x08001c80   0x00000050   Code   RO          552    .text.osRtxThreadDelayTick  RTX_CM3.lib(rtx_thread.o)
    0x08001cd0   0x08001cd0   0x00000020   Code   RO          652    .text.osRtxThreadDestroy  RTX_CM3.lib(rtx_thread.o)
    0x08001cf0   0x08001cf0   0x00000050   Code   RO          558    .text.osRtxThreadDispatch  RTX_CM3.lib(rtx_thread.o)
    0x08001d40   0x08001d40   0x00000058   Code   RO          644    .text.osRtxThreadFree  RTX_CM3.lib(rtx_thread.o)
    0x08001d98   0x08001d98   0x0000001e   Code   RO          650    .text.osRtxThreadJoinWakeup  RTX_CM3.lib(rtx_thread.o)
    0x08001db6   0x08001db6   0x00000012   Code   RO          544    .text.osRtxThreadListGet  RTX_CM3.lib(rtx_thread.o)
    0x08001dc8   0x08001dc8   0x0000002c   Code   RO          542    .text.osRtxThreadListPut  RTX_CM3.lib(rtx_thread.o)
    0x08001df4   0x08001df4   0x00000014   Code   RO          548    .text.osRtxThreadListRemove  RTX_CM3.lib(rtx_thread.o)
    0x08001e08   0x08001e08   0x00000026   Code   RO          546    .text.osRtxThreadListSort  RTX_CM3.lib(rtx_thread.o)
    0x08001e2e   0x08001e2e   0x00000028   Code   RO          618    .text.osRtxThreadPostProcess  RTX_CM3.lib(rtx_thread.o)
    0x08001e56   0x08001e56   0x00000002   PAD
    0x08001e58   0x08001e58   0x00000014   Code   RO          550    .text.osRtxThreadReadyPut  RTX_CM3.lib(rtx_thread.o)
    0x08001e6c   0x08001e6c   0x00000006   Code   RO          554    .text.osRtxThreadRegPtr  RTX_CM3.lib(rtx_thread.o)
    0x08001e72   0x08001e72   0x00000002   PAD
    0x08001e74   0x08001e74   0x00000038   Code   RO          570    .text.osRtxThreadStartup  RTX_CM3.lib(rtx_thread.o)
    0x08001eac   0x08001eac   0x0000000c   Code   RO          556    .text.osRtxThreadSwitch  RTX_CM3.lib(rtx_thread.o)
    0x08001eb8   0x08001eb8   0x0000003c   Code   RO          566    .text.osRtxThreadWaitEnter  RTX_CM3.lib(rtx_thread.o)
    0x08001ef4   0x08001ef4   0x00000022   Code   RO          562    .text.osRtxThreadWaitExit  RTX_CM3.lib(rtx_thread.o)
    0x08001f16   0x08001f16   0x00000002   PAD
    0x08001f18   0x08001f18   0x00000074   Code   RO          899    .text.osRtxTick_Handler  RTX_CM3.lib(rtx_system.o)
    0x08001f8c   0x08001f8c   0x00000020   Code   RO          686    .text.osRtxTimerSetup  RTX_CM3.lib(rtx_timer.o)
    0x08001fac   0x08001fac   0x00000020   Code   RO          690    .text.osRtxTimerThread  RTX_CM3.lib(rtx_timer.o)
    0x08001fcc   0x08001fcc   0x00000070   Code   RO          688    .text.osRtxTimerTick  RTX_CM3.lib(rtx_timer.o)
    0x0800203c   0x0800203c   0x0000000c   Code   RO          602    .text.osThreadExit  RTX_CM3.lib(rtx_thread.o)
    0x08002048   0x08002048   0x00000058   Code   RO          610    .text.osThreadFlagsSet  RTX_CM3.lib(rtx_thread.o)
    0x080020a0   0x080020a0   0x00000024   Code   RO          616    .text.osThreadFlagsWait  RTX_CM3.lib(rtx_thread.o)
    0x080020c4   0x080020c4   0x00000024   Code   RO          574    .text.osThreadNew   RTX_CM3.lib(rtx_thread.o)
    0x080020e8   0x080020e8   0x00000024   Code   RO          592    .text.osThreadYield  RTX_CM3.lib(rtx_thread.o)
    0x0800210c   0x0800210c   0x00000024   Code   RO          692    .text.osTimerNew    RTX_CM3.lib(rtx_timer.o)
    0x08002130   0x08002130   0x00000024   Code   RO          696    .text.osTimerStart  RTX_CM3.lib(rtx_timer.o)
    0x08002154   0x08002154   0x0000001e   Code   RO          110    .text.os_kernel_is_active  rtx_lib.o
    0x08002172   0x08002172   0x00000002   PAD
    0x08002174   0x08002174   0x00000008   Code   RO          482    .text.svcRtxKernelGetState  RTX_CM3.lib(rtx_kernel.o)
    0x0800217c   0x0800217c   0x0000000c   Code   RO          498    .text.svcRtxKernelGetTickCount  RTX_CM3.lib(rtx_kernel.o)
    0x08002188   0x08002188   0x000000fc   Code   RO          512    .text.svcRtxKernelInitialize  RTX_CM3.lib(rtx_kernel.o)
    0x08002284   0x08002284   0x0000008c   Code   RO          514    .text.svcRtxKernelStart  RTX_CM3.lib(rtx_kernel.o)
    0x08002310   0x08002310   0x000000c8   Code   RO          881    .text.svcRtxMessageQueueGet  RTX_CM3.lib(rtx_msgqueue.o)
    0x080023d8   0x080023d8   0x00000118   Code   RO          839    .text.svcRtxMessageQueueNew  RTX_CM3.lib(rtx_msgqueue.o)
    0x080024f0   0x080024f0   0x000000a8   Code   RO          877    .text.svcRtxMessageQueuePut  RTX_CM3.lib(rtx_msgqueue.o)
    0x08002598   0x08002598   0x00000090   Code   RO          748    .text.svcRtxMutexAcquire  RTX_CM3.lib(rtx_mutex.o)
    0x08002628   0x08002628   0x000000ac   Code   RO          754    .text.svcRtxMutexDelete  RTX_CM3.lib(rtx_mutex.o)
    0x080026d4   0x080026d4   0x00000068   Code   RO          744    .text.svcRtxMutexNew  RTX_CM3.lib(rtx_mutex.o)
    0x0800273c   0x0800273c   0x000000b4   Code   RO          750    .text.svcRtxMutexRelease  RTX_CM3.lib(rtx_mutex.o)
    0x080027f0   0x080027f0   0x0000004c   Code   RO          648    .text.svcRtxThreadExit  RTX_CM3.lib(rtx_thread.o)
    0x0800283c   0x0800283c   0x00000066   Code   RO          660    .text.svcRtxThreadFlagsSet  RTX_CM3.lib(rtx_thread.o)
    0x080028a2   0x080028a2   0x00000002   PAD
    0x080028a4   0x080028a4   0x0000004c   Code   RO          666    .text.svcRtxThreadFlagsWait  RTX_CM3.lib(rtx_thread.o)
    0x080028f0   0x080028f0   0x000001ec   Code   RO          572    .text.svcRtxThreadNew  RTX_CM3.lib(rtx_thread.o)
    0x08002adc   0x08002adc   0x00000038   Code   RO          634    .text.svcRtxThreadYield  RTX_CM3.lib(rtx_thread.o)
    0x08002b14   0x08002b14   0x00000074   Code   RO          706    .text.svcRtxTimerNew  RTX_CM3.lib(rtx_timer.o)
    0x08002b88   0x08002b88   0x00000048   Code   RO          710    .text.svcRtxTimerStart  RTX_CM3.lib(rtx_timer.o)
    0x08002bd0   0x08002bd0   0x000000a8   Data   RO          124    .rodata             rtx_lib.o
    0x08002c78   0x08002c78   0x00000010   Data   RO          460    .rodata.AHBPrescTable  system_stm32f4xx.o
    0x08002c88   0x08002c88   0x00000004   Data   RO          126    .rodata.osRtxUserSVC  rtx_lib.o
    0x08002c8c   0x08002c8c   0x00000024   Data   RO          121    .rodata.os_idle_thread_attr  rtx_lib.o
    0x08002cb0   0x08002cb0   0x00000018   Data   RO          123    .rodata.os_timer_mq_attr  rtx_lib.o
    0x08002cc8   0x08002cc8   0x00000024   Data   RO          122    .rodata.os_timer_thread_attr  rtx_lib.o
    0x08002cec   0x08002cec   0x0000000b   Data   RO          532    .rodata.str1.4      RTX_CM3.lib(rtx_kernel.o)
    0x08002cf7   0x08002cf7   0x00000001   PAD
    0x08002cf8   0x08002cf8   0x00000020   Data   RO         1123    Region$$Table       anon$$obj.o


    Execution Region RW_IRAM1 (Exec base: 0x20000000, Load base: 0x08002d18, Size: 0x00008cc8, Max: 0x00030000, ABSOLUTE)

    Exec Addr    Load Addr    Size         Type   Attr      Idx    E Section Name        Object

    0x20000000   0x08002d18   0x00000004   Data   RW          459    .data.SystemCoreClock  system_stm32f4xx.o
    0x20000004   0x08002d1c   0x000000a4   Data   RW          533    .data.os            RTX_CM3.lib(rtx_kernel.o)
    0x200000a8   0x08002dc0   0x00000001   Data   RW          212    .data.uwTickFreq    stm32f4xx_hal.o
    0x200000a9   0x08002dc1   0x00000003   PAD
    0x200000ac   0x08002dc4   0x00000004   Data   RW          211    .data.uwTickPrio    stm32f4xx_hal.o
    0x200000b0        -       0x00000060   Zero   RW          990    .bss                c_w.l(libspace.o)
    0x20000110        -       0x00000004   Zero   RW           59    .bss.HAL_GetTick.ticks  main.o
    0x20000114        -       0x00000004   Zero   RW           76    .bss.exec1          timer.o
    0x20000118        -       0x00000018   Zero   RW           96    .bss.joystickDer    thjoy.o
    0x20000130        -       0x00000018   Zero   RW           27    .bss.led1           thled1.o
    0x20000148        -       0x00000018   Zero   RW           43    .bss.led3           thled3.o
    0x20000160        -       0x00008040   Zero   RW          120    .bss.os             rtx_lib.o
    0x200081a0        -       0x00000001   Zero   RW          931    .bss.os             RTX_CM3.lib(os_systick.o)
    0x200081a1   0x08002dc8   0x00000003   PAD
    0x200081a4        -       0x00000034   Zero   RW          131    .bss.os.msgqueue.cb  rtx_lib.o
    0x200081d8        -       0x00000050   Zero   RW          132    .bss.os.msgqueue.mem  rtx_lib.o
    0x20008228        -       0x00000088   Zero   RW          128    .bss.os.thread.cb   rtx_lib.o
    0x200082b0        -       0x00000200   Zero   RW          129    .bss.os.thread.idle.stack  rtx_lib.o
    0x200084b0        -       0x00000200   Zero   RW          130    .bss.os.thread.timer.stack  rtx_lib.o
    0x200086b0        -       0x00000001   Zero   RW          133    .bss.os_kernel_is_active.os_kernel_active  rtx_lib.o
    0x200086b1   0x08002dc8   0x00000003   PAD
    0x200086b4        -       0x00000004   Zero   RW           28    .bss.thled1         thled1.o
    0x200086b8        -       0x00000004   Zero   RW           44    .bss.thled3         thled3.o
    0x200086bc        -       0x00000004   Zero   RW           97    .bss.tid_Thjoy      thjoy.o
    0x200086c0        -       0x00000004   Zero   RW           75    .bss.tid_Thtimer    timer.o
    0x200086c4        -       0x00000004   Zero   RW           77    .bss.tim_id1        timer.o
    0x200086c8        -       0x00000200   Zero   RW          446    HEAP                startup_stm32f429xx.o
    0x200088c8        -       0x00000400   Zero   RW          445    STACK               startup_stm32f429xx.o


==============================================================================

Image component sizes


      Code (inc. data)   RO Data    RW Data    ZI Data      Debug   Object Name

       278          0          0          0          4       3450   main.o
         4          0          0          0          0        735   rtx_config.o
       128          0        268          0      34125       7387   rtx_lib.o
        64         26        428          0       1536        804   startup_stm32f429xx.o
       142          0          0          5          0       8067   stm32f4xx_hal.o
       258          0          0          0          0      11207   stm32f4xx_hal_cortex.o
       452          0          0          0          0       5529   stm32f4xx_hal_gpio.o
      1298          0          0          0          0       7655   stm32f4xx_hal_rcc.o
        12          0          0          0          0        810   stm32f4xx_it.o
       142          0         16          4          0       2841   system_stm32f4xx.o
       178          0          0          0         28       5039   thjoy.o
       164          0          0          0         28       2743   thled1.o
       160          0          0          0         28       2732   thled3.o
       152          0          0          0         12       1563   timer.o

    ----------------------------------------------------------------------
      3486         26        744         12      35764      60562   Object Totals
         0          0         32          0          0          0   (incl. Generated)
        54          0          0          3          3          0   (incl. Padding)

    ----------------------------------------------------------------------

      Code (inc. data)   RO Data    RW Data    ZI Data      Debug   Library Member Name

       148          8          0          0          0        591   irq_armv7m.o
       114         20          0          0          1       3196   os_systick.o
       600         48         11        164          0      16781   rtx_kernel.o
       228          0          0          0          0       2590   rtx_memory.o
       188          0          0          0          0      16188   rtx_mempool.o
      1292         20          0          0          0      18765   rtx_msgqueue.o
       888         28          0          0          0      10068   rtx_mutex.o
       364         14          0          0          0       5444   rtx_system.o
      2010         72          0          0          0      32441   rtx_thread.o
       540         24          0          0          0      10433   rtx_timer.o
         8          0          0          0          0         68   __main.o
         0          0          0          0          0          0   __rtentry.o
        20          0          0          0          0          0   __rtentry2.o
         6          0          0          0          0          0   __rtentry4.o
        52          8          0          0          0          0   __scatter.o
        26          0          0          0          0          0   __scatter_copy.o
        28          0          0          0          0          0   __scatter_zi.o
        18          0          0          0          0         80   exit.o
         6          0          0          0          0        152   heapauxi.o
         0          0          0          0          0          0   indicate_semi.o
         2          0          0          0          0          0   libinit.o
         2          0          0          0          0          0   libinit2.o
         2          0          0          0          0          0   libshutdown.o
         2          0          0          0          0          0   libshutdown2.o
         8          4          0          0         96         68   libspace.o
       240          0          0          0          0        100   lludivv7m.o
        68          0          0          0          0         68   rt_memclr.o
        78          0          0          0          0         80   rt_memclr_w.o
       138          0          0          0          0         68   rt_memcpy_v6.o
       100          0          0          0          0         80   rt_memcpy_w.o
         2          0          0          0          0          0   rtexit.o
        10          0          0          0          0          0   rtexit2.o
        12          4          0          0          0         68   sys_exit.o
        74          0          0          0          0         80   sys_stackheap_outer.o
         2          0          0          0          0         68   use_no_semi.o

    ----------------------------------------------------------------------
      7302        250         12        164        100     117477   Library Totals
        26          0          1          0          3          0   (incl. Padding)

    ----------------------------------------------------------------------

      Code (inc. data)   RO Data    RW Data    ZI Data      Debug   Library Name

      6372        234         11        164          1     116497   RTX_CM3.lib
       904         16          0          0         96        980   c_w.l

    ----------------------------------------------------------------------
      7302        250         12        164        100     117477   Library Totals

    ----------------------------------------------------------------------

==============================================================================


      Code (inc. data)   RO Data    RW Data    ZI Data      Debug   

     10788        276        756        176      35864     177319   Grand Totals
     10788        276        756        176      35864     177319   ELF Image Totals
     10788        276        756        176          0          0   ROM Totals

==============================================================================

    Total RO  Size (Code + RO Data)                11544 (  11.27kB)
    Total RW  Size (RW Data + ZI Data)             36040 (  35.20kB)
    Total ROM Size (Code + RO Data + RW Data)      11720 (  11.45kB)

==============================================================================

